09:14:08 [    INFO] [{'No': '1', 'params': '{\n  "token":"DEV",\n  "os":"android",\n  "ver":"9.13.3",\n  "type":"CI0033"\n}', 'Expected Result': '{"cs_app":{"uid":"82800","phone_nbr":"09278***88      ","subscrid":"14796488","api_type":"CI0033","gprs":{},"type":"P5G","ret_code":"0","primary":{"charge_fee":1199,"package_code":"SD-AC1","charge_code":"5AC","charge_description":"5G 1199型","short_desc":"1199型","msisdn":"09278***88      "}}}'}, {'No': '2', 'params': '{\n  "token":"DEV",\n  "os":"android",\n  "ver":"9.13.3",\n  "type":"CI0033"\n}', 'Expected Result': '{"cs_app":{"uid":"82800","phone_nbr":"09278***88      ","subscrid":"14796488","api_type":"CI0033","gprs":{},"type":"P5G","ret_code":"0","primary":{"charge_fee":1199,"package_code":"SD-AC1","charge_code":"5AC","charge_description":"5G 1199型","short_desc":"1199型","msisdn":"09278***88      "}}}'}, {'No': '3', 'params': '{\n  "token":"DEV",\n  "os":"android",\n  "ver":"9.13.3",\n  "type":"CI0033"\n}', 'Expected Result': '{"cs_app":{"uid":"82800","phone_nbr":"09278***88      ","subscrid":"14796488","api_type":"CI0033","gprs":{},"type":"P5G","ret_code":"0","primary":{"charge_fee":1199,"package_code":"SD-AC1","charge_code":"5AC","charge_description":"5G 1199型","short_desc":"1199型","msisdn":"09278***88      "}}}'}, {'No': '4', 'params': '{\n  "token":"DEV",\n  "os":"android",\n  "ver":"9.13.3",\n  "type":"CI0033"\n}', 'Expected Result': '{"cs_app":{"uid":"82800","phone_nbr":"09278***88      ","subscrid":"14796488","api_type":"CI0033","gprs":{},"type":"P5G","ret_code":"0","primary":{"charge_fee":1199,"package_code":"SD-AC1","charge_code":"5AC","charge_description":"5G 1199型","short_desc":"1199型","msisdn":"09278***88      "}}}'}] (get_data_from_excel.py:13)
09:14:08 [    INFO] [{'No': '1', 'params': '{\n  "token":"DEV",\n  "os":"android",\n  "action":"D",\n  "service_id":"1"\n}', 'Expected Result': '{"cs_app":{"uid":"82800","subscrid":"14796488","service_list":[{"service_id":"1","service_status":"1"}],"ret_code":"0"}}'}, {'No': '2', 'params': '{\n  "token":"DEV",\n  "os":"android",\n  "action":"D",\n  "service_id":"2"\n}', 'Expected Result': '{"cs_app":{"uid":"82800","subscrid":"14796488","service_list":[{"service_id":"2","service_status":"1"}],"ret_code":"0"}}'}, {'No': '3', 'params': '{\n  "token":"DEV",\n  "os":"android",\n  "action":"D",\n  "service_id":"3"\n}', 'Expected Result': '{"cs_app":{"uid":"82800","subscrid":"14796488","service_list":[{"service_id":"3","service_status":"1"}],"ret_code":"0"}}'}, {'No': '4', 'params': '{\n  "token":"DEV",\n  "os":"android",\n  "action":"D",\n  "service_id":"4"\n}', 'Expected Result': '{"cs_app":{"uid":"82800","subscrid":"14796488","service_list":[{"service_id":"4","service_status":"1"}],"ret_code":"0"}}'}] (get_data_from_excel.py:13)
09:14:08 [    INFO] [{'No': '1', 'params': '{\n  "token":"DEV",\n  "os":"android",\n  "ver":"9.13.3"\n}', 'Expected Result': '{"cs_app":{"uid":"82800","subscrid":"14796488","ret_code":"0","status":"N"}}'}, {'No': '2', 'params': '{\n  "token":"DEV",\n  "os":"ios",\n  "ver":"9.13.3"\n}', 'Expected Result': '{"cs_app":{"uid":"82801","subscrid":"14796488","ret_code":"0","status":"N"}}'}, {'No': '3', 'params': '{\n  "token":"DEV",\n  "os":"android",\n  "ver":"9.13.3"\n}', 'Expected Result': '{"cs_app":{"uid":"82800","subscrid":"14796488","ret_code":"0","status":"N"}}'}, {'No': '4', 'params': '{\n  "token":"DEV",\n  "os":"android",\n  "ver":"9.13.3"\n}', 'Expected Result': '{"cs_app":{"uid":"82800","subscrid":"14796488","ret_code":"0","status":"N"}}'}] (get_data_from_excel.py:13)
09:14:08 [    INFO] [{'No': '1', 'params': '{\n  "token":"DEV",\n  "os":"android",\n  "ver":"9.13.3"\n}', 'Expected Result': '{"cs_app":{"desc_data":[{"cs_seq":1232803,"service_desc":" ","cs_desc_type":"TEXT_1","service_item":"WSC83"},{"cs_seq":1232804,"service_desc":" ","cs_desc_type":"TEXT_2","service_item":"WSC83"},{"cs_seq":1232805,"service_desc":" ","cs_desc_type":"TEXT_3","service_item":"WSC83"},{"cs_seq":1232806,"service_desc":" ","cs_desc_type":"TEXT_4","service_item":"WSC83"},{"cs_seq":1232807,"service_desc":"收費說明 :1.每日總使用量低於5MB(含)，收費49元。2.每日總使用量超過5MB以上，以每KB 0.0244元計費，當日收費上限最高399元。收費提醒 :1.日期計算基準以24小時為單位，自服務申請生效開始，連續24小時為第1日，第25-48小時為第2日，以此類推。2.當日系統未收到任何使用之傳輸量記錄，則不收取任何費用。3.本服務最長可申請連續使用天數為30天。","cs_desc_type":"TEXT_5","service_item":"WSC83"},{"cs_seq":1232808,"service_desc":"貼心提醒:1.已申請國內微量上網方案且在服務效期內，將無法使用漫遊上網功能及申辦漫遊上網服務(日租型/計量型)，如有漫遊上網需求者，請洽188客服。2.本服務於開通成功、結束前、結束後，將貼心發送簡訊通知用戶。3.服務實際生效時間請以簡訊內容為主。4.提醒簡訊接收狀況需視漫遊國之漫遊網訊號情況而定。5. 服務生效時，同時開啟國際漫遊上網功能，服務結束後，主動關閉國際漫遊上網功能 。","cs_desc_type":"TEXT_6","service_item":"WSC83"},{"cs_seq":1232809,"service_desc":"提醒您！ 1.服務實際生效時間，請以簡訊內容為主。 2.漫遊行動上網日租型服務生效後，請記得關機再重新開機。","cs_desc_type":"TEXT_7","service_item":"WSC83"},{"cs_seq":1232810,"service_desc":"提醒您：1.服務正式啟用時間請以簡訊內容為主，起迄時間的計算，皆以台灣時間為主。2.漫遊行動上網日租型服務生效後，請記得關機再重新開機。3.服務生效時，同時開啟國際漫遊上網功能，服務結束後，主動關閉國際漫遊上網功能，已申請不主動關閉漫遊上網服務的用戶，日租型/計量型服務結束後系統不會主動關閉漫遊上網。","cs_desc_type":"TEXT_8","service_item":"WSC83"},{"cs_seq":1232802,"service_desc":"漫遊上網日租型","cs_desc_type":"TEXT_0","service_item":"WSC83"}],"ANLMN_status":"Y","ret_code":"0","status":"N"}}'}, {'No': '2', 'params': '{\n  "token":"DEV",\n  "os":"ios",\n  "ver":"9.13.3"\n}', 'Expected Result': '{"cs_app":{"desc_data":[{"cs_seq":1232803,"service_desc":" ","cs_desc_type":"TEXT_1","service_item":"WSC83"},{"cs_seq":1232804,"service_desc":" ","cs_desc_type":"TEXT_2","service_item":"WSC83"},{"cs_seq":1232805,"service_desc":" ","cs_desc_type":"TEXT_3","service_item":"WSC83"},{"cs_seq":1232806,"service_desc":" ","cs_desc_type":"TEXT_4","service_item":"WSC83"},{"cs_seq":1232807,"service_desc":"收費說明 :1.每日總使用量低於5MB(含)，收費49元。2.每日總使用量超過5MB以上，以每KB 0.0244元計費，當日收費上限最高399元。收費提醒 :1.日期計算基準以24小時為單位，自服務申請生效開始，連續24小時為第1日，第25-48小時為第2日，以此類推。2.當日系統未收到任何使用之傳輸量記錄，則不收取任何費用。3.本服務最長可申請連續使用天數為30天。","cs_desc_type":"TEXT_5","service_item":"WSC83"},{"cs_seq":1232808,"service_desc":"貼心提醒:1.已申請國內微量上網方案且在服務效期內，將無法使用漫遊上網功能及申辦漫遊上網服務(日租型/計量型)，如有漫遊上網需求者，請洽188客服。2.本服務於開通成功、結束前、結束後，將貼心發送簡訊通知用戶。3.服務實際生效時間請以簡訊內容為主。4.提醒簡訊接收狀況需視漫遊國之漫遊網訊號情況而定。5. 服務生效時，同時開啟國際漫遊上網功能，服務結束後，主動關閉國際漫遊上網功能 。","cs_desc_type":"TEXT_6","service_item":"WSC83"},{"cs_seq":1232809,"service_desc":"提醒您！ 1.服務實際生效時間，請以簡訊內容為主。 2.漫遊行動上網日租型服務生效後，請記得關機再重新開機。","cs_desc_type":"TEXT_7","service_item":"WSC83"},{"cs_seq":1232810,"service_desc":"提醒您：1.服務正式啟用時間請以簡訊內容為主，起迄時間的計算，皆以台灣時間為主。2.漫遊行動上網日租型服務生效後，請記得關機再重新開機。3.服務生效時，同時開啟國際漫遊上網功能，服務結束後，主動關閉國際漫遊上網功能，已申請不主動關閉漫遊上網服務的用戶，日租型/計量型服務結束後系統不會主動關閉漫遊上網。","cs_desc_type":"TEXT_8","service_item":"WSC83"},{"cs_seq":1232802,"service_desc":"漫遊上網日租型","cs_desc_type":"TEXT_0","service_item":"WSC83"}],"ANLMN_status":"Y","ret_code":"0","status":"N"}}'}, {'No': '3', 'params': '{\n  "token":"DEV",\n  "os":"android",\n  "ver":"9.13.3"\n}', 'Expected Result': '{"cs_app":{"desc_data":[{"cs_seq":1232803,"service_desc":" ","cs_desc_type":"TEXT_1","service_item":"WSC83"},{"cs_seq":1232804,"service_desc":" ","cs_desc_type":"TEXT_2","service_item":"WSC83"},{"cs_seq":1232805,"service_desc":" ","cs_desc_type":"TEXT_3","service_item":"WSC83"},{"cs_seq":1232806,"service_desc":" ","cs_desc_type":"TEXT_4","service_item":"WSC83"},{"cs_seq":1232807,"service_desc":"收費說明 :1.每日總使用量低於5MB(含)，收費49元。2.每日總使用量超過5MB以上，以每KB 0.0244元計費，當日收費上限最高399元。收費提醒 :1.日期計算基準以24小時為單位，自服務申請生效開始，連續24小時為第1日，第25-48小時為第2日，以此類推。2.當日系統未收到任何使用之傳輸量記錄，則不收取任何費用。3.本服務最長可申請連續使用天數為30天。","cs_desc_type":"TEXT_5","service_item":"WSC83"},{"cs_seq":1232808,"service_desc":"貼心提醒:1.已申請國內微量上網方案且在服務效期內，將無法使用漫遊上網功能及申辦漫遊上網服務(日租型/計量型)，如有漫遊上網需求者，請洽188客服。2.本服務於開通成功、結束前、結束後，將貼心發送簡訊通知用戶。3.服務實際生效時間請以簡訊內容為主。4.提醒簡訊接收狀況需視漫遊國之漫遊網訊號情況而定。5. 服務生效時，同時開啟國際漫遊上網功能，服務結束後，主動關閉國際漫遊上網功能 。","cs_desc_type":"TEXT_6","service_item":"WSC83"},{"cs_seq":1232809,"service_desc":"提醒您！ 1.服務實際生效時間，請以簡訊內容為主。 2.漫遊行動上網日租型服務生效後，請記得關機再重新開機。","cs_desc_type":"TEXT_7","service_item":"WSC83"},{"cs_seq":1232810,"service_desc":"提醒您：1.服務正式啟用時間請以簡訊內容為主，起迄時間的計算，皆以台灣時間為主。2.漫遊行動上網日租型服務生效後，請記得關機再重新開機。3.服務生效時，同時開啟國際漫遊上網功能，服務結束後，主動關閉國際漫遊上網功能，已申請不主動關閉漫遊上網服務的用戶，日租型/計量型服務結束後系統不會主動關閉漫遊上網。","cs_desc_type":"TEXT_8","service_item":"WSC83"},{"cs_seq":1232802,"service_desc":"漫遊上網日租型","cs_desc_type":"TEXT_0","service_item":"WSC83"}],"ANLMN_status":"Y","ret_code":"0","status":"N"}}'}] (get_data_from_excel.py:13)
09:14:08 [    INFO] [{'No': '1', 'params': '{\n  "token":"DEV",\n  "os":"android",\n  "ver":"9.13.3",\n  "type":"RP0046",\n  "svc_item":"WS908",\n  "action":"A"\n}', 'Expected Result': '{"cs_app":{"uid":"82800","subscrid":"14796488","api_type":"RP0046","errMsg":"com.twm.cs.domain.exception.JDBCAPIException: errApi:WT33/errMsg:漫遊行動上網計日型5日(WS908)與漫遊上網計日型_日租型(WSE42)為互斥，不可同時申請!}]","ret_code":"9","errMsgDesc":"加購失敗：請確認您已生效漫遊上網方案；若有疑問，請洽188客服中心，海外請撥漫遊免費客服電話+886935120520"}}'}, {'No': '2', 'params': '{\n  "token":"DEV",\n  "os":"android",\n  "ver":"9.13.3",\n  "type":"RP0046",\n  "svc_item":"WS908",\n  "action":"A"\n}', 'Expected Result': '{"cs_app":{"uid":"82800","subscrid":"14796488","api_type":"RP0046","errMsg":"com.twm.cs.domain.exception.JDBCAPIException: errApi:WT33/errMsg:此項服務必須有3GCAS_行動上網或BBNET_BlackBerry或3DVPA_企業MDVPN II(vpn2,internet,mms)之服務項目,方可申請!!}]","ret_code":"9","errMsgDesc":"加購失敗：請確認您已生效漫遊上網方案；若有疑問，請洽188客服中心，海外請撥漫遊免費客服電話+886935120520"}}'}, {'No': '3', 'params': '{\n  "token":"DEV",\n  "os":"android",\n  "ver":"9.13.3",\n  "type":"RP0046",\n  "svc_item":"WS908",\n  "action":"A"\n}', 'Expected Result': '{"cs_app":{"uid":"82800","subscrid":"14796488","api_type":"RP0046","errMsg":"com.twm.cs.domain.exception.JDBCAPIException: errApi:WT33/errMsg:此項服務必須有3GCAS_行動上網或BBNET_BlackBerry或3DVPA_企業MDVPN II(vpn2,internet,mms)之服務項目,方可申請!!}]","ret_code":"9","errMsgDesc":"加購失敗：請確認您已生效漫遊上網方案；若有疑問，請洽188客服中心，海外請撥漫遊免費客服電話+886935120520"}}'}] (get_data_from_excel.py:13)
09:14:09 [    INFO] Sending API request with parameters:
{
  "token":"DEV",
  "os":"android",
  "ver":"9.13.3",
  "type":"CI0033"
}
 (test_CustomerInfoAPIs.py:30)
09:14:09 [    INFO] Request method: get (api_utils.py:14)
09:14:09 [    INFO] Request URL: http://csappstage.catch.net.tw/cs/API/CustomerInfo (api_utils.py:15)
09:14:09 [    INFO] Request headers: {'User-Agent': 'python-requests/2.32.3', 'Accept-Encoding': 'gzip, deflate', 'Accept': '*/*', 'Connection': 'keep-alive'} (api_utils.py:17)
09:14:09 [    INFO] Request Json body: null (api_utils.py:20)
09:14:09 [    INFO] Response headers: {'X-Frame-Options': 'SAMEORIGIN', 'X-XSS-Protection': '1; mode=block', 'Cache-Control': 'no-cache, no-store, must-revalidate', 'Pragma': 'no-cache', 'X-Content-Type-Options': 'nosniff', 'Content-Type': 'text/html;charset=UTF-8', 'Date': 'Wed, 13 Nov 2024 01:14:09 GMT', 'Server': '', 'Content-Length': '293', 'Age': '0', 'Connection': 'keep-alive', 'Via': '1.1 TWM-WCG-SVR3'} (api_utils.py:23)
09:14:09 [    INFO] Response code: 200 (api_utils.py:24)
09:14:09 [    INFO] Response: {
    "cs_app": {
        "api_type": "CI0033",
        "gprs": {},
        "phone_nbr": "09278***88      ",
        "primary": {
            "charge_code": "5AB",
            "charge_description": "5G 999型",
            "charge_fee": 999,
            "msisdn": "09278***88      ",
            "package_code": "SD-AB1",
            "short_desc": "999型"
        },
        "ret_code": "0",
        "subscrid": "14796488",
        "type": "P5G",
        "uid": "82800"
    }
} (api_utils.py:28)
09:14:09 [    INFO] Generated URL: http://csappstage.catch.net.tw/cs/API/CustomerInfo (CustomerInfoAPIs.py:15)
09:14:09 [   ERROR] [資料比對失敗:],
 expected: "\"{\\\"cs_app\\\":{\\\"uid\\\":\\\"82800\\\",\\\"phone_nbr\\\":\\\"09278***88      \\\",\\\"subscrid\\\":\\\"14796488\\\",\\\"api_type\\\":\\\"CI0033\\\",\\\"gprs\\\":{},\\\"type\\\":\\\"P5G\\\",\\\"ret_code\\\":\\\"0\\\",\\\"primary\\\":{\\\"charge_fee\\\":1199,\\\"package_code\\\":\\\"SD-AC1\\\",\\\"charge_code\\\":\\\"5AC\\\",\\\"charge_description\\\":\\\"5G 1199\\u578b\\\",\\\"short_desc\\\":\\\"1199\\u578b\\\",\\\"msisdn\\\":\\\"09278***88      \\\"}}}\"", 
 but actual: "\"{\\\"cs_app\\\":{\\\"uid\\\":\\\"82800\\\",\\\"phone_nbr\\\":\\\"09278***88      \\\",\\\"subscrid\\\":\\\"14796488\\\",\\\"api_type\\\":\\\"CI0033\\\",\\\"gprs\\\":{},\\\"type\\\":\\\"P5G\\\",\\\"ret_code\\\":\\\"0\\\",\\\"primary\\\":{\\\"charge_fee\\\":999,\\\"package_code\\\":\\\"SD-AB1\\\",\\\"charge_code\\\":\\\"5AB\\\",\\\"charge_description\\\":\\\"5G 999\\u578b\\\",\\\"short_desc\\\":\\\"999\\u578b\\\",\\\"msisdn\\\":\\\"09278***88      \\\"}}}\"" (test_CustomerInfoAPIs.py:50)
09:14:09 [   ERROR] error：[資料比對失敗], expected: "{\"cs_app\":{\"uid\":\"82800\",\"phone_nbr\":\"09278***88      \",\"subscrid\":\"14796488\",\"api_type\":\"CI0033\",\"gprs\":{},\"type\":\"P5G\",\"ret_code\":\"0\",\"primary\":{\"charge_fee\":1199,\"package_code\":\"SD-AC1\",\"charge_code\":\"5AC\",\"charge_description\":\"5G 1199\u578b\",\"short_desc\":\"1199\u578b\",\"msisdn\":\"09278***88      \"}}}", but actual: "{\"cs_app\":{\"uid\":\"82800\",\"phone_nbr\":\"09278***88      \",\"subscrid\":\"14796488\",\"api_type\":\"CI0033\",\"gprs\":{},\"type\":\"P5G\",\"ret_code\":\"0\",\"primary\":{\"charge_fee\":999,\"package_code\":\"SD-AB1\",\"charge_code\":\"5AB\",\"charge_description\":\"5G 999\u578b\",\"short_desc\":\"999\u578b\",\"msisdn\":\"09278***88      \"}}}" (test_CustomerInfoAPIs.py:57)
Traceback (most recent call last):
  File "C:\CSAPP-main\CSAPP-main\test_APIs\test_CustomerInfoAPIs.py", line 51, in test_CustomerInfoAPIs
    assert ObjectUtils.equal_str("資料比對失敗", excel_data , response_data)
  File "C:\CSAPP-main\CSAPP-main\utils\object_utils.py", line 4, in equal_str
    assert str(exp_value) == str(act_value), f"[{key}], expected: {exp_value}, but actual: {act_value}"
           ^^^^^^^^^^^^^^^^^^^^^^^^^^^^^^^^
AssertionError: [資料比對失敗], expected: "{\"cs_app\":{\"uid\":\"82800\",\"phone_nbr\":\"09278***88      \",\"subscrid\":\"14796488\",\"api_type\":\"CI0033\",\"gprs\":{},\"type\":\"P5G\",\"ret_code\":\"0\",\"primary\":{\"charge_fee\":1199,\"package_code\":\"SD-AC1\",\"charge_code\":\"5AC\",\"charge_description\":\"5G 1199\u578b\",\"short_desc\":\"1199\u578b\",\"msisdn\":\"09278***88      \"}}}", but actual: "{\"cs_app\":{\"uid\":\"82800\",\"phone_nbr\":\"09278***88      \",\"subscrid\":\"14796488\",\"api_type\":\"CI0033\",\"gprs\":{},\"type\":\"P5G\",\"ret_code\":\"0\",\"primary\":{\"charge_fee\":999,\"package_code\":\"SD-AB1\",\"charge_code\":\"5AB\",\"charge_description\":\"5G 999\u578b\",\"short_desc\":\"999\u578b\",\"msisdn\":\"09278***88      \"}}}"
09:14:09 [    INFO] Test 1 END 
================================================================================================================================ (test_CustomerInfoAPIs.py:62)
09:14:09 [    INFO] Sending API request with parameters:
{
  "token":"DEV",
  "os":"android",
  "ver":"9.13.3",
  "type":"CI0033"
}
 (test_CustomerInfoAPIs.py:30)
09:14:09 [    INFO] Request method: get (api_utils.py:14)
09:14:09 [    INFO] Request URL: http://csappstage.catch.net.tw/cs/API/CustomerInfo (api_utils.py:15)
09:14:09 [    INFO] Request headers: {'User-Agent': 'python-requests/2.32.3', 'Accept-Encoding': 'gzip, deflate', 'Accept': '*/*', 'Connection': 'keep-alive'} (api_utils.py:17)
09:14:09 [    INFO] Request Json body: null (api_utils.py:20)
09:14:09 [    INFO] Response headers: {'X-Frame-Options': 'SAMEORIGIN', 'X-XSS-Protection': '1; mode=block', 'Cache-Control': 'no-cache, no-store, must-revalidate', 'Pragma': 'no-cache', 'X-Content-Type-Options': 'nosniff', 'Content-Type': 'text/html;charset=UTF-8', 'Date': 'Wed, 13 Nov 2024 01:14:09 GMT', 'Server': '', 'Content-Length': '293', 'Age': '0', 'Connection': 'keep-alive', 'Via': '1.1 TWM-WCG-SVR3'} (api_utils.py:23)
09:14:09 [    INFO] Response code: 200 (api_utils.py:24)
09:14:09 [    INFO] Response: {
    "cs_app": {
        "api_type": "CI0033",
        "gprs": {},
        "phone_nbr": "09278***88      ",
        "primary": {
            "charge_code": "5AB",
            "charge_description": "5G 999型",
            "charge_fee": 999,
            "msisdn": "09278***88      ",
            "package_code": "SD-AB1",
            "short_desc": "999型"
        },
        "ret_code": "0",
        "subscrid": "14796488",
        "type": "P5G",
        "uid": "82800"
    }
} (api_utils.py:28)
09:14:09 [    INFO] Generated URL: http://csappstage.catch.net.tw/cs/API/CustomerInfo (CustomerInfoAPIs.py:15)
09:14:09 [   ERROR] [資料比對失敗:],
 expected: "\"{\\\"cs_app\\\":{\\\"uid\\\":\\\"82800\\\",\\\"phone_nbr\\\":\\\"09278***88      \\\",\\\"subscrid\\\":\\\"14796488\\\",\\\"api_type\\\":\\\"CI0033\\\",\\\"gprs\\\":{},\\\"type\\\":\\\"P5G\\\",\\\"ret_code\\\":\\\"0\\\",\\\"primary\\\":{\\\"charge_fee\\\":1199,\\\"package_code\\\":\\\"SD-AC1\\\",\\\"charge_code\\\":\\\"5AC\\\",\\\"charge_description\\\":\\\"5G 1199\\u578b\\\",\\\"short_desc\\\":\\\"1199\\u578b\\\",\\\"msisdn\\\":\\\"09278***88      \\\"}}}\"", 
 but actual: "\"{\\\"cs_app\\\":{\\\"uid\\\":\\\"82800\\\",\\\"phone_nbr\\\":\\\"09278***88      \\\",\\\"subscrid\\\":\\\"14796488\\\",\\\"api_type\\\":\\\"CI0033\\\",\\\"gprs\\\":{},\\\"type\\\":\\\"P5G\\\",\\\"ret_code\\\":\\\"0\\\",\\\"primary\\\":{\\\"charge_fee\\\":999,\\\"package_code\\\":\\\"SD-AB1\\\",\\\"charge_code\\\":\\\"5AB\\\",\\\"charge_description\\\":\\\"5G 999\\u578b\\\",\\\"short_desc\\\":\\\"999\\u578b\\\",\\\"msisdn\\\":\\\"09278***88      \\\"}}}\"" (test_CustomerInfoAPIs.py:50)
09:14:09 [   ERROR] error：[資料比對失敗], expected: "{\"cs_app\":{\"uid\":\"82800\",\"phone_nbr\":\"09278***88      \",\"subscrid\":\"14796488\",\"api_type\":\"CI0033\",\"gprs\":{},\"type\":\"P5G\",\"ret_code\":\"0\",\"primary\":{\"charge_fee\":1199,\"package_code\":\"SD-AC1\",\"charge_code\":\"5AC\",\"charge_description\":\"5G 1199\u578b\",\"short_desc\":\"1199\u578b\",\"msisdn\":\"09278***88      \"}}}", but actual: "{\"cs_app\":{\"uid\":\"82800\",\"phone_nbr\":\"09278***88      \",\"subscrid\":\"14796488\",\"api_type\":\"CI0033\",\"gprs\":{},\"type\":\"P5G\",\"ret_code\":\"0\",\"primary\":{\"charge_fee\":999,\"package_code\":\"SD-AB1\",\"charge_code\":\"5AB\",\"charge_description\":\"5G 999\u578b\",\"short_desc\":\"999\u578b\",\"msisdn\":\"09278***88      \"}}}" (test_CustomerInfoAPIs.py:57)
Traceback (most recent call last):
  File "C:\CSAPP-main\CSAPP-main\test_APIs\test_CustomerInfoAPIs.py", line 51, in test_CustomerInfoAPIs
    assert ObjectUtils.equal_str("資料比對失敗", excel_data , response_data)
  File "C:\CSAPP-main\CSAPP-main\utils\object_utils.py", line 4, in equal_str
    assert str(exp_value) == str(act_value), f"[{key}], expected: {exp_value}, but actual: {act_value}"
           ^^^^^^^^^^^^^^^^^^^^^^^^^^^^^^^^
AssertionError: [資料比對失敗], expected: "{\"cs_app\":{\"uid\":\"82800\",\"phone_nbr\":\"09278***88      \",\"subscrid\":\"14796488\",\"api_type\":\"CI0033\",\"gprs\":{},\"type\":\"P5G\",\"ret_code\":\"0\",\"primary\":{\"charge_fee\":1199,\"package_code\":\"SD-AC1\",\"charge_code\":\"5AC\",\"charge_description\":\"5G 1199\u578b\",\"short_desc\":\"1199\u578b\",\"msisdn\":\"09278***88      \"}}}", but actual: "{\"cs_app\":{\"uid\":\"82800\",\"phone_nbr\":\"09278***88      \",\"subscrid\":\"14796488\",\"api_type\":\"CI0033\",\"gprs\":{},\"type\":\"P5G\",\"ret_code\":\"0\",\"primary\":{\"charge_fee\":999,\"package_code\":\"SD-AB1\",\"charge_code\":\"5AB\",\"charge_description\":\"5G 999\u578b\",\"short_desc\":\"999\u578b\",\"msisdn\":\"09278***88      \"}}}"
09:14:09 [    INFO] Test 2 END 
================================================================================================================================ (test_CustomerInfoAPIs.py:62)
09:14:09 [    INFO] Sending API request with parameters:
{
  "token":"DEV",
  "os":"android",
  "ver":"9.13.3",
  "type":"CI0033"
}
 (test_CustomerInfoAPIs.py:30)
09:14:09 [    INFO] Request method: get (api_utils.py:14)
09:14:09 [    INFO] Request URL: http://csappstage.catch.net.tw/cs/API/CustomerInfo (api_utils.py:15)
09:14:09 [    INFO] Request headers: {'User-Agent': 'python-requests/2.32.3', 'Accept-Encoding': 'gzip, deflate', 'Accept': '*/*', 'Connection': 'keep-alive'} (api_utils.py:17)
09:14:09 [    INFO] Request Json body: null (api_utils.py:20)
09:14:09 [    INFO] Response headers: {'X-Frame-Options': 'SAMEORIGIN', 'X-XSS-Protection': '1; mode=block', 'Cache-Control': 'no-cache, no-store, must-revalidate', 'Pragma': 'no-cache', 'X-Content-Type-Options': 'nosniff', 'Content-Type': 'text/html;charset=UTF-8', 'Date': 'Wed, 13 Nov 2024 01:14:09 GMT', 'Server': '', 'Content-Length': '293', 'Age': '0', 'Connection': 'keep-alive', 'Via': '1.1 TWM-WCG-SVR3'} (api_utils.py:23)
09:14:09 [    INFO] Response code: 200 (api_utils.py:24)
09:14:09 [    INFO] Response: {
    "cs_app": {
        "api_type": "CI0033",
        "gprs": {},
        "phone_nbr": "09278***88      ",
        "primary": {
            "charge_code": "5AB",
            "charge_description": "5G 999型",
            "charge_fee": 999,
            "msisdn": "09278***88      ",
            "package_code": "SD-AB1",
            "short_desc": "999型"
        },
        "ret_code": "0",
        "subscrid": "14796488",
        "type": "P5G",
        "uid": "82800"
    }
} (api_utils.py:28)
09:14:09 [    INFO] Generated URL: http://csappstage.catch.net.tw/cs/API/CustomerInfo (CustomerInfoAPIs.py:15)
09:14:09 [   ERROR] [資料比對失敗:],
 expected: "\"{\\\"cs_app\\\":{\\\"uid\\\":\\\"82800\\\",\\\"phone_nbr\\\":\\\"09278***88      \\\",\\\"subscrid\\\":\\\"14796488\\\",\\\"api_type\\\":\\\"CI0033\\\",\\\"gprs\\\":{},\\\"type\\\":\\\"P5G\\\",\\\"ret_code\\\":\\\"0\\\",\\\"primary\\\":{\\\"charge_fee\\\":1199,\\\"package_code\\\":\\\"SD-AC1\\\",\\\"charge_code\\\":\\\"5AC\\\",\\\"charge_description\\\":\\\"5G 1199\\u578b\\\",\\\"short_desc\\\":\\\"1199\\u578b\\\",\\\"msisdn\\\":\\\"09278***88      \\\"}}}\"", 
 but actual: "\"{\\\"cs_app\\\":{\\\"uid\\\":\\\"82800\\\",\\\"phone_nbr\\\":\\\"09278***88      \\\",\\\"subscrid\\\":\\\"14796488\\\",\\\"api_type\\\":\\\"CI0033\\\",\\\"gprs\\\":{},\\\"type\\\":\\\"P5G\\\",\\\"ret_code\\\":\\\"0\\\",\\\"primary\\\":{\\\"charge_fee\\\":999,\\\"package_code\\\":\\\"SD-AB1\\\",\\\"charge_code\\\":\\\"5AB\\\",\\\"charge_description\\\":\\\"5G 999\\u578b\\\",\\\"short_desc\\\":\\\"999\\u578b\\\",\\\"msisdn\\\":\\\"09278***88      \\\"}}}\"" (test_CustomerInfoAPIs.py:50)
09:14:09 [   ERROR] error：[資料比對失敗], expected: "{\"cs_app\":{\"uid\":\"82800\",\"phone_nbr\":\"09278***88      \",\"subscrid\":\"14796488\",\"api_type\":\"CI0033\",\"gprs\":{},\"type\":\"P5G\",\"ret_code\":\"0\",\"primary\":{\"charge_fee\":1199,\"package_code\":\"SD-AC1\",\"charge_code\":\"5AC\",\"charge_description\":\"5G 1199\u578b\",\"short_desc\":\"1199\u578b\",\"msisdn\":\"09278***88      \"}}}", but actual: "{\"cs_app\":{\"uid\":\"82800\",\"phone_nbr\":\"09278***88      \",\"subscrid\":\"14796488\",\"api_type\":\"CI0033\",\"gprs\":{},\"type\":\"P5G\",\"ret_code\":\"0\",\"primary\":{\"charge_fee\":999,\"package_code\":\"SD-AB1\",\"charge_code\":\"5AB\",\"charge_description\":\"5G 999\u578b\",\"short_desc\":\"999\u578b\",\"msisdn\":\"09278***88      \"}}}" (test_CustomerInfoAPIs.py:57)
Traceback (most recent call last):
  File "C:\CSAPP-main\CSAPP-main\test_APIs\test_CustomerInfoAPIs.py", line 51, in test_CustomerInfoAPIs
    assert ObjectUtils.equal_str("資料比對失敗", excel_data , response_data)
  File "C:\CSAPP-main\CSAPP-main\utils\object_utils.py", line 4, in equal_str
    assert str(exp_value) == str(act_value), f"[{key}], expected: {exp_value}, but actual: {act_value}"
           ^^^^^^^^^^^^^^^^^^^^^^^^^^^^^^^^
AssertionError: [資料比對失敗], expected: "{\"cs_app\":{\"uid\":\"82800\",\"phone_nbr\":\"09278***88      \",\"subscrid\":\"14796488\",\"api_type\":\"CI0033\",\"gprs\":{},\"type\":\"P5G\",\"ret_code\":\"0\",\"primary\":{\"charge_fee\":1199,\"package_code\":\"SD-AC1\",\"charge_code\":\"5AC\",\"charge_description\":\"5G 1199\u578b\",\"short_desc\":\"1199\u578b\",\"msisdn\":\"09278***88      \"}}}", but actual: "{\"cs_app\":{\"uid\":\"82800\",\"phone_nbr\":\"09278***88      \",\"subscrid\":\"14796488\",\"api_type\":\"CI0033\",\"gprs\":{},\"type\":\"P5G\",\"ret_code\":\"0\",\"primary\":{\"charge_fee\":999,\"package_code\":\"SD-AB1\",\"charge_code\":\"5AB\",\"charge_description\":\"5G 999\u578b\",\"short_desc\":\"999\u578b\",\"msisdn\":\"09278***88      \"}}}"
09:14:09 [    INFO] Test 3 END 
================================================================================================================================ (test_CustomerInfoAPIs.py:62)
09:14:09 [    INFO] Sending API request with parameters:
{
  "token":"DEV",
  "os":"android",
  "ver":"9.13.3",
  "type":"CI0033"
}
 (test_CustomerInfoAPIs.py:30)
09:14:09 [    INFO] Request method: get (api_utils.py:14)
09:14:09 [    INFO] Request URL: http://csappstage.catch.net.tw/cs/API/CustomerInfo (api_utils.py:15)
09:14:09 [    INFO] Request headers: {'User-Agent': 'python-requests/2.32.3', 'Accept-Encoding': 'gzip, deflate', 'Accept': '*/*', 'Connection': 'keep-alive'} (api_utils.py:17)
09:14:09 [    INFO] Request Json body: null (api_utils.py:20)
09:14:09 [    INFO] Response headers: {'X-Frame-Options': 'SAMEORIGIN', 'X-XSS-Protection': '1; mode=block', 'Cache-Control': 'no-cache, no-store, must-revalidate', 'Pragma': 'no-cache', 'X-Content-Type-Options': 'nosniff', 'Content-Type': 'text/html;charset=UTF-8', 'Date': 'Wed, 13 Nov 2024 01:14:09 GMT', 'Server': '', 'Content-Length': '293', 'Age': '0', 'Connection': 'keep-alive', 'Via': '1.1 TWM-WCG-SVR3'} (api_utils.py:23)
09:14:09 [    INFO] Response code: 200 (api_utils.py:24)
09:14:09 [    INFO] Response: {
    "cs_app": {
        "api_type": "CI0033",
        "gprs": {},
        "phone_nbr": "09278***88      ",
        "primary": {
            "charge_code": "5AB",
            "charge_description": "5G 999型",
            "charge_fee": 999,
            "msisdn": "09278***88      ",
            "package_code": "SD-AB1",
            "short_desc": "999型"
        },
        "ret_code": "0",
        "subscrid": "14796488",
        "type": "P5G",
        "uid": "82800"
    }
} (api_utils.py:28)
09:14:09 [    INFO] Generated URL: http://csappstage.catch.net.tw/cs/API/CustomerInfo (CustomerInfoAPIs.py:15)
09:14:09 [   ERROR] [資料比對失敗:],
 expected: "\"{\\\"cs_app\\\":{\\\"uid\\\":\\\"82800\\\",\\\"phone_nbr\\\":\\\"09278***88      \\\",\\\"subscrid\\\":\\\"14796488\\\",\\\"api_type\\\":\\\"CI0033\\\",\\\"gprs\\\":{},\\\"type\\\":\\\"P5G\\\",\\\"ret_code\\\":\\\"0\\\",\\\"primary\\\":{\\\"charge_fee\\\":1199,\\\"package_code\\\":\\\"SD-AC1\\\",\\\"charge_code\\\":\\\"5AC\\\",\\\"charge_description\\\":\\\"5G 1199\\u578b\\\",\\\"short_desc\\\":\\\"1199\\u578b\\\",\\\"msisdn\\\":\\\"09278***88      \\\"}}}\"", 
 but actual: "\"{\\\"cs_app\\\":{\\\"uid\\\":\\\"82800\\\",\\\"phone_nbr\\\":\\\"09278***88      \\\",\\\"subscrid\\\":\\\"14796488\\\",\\\"api_type\\\":\\\"CI0033\\\",\\\"gprs\\\":{},\\\"type\\\":\\\"P5G\\\",\\\"ret_code\\\":\\\"0\\\",\\\"primary\\\":{\\\"charge_fee\\\":999,\\\"package_code\\\":\\\"SD-AB1\\\",\\\"charge_code\\\":\\\"5AB\\\",\\\"charge_description\\\":\\\"5G 999\\u578b\\\",\\\"short_desc\\\":\\\"999\\u578b\\\",\\\"msisdn\\\":\\\"09278***88      \\\"}}}\"" (test_CustomerInfoAPIs.py:50)
09:14:09 [   ERROR] error：[資料比對失敗], expected: "{\"cs_app\":{\"uid\":\"82800\",\"phone_nbr\":\"09278***88      \",\"subscrid\":\"14796488\",\"api_type\":\"CI0033\",\"gprs\":{},\"type\":\"P5G\",\"ret_code\":\"0\",\"primary\":{\"charge_fee\":1199,\"package_code\":\"SD-AC1\",\"charge_code\":\"5AC\",\"charge_description\":\"5G 1199\u578b\",\"short_desc\":\"1199\u578b\",\"msisdn\":\"09278***88      \"}}}", but actual: "{\"cs_app\":{\"uid\":\"82800\",\"phone_nbr\":\"09278***88      \",\"subscrid\":\"14796488\",\"api_type\":\"CI0033\",\"gprs\":{},\"type\":\"P5G\",\"ret_code\":\"0\",\"primary\":{\"charge_fee\":999,\"package_code\":\"SD-AB1\",\"charge_code\":\"5AB\",\"charge_description\":\"5G 999\u578b\",\"short_desc\":\"999\u578b\",\"msisdn\":\"09278***88      \"}}}" (test_CustomerInfoAPIs.py:57)
Traceback (most recent call last):
  File "C:\CSAPP-main\CSAPP-main\test_APIs\test_CustomerInfoAPIs.py", line 51, in test_CustomerInfoAPIs
    assert ObjectUtils.equal_str("資料比對失敗", excel_data , response_data)
  File "C:\CSAPP-main\CSAPP-main\utils\object_utils.py", line 4, in equal_str
    assert str(exp_value) == str(act_value), f"[{key}], expected: {exp_value}, but actual: {act_value}"
           ^^^^^^^^^^^^^^^^^^^^^^^^^^^^^^^^
AssertionError: [資料比對失敗], expected: "{\"cs_app\":{\"uid\":\"82800\",\"phone_nbr\":\"09278***88      \",\"subscrid\":\"14796488\",\"api_type\":\"CI0033\",\"gprs\":{},\"type\":\"P5G\",\"ret_code\":\"0\",\"primary\":{\"charge_fee\":1199,\"package_code\":\"SD-AC1\",\"charge_code\":\"5AC\",\"charge_description\":\"5G 1199\u578b\",\"short_desc\":\"1199\u578b\",\"msisdn\":\"09278***88      \"}}}", but actual: "{\"cs_app\":{\"uid\":\"82800\",\"phone_nbr\":\"09278***88      \",\"subscrid\":\"14796488\",\"api_type\":\"CI0033\",\"gprs\":{},\"type\":\"P5G\",\"ret_code\":\"0\",\"primary\":{\"charge_fee\":999,\"package_code\":\"SD-AB1\",\"charge_code\":\"5AB\",\"charge_description\":\"5G 999\u578b\",\"short_desc\":\"999\u578b\",\"msisdn\":\"09278***88      \"}}}"
09:14:09 [    INFO] Test 4 END 
================================================================================================================================ (test_CustomerInfoAPIs.py:62)
09:14:10 [    INFO] Sending API request with parameters:
{
  "token":"DEV",
  "os":"android",
  "action":"D",
  "service_id":"1"
}
 (test_ModifyBaseServiceAPIs.py:29)
09:14:10 [    INFO] Request method: get (api_utils.py:14)
09:14:10 [    INFO] Request URL: http://csappstage.catch.net.tw/cs/API/modifyBaseService (api_utils.py:15)
09:14:10 [    INFO] Request headers: {'User-Agent': 'python-requests/2.32.3', 'Accept-Encoding': 'gzip, deflate', 'Accept': '*/*', 'Connection': 'keep-alive'} (api_utils.py:17)
09:14:10 [    INFO] Request Json body: null (api_utils.py:20)
09:14:11 [    INFO] Response headers: {'X-Frame-Options': 'SAMEORIGIN', 'X-XSS-Protection': '1; mode=block', 'Cache-Control': 'no-cache, no-store, must-revalidate', 'Pragma': 'no-cache', 'X-Content-Type-Options': 'nosniff', 'Content-Type': 'text/html;charset=UTF-8', 'Date': 'Wed, 13 Nov 2024 01:14:11 GMT', 'Server': '', 'Content-Length': '120', 'Age': '1', 'Connection': 'keep-alive', 'Via': '1.1 TWM-WCG-SVR3'} (api_utils.py:23)
09:14:11 [    INFO] Response code: 200 (api_utils.py:24)
09:14:11 [    INFO] Response: {
    "cs_app": {
        "ret_code": "0",
        "service_list": [
            {
                "service_id": "1",
                "service_status": "1"
            }
        ],
        "subscrid": "14796488",
        "uid": "82800"
    }
} (api_utils.py:28)
09:14:11 [    INFO] Generated URL: http://csappstage.catch.net.tw/cs/API/modifyBaseService (ModifyBaseServiceAPIs.py:14)
09:14:11 [    INFO] Test 1 END 
================================================================================================================================ (test_ModifyBaseServiceAPIs.py:57)
09:14:11 [    INFO] Sending API request with parameters:
{
  "token":"DEV",
  "os":"android",
  "action":"D",
  "service_id":"2"
}
 (test_ModifyBaseServiceAPIs.py:29)
09:14:11 [    INFO] Request method: get (api_utils.py:14)
09:14:11 [    INFO] Request URL: http://csappstage.catch.net.tw/cs/API/modifyBaseService (api_utils.py:15)
09:14:11 [    INFO] Request headers: {'User-Agent': 'python-requests/2.32.3', 'Accept-Encoding': 'gzip, deflate', 'Accept': '*/*', 'Connection': 'keep-alive'} (api_utils.py:17)
09:14:11 [    INFO] Request Json body: null (api_utils.py:20)
09:14:12 [    INFO] Response headers: {'X-Frame-Options': 'SAMEORIGIN', 'X-XSS-Protection': '1; mode=block', 'Cache-Control': 'no-cache, no-store, must-revalidate', 'Pragma': 'no-cache', 'X-Content-Type-Options': 'nosniff', 'Content-Type': 'text/html;charset=UTF-8', 'Date': 'Wed, 13 Nov 2024 01:14:11 GMT', 'Server': '', 'Content-Length': '120', 'Age': '1', 'Connection': 'keep-alive', 'Via': '1.1 TWM-WCG-SVR3'} (api_utils.py:23)
09:14:12 [    INFO] Response code: 200 (api_utils.py:24)
09:14:12 [    INFO] Response: {
    "cs_app": {
        "ret_code": "0",
        "service_list": [
            {
                "service_id": "2",
                "service_status": "1"
            }
        ],
        "subscrid": "14796488",
        "uid": "82800"
    }
} (api_utils.py:28)
09:14:12 [    INFO] Generated URL: http://csappstage.catch.net.tw/cs/API/modifyBaseService (ModifyBaseServiceAPIs.py:14)
09:14:12 [    INFO] Test 2 END 
================================================================================================================================ (test_ModifyBaseServiceAPIs.py:57)
09:14:12 [    INFO] Sending API request with parameters:
{
  "token":"DEV",
  "os":"android",
  "action":"D",
  "service_id":"3"
}
 (test_ModifyBaseServiceAPIs.py:29)
09:14:12 [    INFO] Request method: get (api_utils.py:14)
09:14:12 [    INFO] Request URL: http://csappstage.catch.net.tw/cs/API/modifyBaseService (api_utils.py:15)
09:14:12 [    INFO] Request headers: {'User-Agent': 'python-requests/2.32.3', 'Accept-Encoding': 'gzip, deflate', 'Accept': '*/*', 'Connection': 'keep-alive'} (api_utils.py:17)
09:14:12 [    INFO] Request Json body: null (api_utils.py:20)
09:14:12 [    INFO] Response headers: {'X-Frame-Options': 'SAMEORIGIN', 'X-XSS-Protection': '1; mode=block', 'Cache-Control': 'no-cache, no-store, must-revalidate', 'Pragma': 'no-cache', 'X-Content-Type-Options': 'nosniff', 'Content-Type': 'text/html;charset=UTF-8', 'Date': 'Wed, 13 Nov 2024 01:14:11 GMT', 'Server': '', 'Content-Length': '120', 'Age': '1', 'Connection': 'keep-alive', 'Via': '1.1 TWM-WCG-SVR3'} (api_utils.py:23)
09:14:12 [    INFO] Response code: 200 (api_utils.py:24)
09:14:12 [    INFO] Response: {
    "cs_app": {
        "ret_code": "0",
        "service_list": [
            {
                "service_id": "3",
                "service_status": "1"
            }
        ],
        "subscrid": "14796488",
        "uid": "82800"
    }
} (api_utils.py:28)
09:14:12 [    INFO] Generated URL: http://csappstage.catch.net.tw/cs/API/modifyBaseService (ModifyBaseServiceAPIs.py:14)
09:14:12 [    INFO] Test 3 END 
================================================================================================================================ (test_ModifyBaseServiceAPIs.py:57)
09:14:12 [    INFO] Sending API request with parameters:
{
  "token":"DEV",
  "os":"android",
  "action":"D",
  "service_id":"4"
}
 (test_ModifyBaseServiceAPIs.py:29)
09:14:12 [    INFO] Request method: get (api_utils.py:14)
09:14:12 [    INFO] Request URL: http://csappstage.catch.net.tw/cs/API/modifyBaseService (api_utils.py:15)
09:14:12 [    INFO] Request headers: {'User-Agent': 'python-requests/2.32.3', 'Accept-Encoding': 'gzip, deflate', 'Accept': '*/*', 'Connection': 'keep-alive'} (api_utils.py:17)
09:14:12 [    INFO] Request Json body: null (api_utils.py:20)
09:14:12 [    INFO] Response headers: {'X-Frame-Options': 'SAMEORIGIN', 'X-XSS-Protection': '1; mode=block', 'Cache-Control': 'no-cache, no-store, must-revalidate', 'Pragma': 'no-cache', 'X-Content-Type-Options': 'nosniff', 'Content-Type': 'text/html;charset=UTF-8', 'Date': 'Wed, 13 Nov 2024 01:14:11 GMT', 'Server': '', 'Content-Length': '120', 'Age': '1', 'Connection': 'keep-alive', 'Via': '1.1 TWM-WCG-SVR3'} (api_utils.py:23)
09:14:12 [    INFO] Response code: 200 (api_utils.py:24)
09:14:12 [    INFO] Response: {
    "cs_app": {
        "ret_code": "0",
        "service_list": [
            {
                "service_id": "4",
                "service_status": "1"
            }
        ],
        "subscrid": "14796488",
        "uid": "82800"
    }
} (api_utils.py:28)
09:14:12 [    INFO] Generated URL: http://csappstage.catch.net.tw/cs/API/modifyBaseService (ModifyBaseServiceAPIs.py:14)
09:14:12 [    INFO] Test 4 END 
================================================================================================================================ (test_ModifyBaseServiceAPIs.py:57)
09:14:12 [    INFO] Sending API request with parameters:
{
  "token":"DEV",
  "os":"android",
  "ver":"9.13.3"
}
 (test_QueryROAMWStatusAPIs.py:30)
09:14:12 [    INFO] Request method: get (api_utils.py:14)
09:14:12 [    INFO] Request URL: http://csappstage.catch.net.tw/cs/API/queryROAMWStatus (api_utils.py:15)
09:14:12 [    INFO] Request headers: {'User-Agent': 'python-requests/2.32.3', 'Accept-Encoding': 'gzip, deflate', 'Accept': '*/*', 'Connection': 'keep-alive'} (api_utils.py:17)
09:14:12 [    INFO] Request Json body: null (api_utils.py:20)
09:14:12 [    INFO] Response headers: {'X-Frame-Options': 'SAMEORIGIN', 'X-XSS-Protection': '1; mode=block', 'Cache-Control': 'no-cache, no-store, must-revalidate', 'Pragma': 'no-cache', 'X-Content-Type-Options': 'nosniff', 'Content-Type': 'text/html;charset=UTF-8', 'Date': 'Wed, 13 Nov 2024 01:14:12 GMT', 'Server': '', 'Content-Length': '76', 'Age': '0', 'Connection': 'keep-alive', 'Via': '1.1 TWM-WCG-SVR3'} (api_utils.py:23)
09:14:12 [    INFO] Response code: 200 (api_utils.py:24)
09:14:12 [    INFO] Response: {
    "cs_app": {
        "ret_code": "0",
        "status": "N",
        "subscrid": "14796488",
        "uid": "82800"
    }
} (api_utils.py:28)
09:14:12 [    INFO] Generated URL: http://csappstage.catch.net.tw/cs/API/queryROAMWStatus (QueryROAMWStatusAPIs.py:14)
09:14:12 [    INFO] Test 1 END 
================================================================================================================================ (test_QueryROAMWStatusAPIs.py:58)
09:14:13 [    INFO] Sending API request with parameters:
{
  "token":"DEV",
  "os":"ios",
  "ver":"9.13.3"
}
 (test_QueryROAMWStatusAPIs.py:30)
09:14:13 [    INFO] Request method: get (api_utils.py:14)
09:14:13 [    INFO] Request URL: http://csappstage.catch.net.tw/cs/API/queryROAMWStatus (api_utils.py:15)
09:14:13 [    INFO] Request headers: {'User-Agent': 'python-requests/2.32.3', 'Accept-Encoding': 'gzip, deflate', 'Accept': '*/*', 'Connection': 'keep-alive'} (api_utils.py:17)
09:14:13 [    INFO] Request Json body: null (api_utils.py:20)
09:14:13 [    INFO] Response headers: {'X-Frame-Options': 'SAMEORIGIN', 'X-XSS-Protection': '1; mode=block', 'Cache-Control': 'no-cache, no-store, must-revalidate', 'Pragma': 'no-cache', 'X-Content-Type-Options': 'nosniff', 'Content-Type': 'text/html;charset=UTF-8', 'Date': 'Wed, 13 Nov 2024 01:14:12 GMT', 'Server': '', 'Content-Length': '76', 'Age': '1', 'Connection': 'keep-alive', 'Via': '1.1 TWM-WCG-SVR3'} (api_utils.py:23)
09:14:13 [    INFO] Response code: 200 (api_utils.py:24)
09:14:13 [    INFO] Response: {
    "cs_app": {
        "ret_code": "0",
        "status": "N",
        "subscrid": "14796488",
        "uid": "82800"
    }
} (api_utils.py:28)
09:14:13 [    INFO] Generated URL: http://csappstage.catch.net.tw/cs/API/queryROAMWStatus (QueryROAMWStatusAPIs.py:14)
09:14:13 [   ERROR] [資料比對失敗:],
 expected: "\"{\\\"cs_app\\\":{\\\"uid\\\":\\\"82801\\\",\\\"subscrid\\\":\\\"14796488\\\",\\\"ret_code\\\":\\\"0\\\",\\\"status\\\":\\\"N\\\"}}\"", 
 but actual: "\"{\\\"cs_app\\\":{\\\"uid\\\":\\\"82800\\\",\\\"subscrid\\\":\\\"14796488\\\",\\\"ret_code\\\":\\\"0\\\",\\\"status\\\":\\\"N\\\"}}\"" (test_QueryROAMWStatusAPIs.py:49)
09:14:13 [   ERROR] error：[資料比對失敗], expected: "{\"cs_app\":{\"uid\":\"82801\",\"subscrid\":\"14796488\",\"ret_code\":\"0\",\"status\":\"N\"}}", but actual: "{\"cs_app\":{\"uid\":\"82800\",\"subscrid\":\"14796488\",\"ret_code\":\"0\",\"status\":\"N\"}}" (test_QueryROAMWStatusAPIs.py:53)
Traceback (most recent call last):
  File "C:\CSAPP-main\CSAPP-main\test_APIs\test_QueryROAMWStatusAPIs.py", line 50, in test_CustomerInfoAPIs
    assert ObjectUtils.equal_str("資料比對失敗", excel_data , response_data)
  File "C:\CSAPP-main\CSAPP-main\utils\object_utils.py", line 4, in equal_str
    assert str(exp_value) == str(act_value), f"[{key}], expected: {exp_value}, but actual: {act_value}"
           ^^^^^^^^^^^^^^^^^^^^^^^^^^^^^^^^
AssertionError: [資料比對失敗], expected: "{\"cs_app\":{\"uid\":\"82801\",\"subscrid\":\"14796488\",\"ret_code\":\"0\",\"status\":\"N\"}}", but actual: "{\"cs_app\":{\"uid\":\"82800\",\"subscrid\":\"14796488\",\"ret_code\":\"0\",\"status\":\"N\"}}"
09:14:13 [    INFO] Test 2 END 
================================================================================================================================ (test_QueryROAMWStatusAPIs.py:58)
09:14:13 [    INFO] Sending API request with parameters:
{
  "token":"DEV",
  "os":"android",
  "ver":"9.13.3"
}
 (test_QueryROAMWStatusAPIs.py:30)
09:14:13 [    INFO] Request method: get (api_utils.py:14)
09:14:13 [    INFO] Request URL: http://csappstage.catch.net.tw/cs/API/queryROAMWStatus (api_utils.py:15)
09:14:13 [    INFO] Request headers: {'User-Agent': 'python-requests/2.32.3', 'Accept-Encoding': 'gzip, deflate', 'Accept': '*/*', 'Connection': 'keep-alive'} (api_utils.py:17)
09:14:13 [    INFO] Request Json body: null (api_utils.py:20)
09:14:13 [    INFO] Response headers: {'X-Frame-Options': 'SAMEORIGIN', 'X-XSS-Protection': '1; mode=block', 'Cache-Control': 'no-cache, no-store, must-revalidate', 'Pragma': 'no-cache', 'X-Content-Type-Options': 'nosniff', 'Content-Type': 'text/html;charset=UTF-8', 'Date': 'Wed, 13 Nov 2024 01:14:12 GMT', 'Server': '', 'Content-Length': '76', 'Age': '1', 'Connection': 'keep-alive', 'Via': '1.1 TWM-WCG-SVR3'} (api_utils.py:23)
09:14:13 [    INFO] Response code: 200 (api_utils.py:24)
09:14:13 [    INFO] Response: {
    "cs_app": {
        "ret_code": "0",
        "status": "N",
        "subscrid": "14796488",
        "uid": "82800"
    }
} (api_utils.py:28)
09:14:13 [    INFO] Generated URL: http://csappstage.catch.net.tw/cs/API/queryROAMWStatus (QueryROAMWStatusAPIs.py:14)
09:14:13 [    INFO] Test 3 END 
================================================================================================================================ (test_QueryROAMWStatusAPIs.py:58)
09:14:13 [    INFO] Sending API request with parameters:
{
  "token":"DEV",
  "os":"android",
  "ver":"9.13.3"
}
 (test_QueryROAMWStatusAPIs.py:30)
09:14:13 [    INFO] Request method: get (api_utils.py:14)
09:14:13 [    INFO] Request URL: http://csappstage.catch.net.tw/cs/API/queryROAMWStatus (api_utils.py:15)
09:14:13 [    INFO] Request headers: {'User-Agent': 'python-requests/2.32.3', 'Accept-Encoding': 'gzip, deflate', 'Accept': '*/*', 'Connection': 'keep-alive'} (api_utils.py:17)
09:14:13 [    INFO] Request Json body: null (api_utils.py:20)
09:14:13 [    INFO] Response headers: {'X-Frame-Options': 'SAMEORIGIN', 'X-XSS-Protection': '1; mode=block', 'Cache-Control': 'no-cache, no-store, must-revalidate', 'Pragma': 'no-cache', 'X-Content-Type-Options': 'nosniff', 'Content-Type': 'text/html;charset=UTF-8', 'Date': 'Wed, 13 Nov 2024 01:14:12 GMT', 'Server': '', 'Content-Length': '76', 'Age': '1', 'Connection': 'keep-alive', 'Via': '1.1 TWM-WCG-SVR3'} (api_utils.py:23)
09:14:13 [    INFO] Response code: 200 (api_utils.py:24)
09:14:13 [    INFO] Response: {
    "cs_app": {
        "ret_code": "0",
        "status": "N",
        "subscrid": "14796488",
        "uid": "82800"
    }
} (api_utils.py:28)
09:14:13 [    INFO] Generated URL: http://csappstage.catch.net.tw/cs/API/queryROAMWStatus (QueryROAMWStatusAPIs.py:14)
09:14:13 [    INFO] Test 4 END 
================================================================================================================================ (test_QueryROAMWStatusAPIs.py:58)
09:14:13 [    INFO] Sending API request with parameters:
{
  "token":"DEV",
  "os":"android",
  "ver":"9.13.3"
}
 (test_QueryWSC83StatusAPIs.py:30)
09:14:13 [    INFO] Request method: get (api_utils.py:14)
09:14:13 [    INFO] Request URL: http://csappstage.catch.net.tw/cs/API/queryWSC83Status (api_utils.py:15)
09:14:13 [    INFO] Request headers: {'User-Agent': 'python-requests/2.32.3', 'Accept-Encoding': 'gzip, deflate', 'Accept': '*/*', 'Connection': 'keep-alive'} (api_utils.py:17)
09:14:13 [    INFO] Request Json body: null (api_utils.py:20)
09:14:14 [    INFO] Response headers: {'X-Frame-Options': 'SAMEORIGIN', 'X-XSS-Protection': '1; mode=block', 'Cache-Control': 'no-cache, no-store, must-revalidate', 'Pragma': 'no-cache', 'X-Content-Type-Options': 'nosniff', 'Content-Type': 'text/html;charset=UTF-8', 'Date': 'Wed, 13 Nov 2024 01:14:14 GMT', 'Server': '', 'Content-Length': '2438', 'Age': '1', 'Connection': 'keep-alive', 'Via': '1.1 TWM-WCG-SVR3'} (api_utils.py:23)
09:14:14 [    INFO] Response code: 200 (api_utils.py:24)
09:14:14 [    INFO] Response: {
    "cs_app": {
        "ANLMN_status": "Y",
        "desc_data": [
            {
                "cs_desc_type": "TEXT_1",
                "cs_seq": 1232803,
                "service_desc": " ",
                "service_item": "WSC83"
            },
            {
                "cs_desc_type": "TEXT_2",
                "cs_seq": 1232804,
                "service_desc": " ",
                "service_item": "WSC83"
            },
            {
                "cs_desc_type": "TEXT_3",
                "cs_seq": 1232805,
                "service_desc": " ",
                "service_item": "WSC83"
            },
            {
                "cs_desc_type": "TEXT_4",
                "cs_seq": 1232806,
                "service_desc": " ",
                "service_item": "WSC83"
            },
            {
                "cs_desc_type": "TEXT_5",
                "cs_seq": 1232807,
                "service_desc": "收費說明 :1.每日總使用量低於5MB(含)，收費49元。2.每日總使用量超過5MB以上，以每KB 0.0244元計費，當日收費上限最高399元。收費提醒 :1.日期計算基準以24小時為單位，自服務申請生效開始，連續24小時為第1日，第25-48小時為第2日，以此類推。2.當日系統未收到任何使用之傳輸量記錄，則不收取任何費用。3.本服務最長可申請連續使用天數為30天。",
                "service_item": "WSC83"
            },
            {
                "cs_desc_type": "TEXT_6",
                "cs_seq": 1232808,
                "service_desc": "貼心提醒:1.已申請國內微量上網方案且在服務效期內，將無法使用漫遊上網功能及申辦漫遊上網服務(日租型/計量型)，如有漫遊上網需求者，請洽188客服。2.本服務於開通成功、結束前、結束後，將貼心發送簡訊通知用戶。3.服務實際生效時間請以簡訊內容為主。4.提醒簡訊接收狀況需視漫遊國之漫遊網訊號情況而定。5. 服務生效時，同時開啟國際漫遊上網功能，服務結束後，主動關閉國際漫遊上網功能 。",
                "service_item": "WSC83"
            },
            {
                "cs_desc_type": "TEXT_7",
                "cs_seq": 1232809,
                "service_desc": "提醒您！ 1.服務實際生效時間，請以簡訊內容為主。 2.漫遊行動上網日租型服務生效後，請記得關機再重新開機。",
                "service_item": "WSC83"
            },
            {
                "cs_desc_type": "TEXT_8",
                "cs_seq": 1232810,
                "service_desc": "提醒您：1.服務正式啟用時間請以簡訊內容為主，起迄時間的計算，皆以台灣時間為主。2.漫遊行動上網日租型服務生效後，請記得關機再重新開機。3.服務生效時，同時開啟國際漫遊上網功能，服務結束後，主動關閉國際漫遊上網功能，已申請不主動關閉漫遊上網服務的用戶，日租型/計量型服務結束後系統不會主動關閉漫遊上網。",
                "service_item": "WSC83"
            },
            {
                "cs_desc_type": "TEXT_0",
                "cs_seq": 1232802,
                "service_desc": "漫遊上網日租型",
                "service_item": "WSC83"
            }
        ],
        "ret_code": "0",
        "status": "N"
    }
} (api_utils.py:28)
09:14:14 [    INFO] Generated URL: http://csappstage.catch.net.tw/cs/API/queryWSC83Status (QueryWSC83StatusAPIs.py:14)
09:14:14 [    INFO] Test 1 END 
================================================================================================================================ (test_QueryWSC83StatusAPIs.py:58)
09:14:14 [    INFO] Sending API request with parameters:
{
  "token":"DEV",
  "os":"ios",
  "ver":"9.13.3"
}
 (test_QueryWSC83StatusAPIs.py:30)
09:14:14 [    INFO] Request method: get (api_utils.py:14)
09:14:14 [    INFO] Request URL: http://csappstage.catch.net.tw/cs/API/queryWSC83Status (api_utils.py:15)
09:14:14 [    INFO] Request headers: {'User-Agent': 'python-requests/2.32.3', 'Accept-Encoding': 'gzip, deflate', 'Accept': '*/*', 'Connection': 'keep-alive'} (api_utils.py:17)
09:14:14 [    INFO] Request Json body: null (api_utils.py:20)
09:14:15 [    INFO] Response headers: {'X-Frame-Options': 'SAMEORIGIN', 'X-XSS-Protection': '1; mode=block', 'Cache-Control': 'no-cache, no-store, must-revalidate', 'Pragma': 'no-cache', 'X-Content-Type-Options': 'nosniff', 'Content-Type': 'text/html;charset=UTF-8', 'Date': 'Wed, 13 Nov 2024 01:14:14 GMT', 'Server': '', 'Content-Length': '2438', 'Age': '0', 'Connection': 'keep-alive', 'Via': '1.1 TWM-WCG-SVR3'} (api_utils.py:23)
09:14:15 [    INFO] Response code: 200 (api_utils.py:24)
09:14:15 [    INFO] Response: {
    "cs_app": {
        "ANLMN_status": "Y",
        "desc_data": [
            {
                "cs_desc_type": "TEXT_1",
                "cs_seq": 1232803,
                "service_desc": " ",
                "service_item": "WSC83"
            },
            {
                "cs_desc_type": "TEXT_2",
                "cs_seq": 1232804,
                "service_desc": " ",
                "service_item": "WSC83"
            },
            {
                "cs_desc_type": "TEXT_3",
                "cs_seq": 1232805,
                "service_desc": " ",
                "service_item": "WSC83"
            },
            {
                "cs_desc_type": "TEXT_4",
                "cs_seq": 1232806,
                "service_desc": " ",
                "service_item": "WSC83"
            },
            {
                "cs_desc_type": "TEXT_5",
                "cs_seq": 1232807,
                "service_desc": "收費說明 :1.每日總使用量低於5MB(含)，收費49元。2.每日總使用量超過5MB以上，以每KB 0.0244元計費，當日收費上限最高399元。收費提醒 :1.日期計算基準以24小時為單位，自服務申請生效開始，連續24小時為第1日，第25-48小時為第2日，以此類推。2.當日系統未收到任何使用之傳輸量記錄，則不收取任何費用。3.本服務最長可申請連續使用天數為30天。",
                "service_item": "WSC83"
            },
            {
                "cs_desc_type": "TEXT_6",
                "cs_seq": 1232808,
                "service_desc": "貼心提醒:1.已申請國內微量上網方案且在服務效期內，將無法使用漫遊上網功能及申辦漫遊上網服務(日租型/計量型)，如有漫遊上網需求者，請洽188客服。2.本服務於開通成功、結束前、結束後，將貼心發送簡訊通知用戶。3.服務實際生效時間請以簡訊內容為主。4.提醒簡訊接收狀況需視漫遊國之漫遊網訊號情況而定。5. 服務生效時，同時開啟國際漫遊上網功能，服務結束後，主動關閉國際漫遊上網功能 。",
                "service_item": "WSC83"
            },
            {
                "cs_desc_type": "TEXT_7",
                "cs_seq": 1232809,
                "service_desc": "提醒您！ 1.服務實際生效時間，請以簡訊內容為主。 2.漫遊行動上網日租型服務生效後，請記得關機再重新開機。",
                "service_item": "WSC83"
            },
            {
                "cs_desc_type": "TEXT_8",
                "cs_seq": 1232810,
                "service_desc": "提醒您：1.服務正式啟用時間請以簡訊內容為主，起迄時間的計算，皆以台灣時間為主。2.漫遊行動上網日租型服務生效後，請記得關機再重新開機。3.服務生效時，同時開啟國際漫遊上網功能，服務結束後，主動關閉國際漫遊上網功能，已申請不主動關閉漫遊上網服務的用戶，日租型/計量型服務結束後系統不會主動關閉漫遊上網。",
                "service_item": "WSC83"
            },
            {
                "cs_desc_type": "TEXT_0",
                "cs_seq": 1232802,
                "service_desc": "漫遊上網日租型",
                "service_item": "WSC83"
            }
        ],
        "ret_code": "0",
        "status": "N"
    }
} (api_utils.py:28)
09:14:15 [    INFO] Generated URL: http://csappstage.catch.net.tw/cs/API/queryWSC83Status (QueryWSC83StatusAPIs.py:14)
09:14:15 [    INFO] Test 2 END 
================================================================================================================================ (test_QueryWSC83StatusAPIs.py:58)
09:14:15 [    INFO] Sending API request with parameters:
{
  "token":"DEV",
  "os":"android",
  "ver":"9.13.3"
}
 (test_QueryWSC83StatusAPIs.py:30)
09:14:15 [    INFO] Request method: get (api_utils.py:14)
09:14:15 [    INFO] Request URL: http://csappstage.catch.net.tw/cs/API/queryWSC83Status (api_utils.py:15)
09:14:15 [    INFO] Request headers: {'User-Agent': 'python-requests/2.32.3', 'Accept-Encoding': 'gzip, deflate', 'Accept': '*/*', 'Connection': 'keep-alive'} (api_utils.py:17)
09:14:15 [    INFO] Request Json body: null (api_utils.py:20)
09:14:15 [    INFO] Response headers: {'X-Frame-Options': 'SAMEORIGIN', 'X-XSS-Protection': '1; mode=block', 'Cache-Control': 'no-cache, no-store, must-revalidate', 'Pragma': 'no-cache', 'X-Content-Type-Options': 'nosniff', 'Content-Type': 'text/html;charset=UTF-8', 'Date': 'Wed, 13 Nov 2024 01:14:15 GMT', 'Server': '', 'Content-Length': '2438', 'Age': '0', 'Connection': 'keep-alive', 'Via': '1.1 TWM-WCG-SVR3'} (api_utils.py:23)
09:14:15 [    INFO] Response code: 200 (api_utils.py:24)
09:14:15 [    INFO] Response: {
    "cs_app": {
        "ANLMN_status": "Y",
        "desc_data": [
            {
                "cs_desc_type": "TEXT_1",
                "cs_seq": 1232803,
                "service_desc": " ",
                "service_item": "WSC83"
            },
            {
                "cs_desc_type": "TEXT_2",
                "cs_seq": 1232804,
                "service_desc": " ",
                "service_item": "WSC83"
            },
            {
                "cs_desc_type": "TEXT_3",
                "cs_seq": 1232805,
                "service_desc": " ",
                "service_item": "WSC83"
            },
            {
                "cs_desc_type": "TEXT_4",
                "cs_seq": 1232806,
                "service_desc": " ",
                "service_item": "WSC83"
            },
            {
                "cs_desc_type": "TEXT_5",
                "cs_seq": 1232807,
                "service_desc": "收費說明 :1.每日總使用量低於5MB(含)，收費49元。2.每日總使用量超過5MB以上，以每KB 0.0244元計費，當日收費上限最高399元。收費提醒 :1.日期計算基準以24小時為單位，自服務申請生效開始，連續24小時為第1日，第25-48小時為第2日，以此類推。2.當日系統未收到任何使用之傳輸量記錄，則不收取任何費用。3.本服務最長可申請連續使用天數為30天。",
                "service_item": "WSC83"
            },
            {
                "cs_desc_type": "TEXT_6",
                "cs_seq": 1232808,
                "service_desc": "貼心提醒:1.已申請國內微量上網方案且在服務效期內，將無法使用漫遊上網功能及申辦漫遊上網服務(日租型/計量型)，如有漫遊上網需求者，請洽188客服。2.本服務於開通成功、結束前、結束後，將貼心發送簡訊通知用戶。3.服務實際生效時間請以簡訊內容為主。4.提醒簡訊接收狀況需視漫遊國之漫遊網訊號情況而定。5. 服務生效時，同時開啟國際漫遊上網功能，服務結束後，主動關閉國際漫遊上網功能 。",
                "service_item": "WSC83"
            },
            {
                "cs_desc_type": "TEXT_7",
                "cs_seq": 1232809,
                "service_desc": "提醒您！ 1.服務實際生效時間，請以簡訊內容為主。 2.漫遊行動上網日租型服務生效後，請記得關機再重新開機。",
                "service_item": "WSC83"
            },
            {
                "cs_desc_type": "TEXT_8",
                "cs_seq": 1232810,
                "service_desc": "提醒您：1.服務正式啟用時間請以簡訊內容為主，起迄時間的計算，皆以台灣時間為主。2.漫遊行動上網日租型服務生效後，請記得關機再重新開機。3.服務生效時，同時開啟國際漫遊上網功能，服務結束後，主動關閉國際漫遊上網功能，已申請不主動關閉漫遊上網服務的用戶，日租型/計量型服務結束後系統不會主動關閉漫遊上網。",
                "service_item": "WSC83"
            },
            {
                "cs_desc_type": "TEXT_0",
                "cs_seq": 1232802,
                "service_desc": "漫遊上網日租型",
                "service_item": "WSC83"
            }
        ],
        "ret_code": "0",
        "status": "N"
    }
} (api_utils.py:28)
09:14:15 [    INFO] Generated URL: http://csappstage.catch.net.tw/cs/API/queryWSC83Status (QueryWSC83StatusAPIs.py:14)
09:14:15 [    INFO] Test 3 END 
================================================================================================================================ (test_QueryWSC83StatusAPIs.py:58)
09:14:15 [    INFO] Sending API request with parameters:
{
  "token":"DEV",
  "os":"android",
  "ver":"9.13.3",
  "type":"RP0046",
  "svc_item":"WS908",
  "action":"A"
}
 (test_RPProduct354APIs.py:30)
09:14:15 [    INFO] Request method: get (api_utils.py:14)
09:14:15 [    INFO] Request URL: http://csappstage.catch.net.tw/cs/API/RPProduct (api_utils.py:15)
09:14:15 [    INFO] Request headers: {'User-Agent': 'python-requests/2.32.3', 'Accept-Encoding': 'gzip, deflate', 'Accept': '*/*', 'Connection': 'keep-alive'} (api_utils.py:17)
09:14:15 [    INFO] Request Json body: null (api_utils.py:20)
09:14:16 [    INFO] Response headers: {'X-Frame-Options': 'SAMEORIGIN', 'X-XSS-Protection': '1; mode=block', 'Cache-Control': 'no-cache, no-store, must-revalidate', 'Pragma': 'no-cache', 'X-Content-Type-Options': 'nosniff', 'Content-Type': 'text/html;charset=UTF-8', 'Date': 'Wed, 13 Nov 2024 01:14:15 GMT', 'Server': '', 'Content-Length': '453', 'Age': '0', 'Connection': 'keep-alive', 'Via': '1.1 TWM-WCG-SVR3'} (api_utils.py:23)
09:14:16 [    INFO] Response code: 200 (api_utils.py:24)
09:14:16 [    INFO] Response: {
    "cs_app": {
        "api_type": "RP0046",
        "errMsg": "com.twm.cs.domain.exception.JDBCAPIException: errApi:WT33/errMsg:此項服務必須有3GCAS_行動上網或BBNET_BlackBerry或3DVPA_企業MDVPN II(vpn2,internet,mms)之服務項目,方可申請!!}]",
        "errMsgDesc": "加購失敗：請確認您已生效漫遊上網方案；若有疑問，請洽188客服中心，海外請撥漫遊免費客服電話+886935120520",
        "ret_code": "9",
        "subscrid": "14796488",
        "uid": "82800"
    }
} (api_utils.py:28)
09:14:16 [    INFO] Generated URL: http://csappstage.catch.net.tw/cs/API/RPProduct (RPProduct354APIs.py:14)
09:14:16 [   ERROR] [資料比對失敗:],
 expected: "\"{\\\"cs_app\\\":{\\\"uid\\\":\\\"82800\\\",\\\"subscrid\\\":\\\"14796488\\\",\\\"api_type\\\":\\\"RP0046\\\",\\\"errMsg\\\":\\\"com.twm.cs.domain.exception.JDBCAPIException: errApi:WT33/errMsg:\\u6f2b\\u904a\\u884c\\u52d5\\u4e0a\\u7db2\\u8a08\\u65e5\\u578b5\\u65e5(WS908)\\u8207\\u6f2b\\u904a\\u4e0a\\u7db2\\u8a08\\u65e5\\u578b_\\u65e5\\u79df\\u578b(WSE42)\\u70ba\\u4e92\\u65a5\\uff0c\\u4e0d\\u53ef\\u540c\\u6642\\u7533\\u8acb!}]\\\",\\\"ret_code\\\":\\\"9\\\",\\\"errMsgDesc\\\":\\\"\\u52a0\\u8cfc\\u5931\\u6557\\uff1a\\u8acb\\u78ba\\u8a8d\\u60a8\\u5df2\\u751f\\u6548\\u6f2b\\u904a\\u4e0a\\u7db2\\u65b9\\u6848\\uff1b\\u82e5\\u6709\\u7591\\u554f\\uff0c\\u8acb\\u6d3d188\\u5ba2\\u670d\\u4e2d\\u5fc3\\uff0c\\u6d77\\u5916\\u8acb\\u64a5\\u6f2b\\u904a\\u514d\\u8cbb\\u5ba2\\u670d\\u96fb\\u8a71+886935120520\\\"}}\"", 
 but actual: "\"{\\\"cs_app\\\":{\\\"uid\\\":\\\"82800\\\",\\\"subscrid\\\":\\\"14796488\\\",\\\"api_type\\\":\\\"RP0046\\\",\\\"errMsg\\\":\\\"com.twm.cs.domain.exception.JDBCAPIException: errApi:WT33/errMsg:\\u6b64\\u9805\\u670d\\u52d9\\u5fc5\\u9808\\u67093GCAS_\\u884c\\u52d5\\u4e0a\\u7db2\\u6216BBNET_BlackBerry\\u62163DVPA_\\u4f01\\u696dMDVPN II(vpn2,internet,mms)\\u4e4b\\u670d\\u52d9\\u9805\\u76ee,\\u65b9\\u53ef\\u7533\\u8acb!!}]\\\",\\\"ret_code\\\":\\\"9\\\",\\\"errMsgDesc\\\":\\\"\\u52a0\\u8cfc\\u5931\\u6557\\uff1a\\u8acb\\u78ba\\u8a8d\\u60a8\\u5df2\\u751f\\u6548\\u6f2b\\u904a\\u4e0a\\u7db2\\u65b9\\u6848\\uff1b\\u82e5\\u6709\\u7591\\u554f\\uff0c\\u8acb\\u6d3d188\\u5ba2\\u670d\\u4e2d\\u5fc3\\uff0c\\u6d77\\u5916\\u8acb\\u64a5\\u6f2b\\u904a\\u514d\\u8cbb\\u5ba2\\u670d\\u96fb\\u8a71+886935120520\\\"}}\"" (test_RPProduct354APIs.py:49)
09:14:16 [   ERROR] error：[資料比對失敗], expected: "{\"cs_app\":{\"uid\":\"82800\",\"subscrid\":\"14796488\",\"api_type\":\"RP0046\",\"errMsg\":\"com.twm.cs.domain.exception.JDBCAPIException: errApi:WT33/errMsg:\u6f2b\u904a\u884c\u52d5\u4e0a\u7db2\u8a08\u65e5\u578b5\u65e5(WS908)\u8207\u6f2b\u904a\u4e0a\u7db2\u8a08\u65e5\u578b_\u65e5\u79df\u578b(WSE42)\u70ba\u4e92\u65a5\uff0c\u4e0d\u53ef\u540c\u6642\u7533\u8acb!}]\",\"ret_code\":\"9\",\"errMsgDesc\":\"\u52a0\u8cfc\u5931\u6557\uff1a\u8acb\u78ba\u8a8d\u60a8\u5df2\u751f\u6548\u6f2b\u904a\u4e0a\u7db2\u65b9\u6848\uff1b\u82e5\u6709\u7591\u554f\uff0c\u8acb\u6d3d188\u5ba2\u670d\u4e2d\u5fc3\uff0c\u6d77\u5916\u8acb\u64a5\u6f2b\u904a\u514d\u8cbb\u5ba2\u670d\u96fb\u8a71+886935120520\"}}", but actual: "{\"cs_app\":{\"uid\":\"82800\",\"subscrid\":\"14796488\",\"api_type\":\"RP0046\",\"errMsg\":\"com.twm.cs.domain.exception.JDBCAPIException: errApi:WT33/errMsg:\u6b64\u9805\u670d\u52d9\u5fc5\u9808\u67093GCAS_\u884c\u52d5\u4e0a\u7db2\u6216BBNET_BlackBerry\u62163DVPA_\u4f01\u696dMDVPN II(vpn2,internet,mms)\u4e4b\u670d\u52d9\u9805\u76ee,\u65b9\u53ef\u7533\u8acb!!}]\",\"ret_code\":\"9\",\"errMsgDesc\":\"\u52a0\u8cfc\u5931\u6557\uff1a\u8acb\u78ba\u8a8d\u60a8\u5df2\u751f\u6548\u6f2b\u904a\u4e0a\u7db2\u65b9\u6848\uff1b\u82e5\u6709\u7591\u554f\uff0c\u8acb\u6d3d188\u5ba2\u670d\u4e2d\u5fc3\uff0c\u6d77\u5916\u8acb\u64a5\u6f2b\u904a\u514d\u8cbb\u5ba2\u670d\u96fb\u8a71+886935120520\"}}" (test_RPProduct354APIs.py:53)
Traceback (most recent call last):
  File "C:\CSAPP-main\CSAPP-main\test_APIs\test_RPProduct354APIs.py", line 50, in test_CustomerInfoAPIs
    assert ObjectUtils.equal_str("資料比對失敗", excel_data , response_data)
  File "C:\CSAPP-main\CSAPP-main\utils\object_utils.py", line 4, in equal_str
    assert str(exp_value) == str(act_value), f"[{key}], expected: {exp_value}, but actual: {act_value}"
           ^^^^^^^^^^^^^^^^^^^^^^^^^^^^^^^^
AssertionError: [資料比對失敗], expected: "{\"cs_app\":{\"uid\":\"82800\",\"subscrid\":\"14796488\",\"api_type\":\"RP0046\",\"errMsg\":\"com.twm.cs.domain.exception.JDBCAPIException: errApi:WT33/errMsg:\u6f2b\u904a\u884c\u52d5\u4e0a\u7db2\u8a08\u65e5\u578b5\u65e5(WS908)\u8207\u6f2b\u904a\u4e0a\u7db2\u8a08\u65e5\u578b_\u65e5\u79df\u578b(WSE42)\u70ba\u4e92\u65a5\uff0c\u4e0d\u53ef\u540c\u6642\u7533\u8acb!}]\",\"ret_code\":\"9\",\"errMsgDesc\":\"\u52a0\u8cfc\u5931\u6557\uff1a\u8acb\u78ba\u8a8d\u60a8\u5df2\u751f\u6548\u6f2b\u904a\u4e0a\u7db2\u65b9\u6848\uff1b\u82e5\u6709\u7591\u554f\uff0c\u8acb\u6d3d188\u5ba2\u670d\u4e2d\u5fc3\uff0c\u6d77\u5916\u8acb\u64a5\u6f2b\u904a\u514d\u8cbb\u5ba2\u670d\u96fb\u8a71+886935120520\"}}", but actual: "{\"cs_app\":{\"uid\":\"82800\",\"subscrid\":\"14796488\",\"api_type\":\"RP0046\",\"errMsg\":\"com.twm.cs.domain.exception.JDBCAPIException: errApi:WT33/errMsg:\u6b64\u9805\u670d\u52d9\u5fc5\u9808\u67093GCAS_\u884c\u52d5\u4e0a\u7db2\u6216BBNET_BlackBerry\u62163DVPA_\u4f01\u696dMDVPN II(vpn2,internet,mms)\u4e4b\u670d\u52d9\u9805\u76ee,\u65b9\u53ef\u7533\u8acb!!}]\",\"ret_code\":\"9\",\"errMsgDesc\":\"\u52a0\u8cfc\u5931\u6557\uff1a\u8acb\u78ba\u8a8d\u60a8\u5df2\u751f\u6548\u6f2b\u904a\u4e0a\u7db2\u65b9\u6848\uff1b\u82e5\u6709\u7591\u554f\uff0c\u8acb\u6d3d188\u5ba2\u670d\u4e2d\u5fc3\uff0c\u6d77\u5916\u8acb\u64a5\u6f2b\u904a\u514d\u8cbb\u5ba2\u670d\u96fb\u8a71+886935120520\"}}"
09:14:16 [    INFO] Test 1 END 
================================================================================================================================ (test_RPProduct354APIs.py:58)
09:14:16 [    INFO] Sending API request with parameters:
{
  "token":"DEV",
  "os":"android",
  "ver":"9.13.3",
  "type":"RP0046",
  "svc_item":"WS908",
  "action":"A"
}
 (test_RPProduct354APIs.py:30)
09:14:16 [    INFO] Request method: get (api_utils.py:14)
09:14:16 [    INFO] Request URL: http://csappstage.catch.net.tw/cs/API/RPProduct (api_utils.py:15)
09:14:16 [    INFO] Request headers: {'User-Agent': 'python-requests/2.32.3', 'Accept-Encoding': 'gzip, deflate', 'Accept': '*/*', 'Connection': 'keep-alive'} (api_utils.py:17)
09:14:16 [    INFO] Request Json body: null (api_utils.py:20)
09:14:16 [    INFO] Response headers: {'X-Frame-Options': 'SAMEORIGIN', 'X-XSS-Protection': '1; mode=block', 'Cache-Control': 'no-cache, no-store, must-revalidate', 'Pragma': 'no-cache', 'X-Content-Type-Options': 'nosniff', 'Content-Type': 'text/html;charset=UTF-8', 'Date': 'Wed, 13 Nov 2024 01:14:15 GMT', 'Server': '', 'Content-Length': '453', 'Age': '1', 'Connection': 'keep-alive', 'Via': '1.1 TWM-WCG-SVR3'} (api_utils.py:23)
09:14:16 [    INFO] Response code: 200 (api_utils.py:24)
09:14:16 [    INFO] Response: {
    "cs_app": {
        "api_type": "RP0046",
        "errMsg": "com.twm.cs.domain.exception.JDBCAPIException: errApi:WT33/errMsg:此項服務必須有3GCAS_行動上網或BBNET_BlackBerry或3DVPA_企業MDVPN II(vpn2,internet,mms)之服務項目,方可申請!!}]",
        "errMsgDesc": "加購失敗：請確認您已生效漫遊上網方案；若有疑問，請洽188客服中心，海外請撥漫遊免費客服電話+886935120520",
        "ret_code": "9",
        "subscrid": "14796488",
        "uid": "82800"
    }
} (api_utils.py:28)
09:14:16 [    INFO] Generated URL: http://csappstage.catch.net.tw/cs/API/RPProduct (RPProduct354APIs.py:14)
09:14:16 [    INFO] Test 2 END 
================================================================================================================================ (test_RPProduct354APIs.py:58)
09:14:16 [    INFO] Sending API request with parameters:
{
  "token":"DEV",
  "os":"android",
  "ver":"9.13.3",
  "type":"RP0046",
  "svc_item":"WS908",
  "action":"A"
}
 (test_RPProduct354APIs.py:30)
09:14:16 [    INFO] Request method: get (api_utils.py:14)
09:14:16 [    INFO] Request URL: http://csappstage.catch.net.tw/cs/API/RPProduct (api_utils.py:15)
09:14:16 [    INFO] Request headers: {'User-Agent': 'python-requests/2.32.3', 'Accept-Encoding': 'gzip, deflate', 'Accept': '*/*', 'Connection': 'keep-alive'} (api_utils.py:17)
09:14:16 [    INFO] Request Json body: null (api_utils.py:20)
09:14:16 [    INFO] Response headers: {'X-Frame-Options': 'SAMEORIGIN', 'X-XSS-Protection': '1; mode=block', 'Cache-Control': 'no-cache, no-store, must-revalidate', 'Pragma': 'no-cache', 'X-Content-Type-Options': 'nosniff', 'Content-Type': 'text/html;charset=UTF-8', 'Date': 'Wed, 13 Nov 2024 01:14:16 GMT', 'Server': '', 'Content-Length': '453', 'Age': '0', 'Connection': 'keep-alive', 'Via': '1.1 TWM-WCG-SVR3'} (api_utils.py:23)
09:14:16 [    INFO] Response code: 200 (api_utils.py:24)
09:14:16 [    INFO] Response: {
    "cs_app": {
        "api_type": "RP0046",
        "errMsg": "com.twm.cs.domain.exception.JDBCAPIException: errApi:WT33/errMsg:此項服務必須有3GCAS_行動上網或BBNET_BlackBerry或3DVPA_企業MDVPN II(vpn2,internet,mms)之服務項目,方可申請!!}]",
        "errMsgDesc": "加購失敗：請確認您已生效漫遊上網方案；若有疑問，請洽188客服中心，海外請撥漫遊免費客服電話+886935120520",
        "ret_code": "9",
        "subscrid": "14796488",
        "uid": "82800"
    }
} (api_utils.py:28)
09:14:16 [    INFO] Generated URL: http://csappstage.catch.net.tw/cs/API/RPProduct (RPProduct354APIs.py:14)
09:14:16 [    INFO] Test 3 END 
================================================================================================================================ (test_RPProduct354APIs.py:58)
09:14:16 [    INFO] Request method: get (api_utils.py:14)
09:14:16 [    INFO] Request URL: http://csappstage.catch.net.tw/cs/API/ebillActionIII (api_utils.py:15)
09:14:16 [    INFO] Request headers: {'User-Agent': 'python-requests/2.32.3', 'Accept-Encoding': 'gzip, deflate', 'Accept': '*/*', 'Connection': 'keep-alive'} (api_utils.py:17)
09:14:16 [    INFO] Request Json body: null (api_utils.py:20)
09:14:17 [    INFO] Response headers: {'X-Frame-Options': 'SAMEORIGIN', 'X-XSS-Protection': '1; mode=block', 'Cache-Control': 'no-cache, no-store, must-revalidate', 'Pragma': 'no-cache', 'X-Content-Type-Options': 'nosniff', 'Content-Type': 'text/html;charset=UTF-8', 'Date': 'Wed, 13 Nov 2024 01:14:16 GMT', 'Server': '', 'Content-Length': '27', 'Age': '2', 'Connection': 'keep-alive', 'Via': '1.1 TWM-WCG-SVR3'} (api_utils.py:23)
09:14:17 [    INFO] Response code: 200 (api_utils.py:24)
09:14:17 [    INFO] Response: {
    "cs_app": {
        "ret_code": "9"
    }
} (api_utils.py:28)
09:14:17 [    INFO] END (test_api_EbillActionIII.py:47)
09:14:17 [    INFO] Request method: get (api_utils.py:14)
09:14:17 [    INFO] Request URL: http://csappstage.catch.net.tw/cs/API/ebillActionIII (api_utils.py:15)
09:14:17 [    INFO] Request headers: {'User-Agent': 'python-requests/2.32.3', 'Accept-Encoding': 'gzip, deflate', 'Accept': '*/*', 'Connection': 'keep-alive'} (api_utils.py:17)
09:14:17 [    INFO] Request Json body: null (api_utils.py:20)
09:14:17 [    INFO] Response headers: {'X-Frame-Options': 'SAMEORIGIN', 'X-XSS-Protection': '1; mode=block', 'Cache-Control': 'no-cache, no-store, must-revalidate', 'Pragma': 'no-cache', 'X-Content-Type-Options': 'nosniff', 'Content-Type': 'text/html;charset=UTF-8', 'Date': 'Wed, 13 Nov 2024 01:14:16 GMT', 'Server': '', 'Content-Length': '27', 'Age': '1', 'Connection': 'keep-alive', 'Via': '1.1 TWM-WCG-SVR3'} (api_utils.py:23)
09:14:17 [    INFO] Response code: 200 (api_utils.py:24)
09:14:17 [    INFO] Response: {
    "cs_app": {
        "ret_code": "9"
    }
} (api_utils.py:28)
09:14:17 [    INFO] END (test_api_EbillActionIII.py:47)
09:14:17 [    INFO] Request method: get (api_utils.py:14)
09:14:17 [    INFO] Request URL: http://csappstage.catch.net.tw/cs/API/ebillActionIII (api_utils.py:15)
09:14:17 [    INFO] Request headers: {'User-Agent': 'python-requests/2.32.3', 'Accept-Encoding': 'gzip, deflate', 'Accept': '*/*', 'Connection': 'keep-alive'} (api_utils.py:17)
09:14:17 [    INFO] Request Json body: null (api_utils.py:20)
09:14:17 [    INFO] Response headers: {'X-Frame-Options': 'SAMEORIGIN', 'X-XSS-Protection': '1; mode=block', 'Cache-Control': 'no-cache, no-store, must-revalidate', 'Pragma': 'no-cache', 'X-Content-Type-Options': 'nosniff', 'Content-Type': 'text/html;charset=UTF-8', 'Date': 'Wed, 13 Nov 2024 01:14:16 GMT', 'Server': '', 'Content-Length': '27', 'Age': '1', 'Connection': 'keep-alive', 'Via': '1.1 TWM-WCG-SVR3'} (api_utils.py:23)
09:14:17 [    INFO] Response code: 200 (api_utils.py:24)
09:14:17 [    INFO] Response: {
    "cs_app": {
        "ret_code": "9"
    }
} (api_utils.py:28)
09:14:17 [   ERROR] An error occurred: Expecting ',' delimiter: line 1 column 27 (char 26) (test_api_EbillActionIII.py:43)
Traceback (most recent call last):
  File "C:\CSAPP-main\CSAPP-main\test_APIs\test_api_EbillActionIII.py", line 37, in test_api_ebillActionIIIAPIs_success
    excel_data = json.loads(excel_result)
                 ^^^^^^^^^^^^^^^^^^^^^^^^
  File "C:\Users\tinamtwang\AppData\Local\Programs\Python\Python312\Lib\json\__init__.py", line 346, in loads
    return _default_decoder.decode(s)
           ^^^^^^^^^^^^^^^^^^^^^^^^^^
  File "C:\Users\tinamtwang\AppData\Local\Programs\Python\Python312\Lib\json\decoder.py", line 337, in decode
    obj, end = self.raw_decode(s, idx=_w(s, 0).end())
               ^^^^^^^^^^^^^^^^^^^^^^^^^^^^^^^^^^^^^^
  File "C:\Users\tinamtwang\AppData\Local\Programs\Python\Python312\Lib\json\decoder.py", line 353, in raw_decode
    obj, end = self.scan_once(s, idx)
               ^^^^^^^^^^^^^^^^^^^^^^
json.decoder.JSONDecodeError: Expecting ',' delimiter: line 1 column 27 (char 26)
09:14:17 [    INFO] END (test_api_EbillActionIII.py:47)
09:14:17 [    INFO] Request method: get (api_utils.py:14)
09:14:17 [    INFO] Request URL: http://csappstage.catch.net.tw/cs/API/ebillActionIII (api_utils.py:15)
09:14:17 [    INFO] Request headers: {'User-Agent': 'python-requests/2.32.3', 'Accept-Encoding': 'gzip, deflate', 'Accept': '*/*', 'Connection': 'keep-alive'} (api_utils.py:17)
09:14:17 [    INFO] Request Json body: null (api_utils.py:20)
09:14:17 [    INFO] Response headers: {'X-Frame-Options': 'SAMEORIGIN', 'X-XSS-Protection': '1; mode=block', 'Cache-Control': 'no-cache, no-store, must-revalidate', 'Pragma': 'no-cache', 'X-Content-Type-Options': 'nosniff', 'Content-Type': 'text/html;charset=UTF-8', 'Date': 'Wed, 13 Nov 2024 01:14:16 GMT', 'Server': '', 'Content-Length': '27', 'Age': '1', 'Connection': 'keep-alive', 'Via': '1.1 TWM-WCG-SVR3'} (api_utils.py:23)
09:14:17 [    INFO] Response code: 200 (api_utils.py:24)
09:14:17 [    INFO] Response: {
    "cs_app": {
        "ret_code": "9"
    }
} (api_utils.py:28)
09:14:17 [   ERROR] An error occurred: Expecting ',' delimiter: line 1 column 27 (char 26) (test_api_EbillActionIII.py:43)
Traceback (most recent call last):
  File "C:\CSAPP-main\CSAPP-main\test_APIs\test_api_EbillActionIII.py", line 37, in test_api_ebillActionIIIAPIs_success
    excel_data = json.loads(excel_result)
                 ^^^^^^^^^^^^^^^^^^^^^^^^
  File "C:\Users\tinamtwang\AppData\Local\Programs\Python\Python312\Lib\json\__init__.py", line 346, in loads
    return _default_decoder.decode(s)
           ^^^^^^^^^^^^^^^^^^^^^^^^^^
  File "C:\Users\tinamtwang\AppData\Local\Programs\Python\Python312\Lib\json\decoder.py", line 337, in decode
    obj, end = self.raw_decode(s, idx=_w(s, 0).end())
               ^^^^^^^^^^^^^^^^^^^^^^^^^^^^^^^^^^^^^^
  File "C:\Users\tinamtwang\AppData\Local\Programs\Python\Python312\Lib\json\decoder.py", line 353, in raw_decode
    obj, end = self.scan_once(s, idx)
               ^^^^^^^^^^^^^^^^^^^^^^
json.decoder.JSONDecodeError: Expecting ',' delimiter: line 1 column 27 (char 26)
09:14:17 [    INFO] END (test_api_EbillActionIII.py:47)
09:14:17 [    INFO] Request method: get (api_utils.py:14)
09:14:17 [    INFO] Request URL: http://csappstage.catch.net.tw/cs/API/ebillListIII (api_utils.py:15)
09:14:17 [    INFO] Request headers: {'User-Agent': 'python-requests/2.32.3', 'Accept-Encoding': 'gzip, deflate', 'Accept': '*/*', 'Connection': 'keep-alive'} (api_utils.py:17)
09:14:17 [    INFO] Request Json body: null (api_utils.py:20)
09:14:21 [    INFO] Response headers: {'X-Frame-Options': 'SAMEORIGIN', 'X-XSS-Protection': '1; mode=block', 'Cache-Control': 'no-cache, no-store, must-revalidate', 'Pragma': 'no-cache', 'X-Content-Type-Options': 'nosniff', 'Content-Type': 'text/html;charset=UTF-8', 'Date': 'Wed, 13 Nov 2024 01:14:21 GMT', 'Server': '', 'Content-Length': '232', 'Age': '4', 'Connection': 'keep-alive', 'Via': '1.1 TWM-WCG-SVR3'} (api_utils.py:23)
09:14:21 [    INFO] Response code: 200 (api_utils.py:24)
09:14:21 [    INFO] Response: {
    "cs_app": {
        "TS018": "Y",
        "TS062": "N",
        "TS064": "N",
        "bill_indic": "S",
        "limitMsg": "合約期間限使用e帳單，無法取消。",
        "personal_indic": "Y",
        "po_email": "",
        "ret_code": "0",
        "setting_change": "Y",
        "subscrid": "14796488",
        "uid": "82800"
    }
} (api_utils.py:28)
09:14:21 [    INFO] END (test_api_EbillListIII.py:46)
09:14:21 [    INFO] Request method: get (api_utils.py:14)
09:14:21 [    INFO] Request URL: http://csappstage.catch.net.tw/cs/API/ebillListIII (api_utils.py:15)
09:14:21 [    INFO] Request headers: {'User-Agent': 'python-requests/2.32.3', 'Accept-Encoding': 'gzip, deflate', 'Accept': '*/*', 'Connection': 'keep-alive'} (api_utils.py:17)
09:14:21 [    INFO] Request Json body: null (api_utils.py:20)
09:14:22 [    INFO] Response headers: {'X-Frame-Options': 'SAMEORIGIN', 'X-XSS-Protection': '1; mode=block', 'Cache-Control': 'no-cache, no-store, must-revalidate', 'Pragma': 'no-cache', 'X-Content-Type-Options': 'nosniff', 'Content-Type': 'text/html;charset=UTF-8', 'Date': 'Wed, 13 Nov 2024 01:14:21 GMT', 'Server': '', 'Content-Length': '232', 'Age': '2', 'Connection': 'keep-alive', 'Via': '1.1 TWM-WCG-SVR3'} (api_utils.py:23)
09:14:22 [    INFO] Response code: 200 (api_utils.py:24)
09:14:22 [    INFO] Response: {
    "cs_app": {
        "TS018": "Y",
        "TS062": "N",
        "TS064": "N",
        "bill_indic": "S",
        "limitMsg": "合約期間限使用e帳單，無法取消。",
        "personal_indic": "Y",
        "po_email": "",
        "ret_code": "0",
        "setting_change": "Y",
        "subscrid": "14796488",
        "uid": "82800"
    }
} (api_utils.py:28)
09:14:22 [    INFO] END (test_api_EbillListIII.py:46)
09:14:22 [    INFO] Request method: get (api_utils.py:14)
09:14:22 [    INFO] Request URL: http://csappstage.catch.net.tw/cs/API/ebillListIII (api_utils.py:15)
09:14:22 [    INFO] Request headers: {'User-Agent': 'python-requests/2.32.3', 'Accept-Encoding': 'gzip, deflate', 'Accept': '*/*', 'Connection': 'keep-alive'} (api_utils.py:17)
09:14:22 [    INFO] Request Json body: null (api_utils.py:20)
09:14:22 [    INFO] Response headers: {'X-Frame-Options': 'SAMEORIGIN', 'X-XSS-Protection': '1; mode=block', 'Cache-Control': 'no-cache, no-store, must-revalidate', 'Pragma': 'no-cache', 'X-Content-Type-Options': 'nosniff', 'Content-Type': 'text/html;charset=UTF-8', 'Date': 'Wed, 13 Nov 2024 01:14:21 GMT', 'Server': '', 'Content-Length': '232', 'Age': '1', 'Connection': 'keep-alive', 'Via': '1.1 TWM-WCG-SVR3'} (api_utils.py:23)
09:14:22 [    INFO] Response code: 200 (api_utils.py:24)
09:14:22 [    INFO] Response: {
    "cs_app": {
        "TS018": "Y",
        "TS062": "N",
        "TS064": "N",
        "bill_indic": "S",
        "limitMsg": "合約期間限使用e帳單，無法取消。",
        "personal_indic": "Y",
        "po_email": "",
        "ret_code": "0",
        "setting_change": "Y",
        "subscrid": "14796488",
        "uid": "82800"
    }
} (api_utils.py:28)
09:14:22 [   ERROR] An error occurred: [Json 內容比對失敗], expected: {'cs_app': {'uid': '8280012', 'subscrid': '14796488', 'setting_change': 'Y', 'personal_indic': 'Y', 'bill_indic': 'S', 'TS064': 'N', 'po_email': '', 'TS062': 'N', 'ret_code': '0', 'limitMsg': '合約期間限使用e帳單，無法取消。', 'TS018': 'Y'}}, but actual: {'cs_app': {'uid': '82800', 'subscrid': '14796488', 'setting_change': 'Y', 'personal_indic': 'Y', 'bill_indic': 'S', 'TS064': 'N', 'po_email': '', 'TS062': 'N', 'ret_code': '0', 'limitMsg': '合約期間限使用e帳單，無法取消。', 'TS018': 'Y'}} (test_api_EbillListIII.py:42)
Traceback (most recent call last):
  File "C:\CSAPP-main\CSAPP-main\test_APIs\test_api_EbillListIII.py", line 38, in test_api_ebillListIIIAPIs_success
    ObjectUtils.equal_str("Json 內容比對失敗", excel_data, response_data)
  File "C:\CSAPP-main\CSAPP-main\utils\object_utils.py", line 4, in equal_str
    assert str(exp_value) == str(act_value), f"[{key}], expected: {exp_value}, but actual: {act_value}"
           ^^^^^^^^^^^^^^^^^^^^^^^^^^^^^^^^
AssertionError: [Json 內容比對失敗], expected: {'cs_app': {'uid': '8280012', 'subscrid': '14796488', 'setting_change': 'Y', 'personal_indic': 'Y', 'bill_indic': 'S', 'TS064': 'N', 'po_email': '', 'TS062': 'N', 'ret_code': '0', 'limitMsg': '合約期間限使用e帳單，無法取消。', 'TS018': 'Y'}}, but actual: {'cs_app': {'uid': '82800', 'subscrid': '14796488', 'setting_change': 'Y', 'personal_indic': 'Y', 'bill_indic': 'S', 'TS064': 'N', 'po_email': '', 'TS062': 'N', 'ret_code': '0', 'limitMsg': '合約期間限使用e帳單，無法取消。', 'TS018': 'Y'}}
09:14:22 [    INFO] END (test_api_EbillListIII.py:46)
09:14:22 [    INFO] Request method: get (api_utils.py:14)
09:14:22 [    INFO] Request URL: http://csappstage.catch.net.tw/cs/API/ebillListIII (api_utils.py:15)
09:14:22 [    INFO] Request headers: {'User-Agent': 'python-requests/2.32.3', 'Accept-Encoding': 'gzip, deflate', 'Accept': '*/*', 'Connection': 'keep-alive'} (api_utils.py:17)
09:14:22 [    INFO] Request Json body: null (api_utils.py:20)
09:14:22 [    INFO] Response headers: {'X-Frame-Options': 'SAMEORIGIN', 'X-XSS-Protection': '1; mode=block', 'Cache-Control': 'no-cache, no-store, must-revalidate', 'Pragma': 'no-cache', 'X-Content-Type-Options': 'nosniff', 'Content-Type': 'text/html;charset=UTF-8', 'Date': 'Wed, 13 Nov 2024 01:14:21 GMT', 'Server': '', 'Content-Length': '232', 'Age': '1', 'Connection': 'keep-alive', 'Via': '1.1 TWM-WCG-SVR3'} (api_utils.py:23)
09:14:22 [    INFO] Response code: 200 (api_utils.py:24)
09:14:22 [    INFO] Response: {
    "cs_app": {
        "TS018": "Y",
        "TS062": "N",
        "TS064": "N",
        "bill_indic": "S",
        "limitMsg": "合約期間限使用e帳單，無法取消。",
        "personal_indic": "Y",
        "po_email": "",
        "ret_code": "0",
        "setting_change": "Y",
        "subscrid": "14796488",
        "uid": "82800"
    }
} (api_utils.py:28)
09:14:22 [   ERROR] An error occurred: [Json 內容比對失敗], expected: {'cs_app': {'uid': '8280012', 'subscrid': '14796488', 'setting_change': 'Y', 'personal_indic': 'Y', 'bill_indic': 'S', 'TS064': 'N', 'po_email': '', 'TS062': 'N', 'ret_code': '0', 'limitMsg': '合約期間限使用e帳單，無法取消。', 'TS018': 'Y'}}, but actual: {'cs_app': {'uid': '82800', 'subscrid': '14796488', 'setting_change': 'Y', 'personal_indic': 'Y', 'bill_indic': 'S', 'TS064': 'N', 'po_email': '', 'TS062': 'N', 'ret_code': '0', 'limitMsg': '合約期間限使用e帳單，無法取消。', 'TS018': 'Y'}} (test_api_EbillListIII.py:42)
Traceback (most recent call last):
  File "C:\CSAPP-main\CSAPP-main\test_APIs\test_api_EbillListIII.py", line 38, in test_api_ebillListIIIAPIs_success
    ObjectUtils.equal_str("Json 內容比對失敗", excel_data, response_data)
  File "C:\CSAPP-main\CSAPP-main\utils\object_utils.py", line 4, in equal_str
    assert str(exp_value) == str(act_value), f"[{key}], expected: {exp_value}, but actual: {act_value}"
           ^^^^^^^^^^^^^^^^^^^^^^^^^^^^^^^^
AssertionError: [Json 內容比對失敗], expected: {'cs_app': {'uid': '8280012', 'subscrid': '14796488', 'setting_change': 'Y', 'personal_indic': 'Y', 'bill_indic': 'S', 'TS064': 'N', 'po_email': '', 'TS062': 'N', 'ret_code': '0', 'limitMsg': '合約期間限使用e帳單，無法取消。', 'TS018': 'Y'}}, but actual: {'cs_app': {'uid': '82800', 'subscrid': '14796488', 'setting_change': 'Y', 'personal_indic': 'Y', 'bill_indic': 'S', 'TS064': 'N', 'po_email': '', 'TS062': 'N', 'ret_code': '0', 'limitMsg': '合約期間限使用e帳單，無法取消。', 'TS018': 'Y'}}
09:14:22 [    INFO] END (test_api_EbillListIII.py:46)
09:14:22 [    INFO] Request method: get (api_utils.py:14)
09:14:22 [    INFO] Request URL: http://csappstage.catch.net.tw/cs/API/getBillingInfo (api_utils.py:15)
09:14:22 [    INFO] Request headers: {'User-Agent': 'python-requests/2.32.3', 'Accept-Encoding': 'gzip, deflate', 'Accept': '*/*', 'Connection': 'keep-alive'} (api_utils.py:17)
09:14:22 [    INFO] Request Json body: null (api_utils.py:20)
09:14:24 [    INFO] Response headers: {'X-Frame-Options': 'SAMEORIGIN', 'X-XSS-Protection': '1; mode=block', 'Cache-Control': 'no-cache, no-store, must-revalidate', 'Pragma': 'no-cache', 'X-Content-Type-Options': 'nosniff', 'Content-Type': 'text/html;charset=UTF-8', 'Date': 'Wed, 13 Nov 2024 01:14:24 GMT', 'Server': '', 'Content-Length': '478', 'Age': '2', 'Connection': 'keep-alive', 'Via': '1.1 TWM-WCG-SVR3'} (api_utils.py:23)
09:14:24 [    INFO] Response code: 200 (api_utils.py:24)
09:14:24 [    INFO] Response: {
    "cs_app": {
        "billing_amount": {
            "bill_no": "9987451709241",
            "billing_date": "2024/10/01",
            "chk_date_info": "20241007",
            "is_chk_date": "N",
            "is_new_bill": "Y",
            "issue_date": "202410",
            "po_billing_date": "2024/09/02~2024/10/01",
            "po_chrg_amt": 580,
            "po_due_date": "2024/10/22",
            "po_last_amt": 0,
            "po_new_amt": 580,
            "po_paid_amt": 0
        },
        "mp_payment_record": {
            "amount": "260",
            "payment_date": "2022/09/22",
            "unit_nme": "VISA/MASTER卡"
        },
        "msisdn": "09278***88      ",
        "ret_code": "0",
        "subscrid": "14796488",
        "uid": "82800"
    }
} (api_utils.py:28)
09:14:24 [    INFO] END (test_api_GetBillingInfo.py:46)
09:14:24 [    INFO] Request method: get (api_utils.py:14)
09:14:24 [    INFO] Request URL: http://csappstage.catch.net.tw/cs/API/getBillingInfo (api_utils.py:15)
09:14:24 [    INFO] Request headers: {'User-Agent': 'python-requests/2.32.3', 'Accept-Encoding': 'gzip, deflate', 'Accept': '*/*', 'Connection': 'keep-alive'} (api_utils.py:17)
09:14:24 [    INFO] Request Json body: null (api_utils.py:20)
09:14:24 [    INFO] Response headers: {'X-Frame-Options': 'SAMEORIGIN', 'X-XSS-Protection': '1; mode=block', 'Cache-Control': 'no-cache, no-store, must-revalidate', 'Pragma': 'no-cache', 'X-Content-Type-Options': 'nosniff', 'Content-Type': 'text/html;charset=UTF-8', 'Date': 'Wed, 13 Nov 2024 01:14:24 GMT', 'Server': '', 'Content-Length': '478', 'Age': '0', 'Connection': 'keep-alive', 'Via': '1.1 TWM-WCG-SVR3'} (api_utils.py:23)
09:14:24 [    INFO] Response code: 200 (api_utils.py:24)
09:14:24 [    INFO] Response: {
    "cs_app": {
        "billing_amount": {
            "bill_no": "9987451709241",
            "billing_date": "2024/10/01",
            "chk_date_info": "20241007",
            "is_chk_date": "N",
            "is_new_bill": "Y",
            "issue_date": "202410",
            "po_billing_date": "2024/09/02~2024/10/01",
            "po_chrg_amt": 580,
            "po_due_date": "2024/10/22",
            "po_last_amt": 0,
            "po_new_amt": 580,
            "po_paid_amt": 0
        },
        "mp_payment_record": {
            "amount": "260",
            "payment_date": "2022/09/22",
            "unit_nme": "VISA/MASTER卡"
        },
        "msisdn": "09278***88      ",
        "ret_code": "0",
        "subscrid": "14796488",
        "uid": "82800"
    }
} (api_utils.py:28)
09:14:24 [    INFO] END (test_api_GetBillingInfo.py:46)
09:14:24 [    INFO] Request method: get (api_utils.py:14)
09:14:24 [    INFO] Request URL: http://csappstage.catch.net.tw/cs/API/getBillingInfo (api_utils.py:15)
09:14:24 [    INFO] Request headers: {'User-Agent': 'python-requests/2.32.3', 'Accept-Encoding': 'gzip, deflate', 'Accept': '*/*', 'Connection': 'keep-alive'} (api_utils.py:17)
09:14:24 [    INFO] Request Json body: null (api_utils.py:20)
09:14:25 [    INFO] Response headers: {'X-Frame-Options': 'SAMEORIGIN', 'X-XSS-Protection': '1; mode=block', 'Cache-Control': 'no-cache, no-store, must-revalidate', 'Pragma': 'no-cache', 'X-Content-Type-Options': 'nosniff', 'Content-Type': 'text/html;charset=UTF-8', 'Date': 'Wed, 13 Nov 2024 01:14:24 GMT', 'Server': '', 'Content-Length': '478', 'Age': '2', 'Connection': 'keep-alive', 'Via': '1.1 TWM-WCG-SVR3'} (api_utils.py:23)
09:14:25 [    INFO] Response code: 200 (api_utils.py:24)
09:14:25 [    INFO] Response: {
    "cs_app": {
        "billing_amount": {
            "bill_no": "9987451709241",
            "billing_date": "2024/10/01",
            "chk_date_info": "20241007",
            "is_chk_date": "N",
            "is_new_bill": "Y",
            "issue_date": "202410",
            "po_billing_date": "2024/09/02~2024/10/01",
            "po_chrg_amt": 580,
            "po_due_date": "2024/10/22",
            "po_last_amt": 0,
            "po_new_amt": 580,
            "po_paid_amt": 0
        },
        "mp_payment_record": {
            "amount": "260",
            "payment_date": "2022/09/22",
            "unit_nme": "VISA/MASTER卡"
        },
        "msisdn": "09278***88      ",
        "ret_code": "0",
        "subscrid": "14796488",
        "uid": "82800"
    }
} (api_utils.py:28)
09:14:25 [   ERROR] An error occurred: [Json 內容比對失敗], expected: {'cs_app': {'billing_amount': {'is_chk_date': 'N', 'chk_date_info': '20161021', 'po_paid_amt': 0, 'issue_date': '20240824', 'po_due_date': '2024/08/22', 'po_new_amt': 0, 'po_billing_date': '2024/07/02~2024/08/01', 'bill_no': '9974132207249', 'is_new_bill': 'Y', 'po_chrg_amt': 0, 'billing_date': '2024/08/01', 'po_last_amt': 0}, 'uid': '82800', 'subscrid': '14796488', 'msisdn': '09278***88      ', 'ret_code': '0', 'payment_record': {'amount': '100', 'unit_nme': '轉代-繳費稅平台', 'payment_date': '2022/07/22'}}}, but actual: {'cs_app': {'billing_amount': {'is_chk_date': 'N', 'chk_date_info': '20241007', 'po_paid_amt': 0, 'issue_date': '202410', 'po_due_date': '2024/10/22', 'po_new_amt': 580, 'po_billing_date': '2024/09/02~2024/10/01', 'bill_no': '9987451709241', 'is_new_bill': 'Y', 'po_chrg_amt': 580, 'billing_date': '2024/10/01', 'po_last_amt': 0}, 'mp_payment_record': {'amount': '260', 'unit_nme': 'VISA/MASTER卡', 'payment_date': '2022/09/22'}, 'uid': '82800', 'subscrid': '14796488', 'msisdn': '09278***88      ', 'ret_code': '0'}} (test_api_GetBillingInfo.py:42)
Traceback (most recent call last):
  File "C:\CSAPP-main\CSAPP-main\test_APIs\test_api_GetBillingInfo.py", line 38, in test_api_GetBillingInfoAPIs_success
    ObjectUtils.equal_str("Json 內容比對失敗", excel_data, response_data)
  File "C:\CSAPP-main\CSAPP-main\utils\object_utils.py", line 4, in equal_str
    assert str(exp_value) == str(act_value), f"[{key}], expected: {exp_value}, but actual: {act_value}"
           ^^^^^^^^^^^^^^^^^^^^^^^^^^^^^^^^
AssertionError: [Json 內容比對失敗], expected: {'cs_app': {'billing_amount': {'is_chk_date': 'N', 'chk_date_info': '20161021', 'po_paid_amt': 0, 'issue_date': '20240824', 'po_due_date': '2024/08/22', 'po_new_amt': 0, 'po_billing_date': '2024/07/02~2024/08/01', 'bill_no': '9974132207249', 'is_new_bill': 'Y', 'po_chrg_amt': 0, 'billing_date': '2024/08/01', 'po_last_amt': 0}, 'uid': '82800', 'subscrid': '14796488', 'msisdn': '09278***88      ', 'ret_code': '0', 'payment_record': {'amount': '100', 'unit_nme': '轉代-繳費稅平台', 'payment_date': '2022/07/22'}}}, but actual: {'cs_app': {'billing_amount': {'is_chk_date': 'N', 'chk_date_info': '20241007', 'po_paid_amt': 0, 'issue_date': '202410', 'po_due_date': '2024/10/22', 'po_new_amt': 580, 'po_billing_date': '2024/09/02~2024/10/01', 'bill_no': '9987451709241', 'is_new_bill': 'Y', 'po_chrg_amt': 580, 'billing_date': '2024/10/01', 'po_last_amt': 0}, 'mp_payment_record': {'amount': '260', 'unit_nme': 'VISA/MASTER卡', 'payment_date': '2022/09/22'}, 'uid': '82800', 'subscrid': '14796488', 'msisdn': '09278***88      ', 'ret_code': '0'}}
09:14:25 [    INFO] END (test_api_GetBillingInfo.py:46)
09:14:25 [    INFO] Request method: get (api_utils.py:14)
09:14:25 [    INFO] Request URL: http://csappstage.catch.net.tw/cs/API/getBillingInfo (api_utils.py:15)
09:14:25 [    INFO] Request headers: {'User-Agent': 'python-requests/2.32.3', 'Accept-Encoding': 'gzip, deflate', 'Accept': '*/*', 'Connection': 'keep-alive'} (api_utils.py:17)
09:14:25 [    INFO] Request Json body: null (api_utils.py:20)
09:14:25 [    INFO] Response headers: {'X-Frame-Options': 'SAMEORIGIN', 'X-XSS-Protection': '1; mode=block', 'Cache-Control': 'no-cache, no-store, must-revalidate', 'Pragma': 'no-cache', 'X-Content-Type-Options': 'nosniff', 'Content-Type': 'text/html;charset=UTF-8', 'Date': 'Wed, 13 Nov 2024 01:14:25 GMT', 'Server': '', 'Content-Length': '478', 'Age': '0', 'Connection': 'keep-alive', 'Via': '1.1 TWM-WCG-SVR3'} (api_utils.py:23)
09:14:25 [    INFO] Response code: 200 (api_utils.py:24)
09:14:25 [    INFO] Response: {
    "cs_app": {
        "billing_amount": {
            "bill_no": "9987451709241",
            "billing_date": "2024/10/01",
            "chk_date_info": "20241007",
            "is_chk_date": "N",
            "is_new_bill": "Y",
            "issue_date": "202410",
            "po_billing_date": "2024/09/02~2024/10/01",
            "po_chrg_amt": 580,
            "po_due_date": "2024/10/22",
            "po_last_amt": 0,
            "po_new_amt": 580,
            "po_paid_amt": 0
        },
        "mp_payment_record": {
            "amount": "260",
            "payment_date": "2022/09/22",
            "unit_nme": "VISA/MASTER卡"
        },
        "msisdn": "09278***88      ",
        "ret_code": "0",
        "subscrid": "14796488",
        "uid": "82800"
    }
} (api_utils.py:28)
09:14:25 [   ERROR] An error occurred: [Json 內容比對失敗], expected: {'cs_app': {'billing_amount': {'is_chk_date': 'N', 'chk_date_info': '20161021', 'po_paid_amt': 0, 'issue_date': '202408', 'po_due_date': '2024/08/22', 'po_new_amt': 0, 'po_billing_date': '2024/07/02~2024/08/01', 'bill_no': '99741322525207249', 'is_new_bill': 'Y', 'po_chrg_amt': 0, 'billing_date': '2024/08/01', 'po_last_amt': 0}, 'uid': '82800', 'subscrid': '14796488', 'msisdn': '09278***88      ', 'ret_code': '0', 'payment_record': {'amount': '100', 'unit_nme': '轉代-繳費稅平台', 'payment_date': '2022/07/22'}}}, but actual: {'cs_app': {'billing_amount': {'is_chk_date': 'N', 'chk_date_info': '20241007', 'po_paid_amt': 0, 'issue_date': '202410', 'po_due_date': '2024/10/22', 'po_new_amt': 580, 'po_billing_date': '2024/09/02~2024/10/01', 'bill_no': '9987451709241', 'is_new_bill': 'Y', 'po_chrg_amt': 580, 'billing_date': '2024/10/01', 'po_last_amt': 0}, 'mp_payment_record': {'amount': '260', 'unit_nme': 'VISA/MASTER卡', 'payment_date': '2022/09/22'}, 'uid': '82800', 'subscrid': '14796488', 'msisdn': '09278***88      ', 'ret_code': '0'}} (test_api_GetBillingInfo.py:42)
Traceback (most recent call last):
  File "C:\CSAPP-main\CSAPP-main\test_APIs\test_api_GetBillingInfo.py", line 38, in test_api_GetBillingInfoAPIs_success
    ObjectUtils.equal_str("Json 內容比對失敗", excel_data, response_data)
  File "C:\CSAPP-main\CSAPP-main\utils\object_utils.py", line 4, in equal_str
    assert str(exp_value) == str(act_value), f"[{key}], expected: {exp_value}, but actual: {act_value}"
           ^^^^^^^^^^^^^^^^^^^^^^^^^^^^^^^^
AssertionError: [Json 內容比對失敗], expected: {'cs_app': {'billing_amount': {'is_chk_date': 'N', 'chk_date_info': '20161021', 'po_paid_amt': 0, 'issue_date': '202408', 'po_due_date': '2024/08/22', 'po_new_amt': 0, 'po_billing_date': '2024/07/02~2024/08/01', 'bill_no': '99741322525207249', 'is_new_bill': 'Y', 'po_chrg_amt': 0, 'billing_date': '2024/08/01', 'po_last_amt': 0}, 'uid': '82800', 'subscrid': '14796488', 'msisdn': '09278***88      ', 'ret_code': '0', 'payment_record': {'amount': '100', 'unit_nme': '轉代-繳費稅平台', 'payment_date': '2022/07/22'}}}, but actual: {'cs_app': {'billing_amount': {'is_chk_date': 'N', 'chk_date_info': '20241007', 'po_paid_amt': 0, 'issue_date': '202410', 'po_due_date': '2024/10/22', 'po_new_amt': 580, 'po_billing_date': '2024/09/02~2024/10/01', 'bill_no': '9987451709241', 'is_new_bill': 'Y', 'po_chrg_amt': 580, 'billing_date': '2024/10/01', 'po_last_amt': 0}, 'mp_payment_record': {'amount': '260', 'unit_nme': 'VISA/MASTER卡', 'payment_date': '2022/09/22'}, 'uid': '82800', 'subscrid': '14796488', 'msisdn': '09278***88      ', 'ret_code': '0'}}
09:14:25 [    INFO] END (test_api_GetBillingInfo.py:46)
09:14:25 [    INFO] Request method: get (api_utils.py:14)
09:14:25 [    INFO] Request URL: http://csappstage.catch.net.tw/cs/API/queryBillingDetail (api_utils.py:15)
09:14:25 [    INFO] Request headers: {'User-Agent': 'python-requests/2.32.3', 'Accept-Encoding': 'gzip, deflate', 'Accept': '*/*', 'Connection': 'keep-alive'} (api_utils.py:17)
09:14:25 [    INFO] Request Json body: null (api_utils.py:20)
09:14:26 [    INFO] Response headers: {'X-Frame-Options': 'SAMEORIGIN', 'X-XSS-Protection': '1; mode=block', 'Cache-Control': 'no-cache, no-store, must-revalidate', 'Pragma': 'no-cache', 'X-Content-Type-Options': 'nosniff', 'Content-Type': 'text/html;charset=UTF-8', 'Date': 'Wed, 13 Nov 2024 01:14:25 GMT', 'Server': '', 'Content-Length': '194', 'Age': '0', 'Connection': 'keep-alive', 'Via': '1.1 TWM-WCG-SVR3'} (api_utils.py:23)
09:14:26 [    INFO] Response code: 200 (api_utils.py:24)
09:14:26 [    INFO] Response: {
    "cs_app": {
        "bill_indic": "S",
        "errMsg": "01:errApi:VCBSMAN.CW_PC_BMBI_BILL_AMT/errMsg:抓取CW_TB_BILL_SUMMARY資料帳單號碼=9927061503211找不到資料",
        "ret_code": "6",
        "subscrid": "14796488"
    }
} (api_utils.py:28)
09:14:26 [    INFO] END (test_api_QueryBillingDetail.py:46)
09:14:26 [    INFO] Request method: get (api_utils.py:14)
09:14:26 [    INFO] Request URL: http://csappstage.catch.net.tw/cs/API/queryBillingDetail (api_utils.py:15)
09:14:26 [    INFO] Request headers: {'User-Agent': 'python-requests/2.32.3', 'Accept-Encoding': 'gzip, deflate', 'Accept': '*/*', 'Connection': 'keep-alive'} (api_utils.py:17)
09:14:26 [    INFO] Request Json body: null (api_utils.py:20)
09:14:26 [    INFO] Response headers: {'X-Frame-Options': 'SAMEORIGIN', 'X-XSS-Protection': '1; mode=block', 'Cache-Control': 'no-cache, no-store, must-revalidate', 'Pragma': 'no-cache', 'X-Content-Type-Options': 'nosniff', 'Content-Type': 'text/html;charset=UTF-8', 'Date': 'Wed, 13 Nov 2024 01:14:25 GMT', 'Server': '', 'Content-Length': '194', 'Age': '1', 'Connection': 'keep-alive', 'Via': '1.1 TWM-WCG-SVR3'} (api_utils.py:23)
09:14:26 [    INFO] Response code: 200 (api_utils.py:24)
09:14:26 [    INFO] Response: {
    "cs_app": {
        "bill_indic": "S",
        "errMsg": "01:errApi:VCBSMAN.CW_PC_BMBI_BILL_AMT/errMsg:抓取CW_TB_BILL_SUMMARY資料帳單號碼=9927061503211找不到資料",
        "ret_code": "6",
        "subscrid": "14796488"
    }
} (api_utils.py:28)
09:14:26 [    INFO] END (test_api_QueryBillingDetail.py:46)
09:14:26 [    INFO] Request method: get (api_utils.py:14)
09:14:26 [    INFO] Request URL: http://csappstage.catch.net.tw/cs/API/queryBillingDetail (api_utils.py:15)
09:14:26 [    INFO] Request headers: {'User-Agent': 'python-requests/2.32.3', 'Accept-Encoding': 'gzip, deflate', 'Accept': '*/*', 'Connection': 'keep-alive'} (api_utils.py:17)
09:14:26 [    INFO] Request Json body: null (api_utils.py:20)
09:14:26 [    INFO] Response headers: {'X-Frame-Options': 'SAMEORIGIN', 'X-XSS-Protection': '1; mode=block', 'Cache-Control': 'no-cache, no-store, must-revalidate', 'Pragma': 'no-cache', 'X-Content-Type-Options': 'nosniff', 'Content-Type': 'text/html;charset=UTF-8', 'Date': 'Wed, 13 Nov 2024 01:14:26 GMT', 'Server': '', 'Content-Length': '194', 'Age': '0', 'Connection': 'keep-alive', 'Via': '1.1 TWM-WCG-SVR3'} (api_utils.py:23)
09:14:26 [    INFO] Response code: 200 (api_utils.py:24)
09:14:26 [    INFO] Response: {
    "cs_app": {
        "bill_indic": "S",
        "errMsg": "01:errApi:VCBSMAN.CW_PC_BMBI_BILL_AMT/errMsg:抓取CW_TB_BILL_SUMMARY資料帳單號碼=9927061503211找不到資料",
        "ret_code": "6",
        "subscrid": "14796488"
    }
} (api_utils.py:28)
09:14:26 [   ERROR] An error occurred: [Json 內容比對失敗], expected: {'cs_app': {'po_new_amt_dscr': '本期應繳金額', 'bill_list': [{'amount': 1199, 'index': 1, 'bill_item_name': '基本月費'}, {'amount': 149, 'index': 2, 'bill_item_name': 'MyMusic'}, {'amount': 250, 'index': 3, 'bill_item_name': 'MyVideo豪華月租費'}, {'amount': -60, 'index': 4, 'bill_item_name': '減免myMusic月租費'}, {'amount': -151, 'index': 5, 'bill_item_name': '減免MyVideo豪華月租費'}, {'amount': -1387, 'index': 6, 'bill_item_name': '減免帳單金額'}], 'subscrid': '524514796488', 'po_paid_amt_dscr': ' ', 'po_new_amt': 0, 'po_due_date_dscr': '繳款截止日', 'po_due_date': '無需繳款', 'po_msg': ' ', 'bill_indic': 'S', 'count': '0.00', 'po_chrg_amt_dscr': ' ', 'ret_code': '0'}}, but actual: {'cs_app': {'subscrid': '14796488', 'bill_indic': 'S', 'errMsg': '01:errApi:VCBSMAN.CW_PC_BMBI_BILL_AMT/errMsg:抓取CW_TB_BILL_SUMMARY資料帳單號碼=9927061503211找不到資料', 'ret_code': '6'}} (test_api_QueryBillingDetail.py:42)
Traceback (most recent call last):
  File "C:\CSAPP-main\CSAPP-main\test_APIs\test_api_QueryBillingDetail.py", line 38, in test_api_queryBillingDetailAPIs_success
    ObjectUtils.equal_str("Json 內容比對失敗", excel_data, response_data)
  File "C:\CSAPP-main\CSAPP-main\utils\object_utils.py", line 4, in equal_str
    assert str(exp_value) == str(act_value), f"[{key}], expected: {exp_value}, but actual: {act_value}"
           ^^^^^^^^^^^^^^^^^^^^^^^^^^^^^^^^
AssertionError: [Json 內容比對失敗], expected: {'cs_app': {'po_new_amt_dscr': '本期應繳金額', 'bill_list': [{'amount': 1199, 'index': 1, 'bill_item_name': '基本月費'}, {'amount': 149, 'index': 2, 'bill_item_name': 'MyMusic'}, {'amount': 250, 'index': 3, 'bill_item_name': 'MyVideo豪華月租費'}, {'amount': -60, 'index': 4, 'bill_item_name': '減免myMusic月租費'}, {'amount': -151, 'index': 5, 'bill_item_name': '減免MyVideo豪華月租費'}, {'amount': -1387, 'index': 6, 'bill_item_name': '減免帳單金額'}], 'subscrid': '524514796488', 'po_paid_amt_dscr': ' ', 'po_new_amt': 0, 'po_due_date_dscr': '繳款截止日', 'po_due_date': '無需繳款', 'po_msg': ' ', 'bill_indic': 'S', 'count': '0.00', 'po_chrg_amt_dscr': ' ', 'ret_code': '0'}}, but actual: {'cs_app': {'subscrid': '14796488', 'bill_indic': 'S', 'errMsg': '01:errApi:VCBSMAN.CW_PC_BMBI_BILL_AMT/errMsg:抓取CW_TB_BILL_SUMMARY資料帳單號碼=9927061503211找不到資料', 'ret_code': '6'}}
09:14:26 [    INFO] END (test_api_QueryBillingDetail.py:46)
09:14:26 [    INFO] Request method: get (api_utils.py:14)
09:14:26 [    INFO] Request URL: http://csappstage.catch.net.tw/cs/API/queryBillingDetail (api_utils.py:15)
09:14:26 [    INFO] Request headers: {'User-Agent': 'python-requests/2.32.3', 'Accept-Encoding': 'gzip, deflate', 'Accept': '*/*', 'Connection': 'keep-alive'} (api_utils.py:17)
09:14:26 [    INFO] Request Json body: null (api_utils.py:20)
09:14:27 [    INFO] Response headers: {'X-Frame-Options': 'SAMEORIGIN', 'X-XSS-Protection': '1; mode=block', 'Cache-Control': 'no-cache, no-store, must-revalidate', 'Pragma': 'no-cache', 'X-Content-Type-Options': 'nosniff', 'Content-Type': 'text/html;charset=UTF-8', 'Date': 'Wed, 13 Nov 2024 01:14:26 GMT', 'Server': '', 'Content-Length': '194', 'Age': '0', 'Connection': 'keep-alive', 'Via': '1.1 TWM-WCG-SVR3'} (api_utils.py:23)
09:14:27 [    INFO] Response code: 200 (api_utils.py:24)
09:14:27 [    INFO] Response: {
    "cs_app": {
        "bill_indic": "S",
        "errMsg": "01:errApi:VCBSMAN.CW_PC_BMBI_BILL_AMT/errMsg:抓取CW_TB_BILL_SUMMARY資料帳單號碼=9927061503211找不到資料",
        "ret_code": "6",
        "subscrid": "14796488"
    }
} (api_utils.py:28)
09:14:27 [   ERROR] An error occurred: [Json 內容比對失敗], expected: {'cs_app': {'po_new_amt_dscr': '本期應繳金額', 'bill_list': [{'amount': 1199, 'index': 1, 'bill_item_name': '基本月費'}, {'amount': 149, 'index': 2, 'bill_item_name': 'MyMusic'}, {'amount': 2757550, 'index': 3, 'bill_item_name': 'MyVideo豪華月租費'}, {'amount': -60, 'index': 4, 'bill_item_name': '減免myMusic月租費'}, {'amount': -151, 'index': 5, 'bill_item_name': '減免MyVideo豪華月租費'}, {'amount': -1387, 'index': 6, 'bill_item_name': '減免帳單金額'}], 'subscrid': '14796488', 'po_paid_amt_dscr': ' ', 'po_new_amt': 0, 'po_due_date_dscr': '繳款截止日', 'po_due_date': '無需繳款', 'po_msg': ' ', 'bill_indic': 'S', 'count': '0.00', 'po_chrg_amt_dscr': ' ', 'ret_code': '0'}}, but actual: {'cs_app': {'subscrid': '14796488', 'bill_indic': 'S', 'errMsg': '01:errApi:VCBSMAN.CW_PC_BMBI_BILL_AMT/errMsg:抓取CW_TB_BILL_SUMMARY資料帳單號碼=9927061503211找不到資料', 'ret_code': '6'}} (test_api_QueryBillingDetail.py:42)
Traceback (most recent call last):
  File "C:\CSAPP-main\CSAPP-main\test_APIs\test_api_QueryBillingDetail.py", line 38, in test_api_queryBillingDetailAPIs_success
    ObjectUtils.equal_str("Json 內容比對失敗", excel_data, response_data)
  File "C:\CSAPP-main\CSAPP-main\utils\object_utils.py", line 4, in equal_str
    assert str(exp_value) == str(act_value), f"[{key}], expected: {exp_value}, but actual: {act_value}"
           ^^^^^^^^^^^^^^^^^^^^^^^^^^^^^^^^
AssertionError: [Json 內容比對失敗], expected: {'cs_app': {'po_new_amt_dscr': '本期應繳金額', 'bill_list': [{'amount': 1199, 'index': 1, 'bill_item_name': '基本月費'}, {'amount': 149, 'index': 2, 'bill_item_name': 'MyMusic'}, {'amount': 2757550, 'index': 3, 'bill_item_name': 'MyVideo豪華月租費'}, {'amount': -60, 'index': 4, 'bill_item_name': '減免myMusic月租費'}, {'amount': -151, 'index': 5, 'bill_item_name': '減免MyVideo豪華月租費'}, {'amount': -1387, 'index': 6, 'bill_item_name': '減免帳單金額'}], 'subscrid': '14796488', 'po_paid_amt_dscr': ' ', 'po_new_amt': 0, 'po_due_date_dscr': '繳款截止日', 'po_due_date': '無需繳款', 'po_msg': ' ', 'bill_indic': 'S', 'count': '0.00', 'po_chrg_amt_dscr': ' ', 'ret_code': '0'}}, but actual: {'cs_app': {'subscrid': '14796488', 'bill_indic': 'S', 'errMsg': '01:errApi:VCBSMAN.CW_PC_BMBI_BILL_AMT/errMsg:抓取CW_TB_BILL_SUMMARY資料帳單號碼=9927061503211找不到資料', 'ret_code': '6'}}
09:14:27 [    INFO] END (test_api_QueryBillingDetail.py:46)
09:14:27 [    INFO] Request method: get (api_utils.py:14)
09:14:27 [    INFO] Request URL: http://csappstage.catch.net.tw/cs/API/queryContinents (api_utils.py:15)
09:14:27 [    INFO] Request headers: {'User-Agent': 'python-requests/2.32.3', 'Accept-Encoding': 'gzip, deflate', 'Accept': '*/*', 'Connection': 'keep-alive'} (api_utils.py:17)
09:14:27 [    INFO] Request Json body: null (api_utils.py:20)
09:14:27 [    INFO] Response headers: {'X-Frame-Options': 'SAMEORIGIN', 'X-XSS-Protection': '1; mode=block', 'Cache-Control': 'no-cache, no-store, must-revalidate', 'Pragma': 'no-cache', 'X-Content-Type-Options': 'nosniff', 'Content-Type': 'text/html;charset=UTF-8', 'Date': 'Wed, 13 Nov 2024 01:14:26 GMT', 'Server': '', 'Content-Length': '283', 'Age': '1', 'Connection': 'keep-alive', 'Via': '1.1 TWM-WCG-SVR3'} (api_utils.py:23)
09:14:27 [    INFO] Response code: 200 (api_utils.py:24)
09:14:27 [    INFO] Response: {
    "cs_app": {
        "con_list": [
            {
                "con_code": "50",
                "con_name": "大洋洲",
                "index": 1
            },
            {
                "con_code": "40",
                "con_name": "歐洲",
                "index": 2
            },
            {
                "con_code": "30",
                "con_name": "非洲",
                "index": 3
            },
            {
                "con_code": "20",
                "con_name": "美洲",
                "index": 4
            },
            {
                "con_code": "10",
                "con_name": "亞洲",
                "index": 5
            }
        ],
        "ret_code": "0"
    }
} (api_utils.py:28)
09:14:27 [    INFO] END (test_api_QueryContinents.py:50)
09:14:27 [    INFO] Request method: get (api_utils.py:14)
09:14:27 [    INFO] Request URL: http://csappstage.catch.net.tw/cs/API/queryContinents (api_utils.py:15)
09:14:27 [    INFO] Request headers: {'User-Agent': 'python-requests/2.32.3', 'Accept-Encoding': 'gzip, deflate', 'Accept': '*/*', 'Connection': 'keep-alive'} (api_utils.py:17)
09:14:27 [    INFO] Request Json body: null (api_utils.py:20)
09:14:27 [    INFO] Response headers: {'X-Frame-Options': 'SAMEORIGIN', 'X-XSS-Protection': '1; mode=block', 'Cache-Control': 'no-cache, no-store, must-revalidate', 'Pragma': 'no-cache', 'X-Content-Type-Options': 'nosniff', 'Content-Type': 'text/html;charset=UTF-8', 'Date': 'Wed, 13 Nov 2024 01:14:26 GMT', 'Server': '', 'Content-Length': '283', 'Age': '1', 'Connection': 'keep-alive', 'Via': '1.1 TWM-WCG-SVR3'} (api_utils.py:23)
09:14:27 [    INFO] Response code: 200 (api_utils.py:24)
09:14:27 [    INFO] Response: {
    "cs_app": {
        "con_list": [
            {
                "con_code": "50",
                "con_name": "大洋洲",
                "index": 1
            },
            {
                "con_code": "40",
                "con_name": "歐洲",
                "index": 2
            },
            {
                "con_code": "30",
                "con_name": "非洲",
                "index": 3
            },
            {
                "con_code": "20",
                "con_name": "美洲",
                "index": 4
            },
            {
                "con_code": "10",
                "con_name": "亞洲",
                "index": 5
            }
        ],
        "ret_code": "0"
    }
} (api_utils.py:28)
09:14:27 [    INFO] END (test_api_QueryContinents.py:50)
09:14:27 [    INFO] Request method: get (api_utils.py:14)
09:14:27 [    INFO] Request URL: http://csappstage.catch.net.tw/cs/API/queryContinents (api_utils.py:15)
09:14:27 [    INFO] Request headers: {'User-Agent': 'python-requests/2.32.3', 'Accept-Encoding': 'gzip, deflate', 'Accept': '*/*', 'Connection': 'keep-alive'} (api_utils.py:17)
09:14:27 [    INFO] Request Json body: null (api_utils.py:20)
09:14:27 [    INFO] Response headers: {'X-Frame-Options': 'SAMEORIGIN', 'X-XSS-Protection': '1; mode=block', 'Cache-Control': 'no-cache, no-store, must-revalidate', 'Pragma': 'no-cache', 'X-Content-Type-Options': 'nosniff', 'Content-Type': 'text/html;charset=UTF-8', 'Date': 'Wed, 13 Nov 2024 01:14:26 GMT', 'Server': '', 'Content-Length': '283', 'Age': '1', 'Connection': 'keep-alive', 'Via': '1.1 TWM-WCG-SVR3'} (api_utils.py:23)
09:14:27 [    INFO] Response code: 200 (api_utils.py:24)
09:14:27 [    INFO] Response: {
    "cs_app": {
        "con_list": [
            {
                "con_code": "50",
                "con_name": "大洋洲",
                "index": 1
            },
            {
                "con_code": "40",
                "con_name": "歐洲",
                "index": 2
            },
            {
                "con_code": "30",
                "con_name": "非洲",
                "index": 3
            },
            {
                "con_code": "20",
                "con_name": "美洲",
                "index": 4
            },
            {
                "con_code": "10",
                "con_name": "亞洲",
                "index": 5
            }
        ],
        "ret_code": "0"
    }
} (api_utils.py:28)
09:14:27 [   ERROR] An error occurred: [Json 內容比對失敗], expected: {'con_name': '亞洲', 'index': 5, 'con_code': '10'}, but actual: {'con_name': '亞洲', 'index': 6, 'con_code': '10'} (test_api_QueryContinents.py:46)
Traceback (most recent call last):
  File "C:\CSAPP-main\CSAPP-main\test_APIs\test_api_QueryContinents.py", line 42, in test_api_queryContinentsAPIs_success
    ObjectUtils.equal_str("Json 內容比對失敗", r_item, e_item)
  File "C:\CSAPP-main\CSAPP-main\utils\object_utils.py", line 4, in equal_str
    assert str(exp_value) == str(act_value), f"[{key}], expected: {exp_value}, but actual: {act_value}"
           ^^^^^^^^^^^^^^^^^^^^^^^^^^^^^^^^
AssertionError: [Json 內容比對失敗], expected: {'con_name': '亞洲', 'index': 5, 'con_code': '10'}, but actual: {'con_name': '亞洲', 'index': 6, 'con_code': '10'}
09:14:27 [    INFO] END (test_api_QueryContinents.py:50)
09:14:27 [    INFO] Request method: get (api_utils.py:14)
09:14:27 [    INFO] Request URL: http://csappstage.catch.net.tw/cs/API/queryContinents (api_utils.py:15)
09:14:27 [    INFO] Request headers: {'User-Agent': 'python-requests/2.32.3', 'Accept-Encoding': 'gzip, deflate', 'Accept': '*/*', 'Connection': 'keep-alive'} (api_utils.py:17)
09:14:27 [    INFO] Request Json body: null (api_utils.py:20)
09:14:27 [    INFO] Response headers: {'X-Frame-Options': 'SAMEORIGIN', 'X-XSS-Protection': '1; mode=block', 'Cache-Control': 'no-cache, no-store, must-revalidate', 'Pragma': 'no-cache', 'X-Content-Type-Options': 'nosniff', 'Content-Type': 'text/html;charset=UTF-8', 'Date': 'Wed, 13 Nov 2024 01:14:27 GMT', 'Server': '', 'Content-Length': '283', 'Age': '0', 'Connection': 'keep-alive', 'Via': '1.1 TWM-WCG-SVR3'} (api_utils.py:23)
09:14:27 [    INFO] Response code: 200 (api_utils.py:24)
09:14:27 [    INFO] Response: {
    "cs_app": {
        "con_list": [
            {
                "con_code": "50",
                "con_name": "大洋洲",
                "index": 1
            },
            {
                "con_code": "40",
                "con_name": "歐洲",
                "index": 2
            },
            {
                "con_code": "30",
                "con_name": "非洲",
                "index": 3
            },
            {
                "con_code": "20",
                "con_name": "美洲",
                "index": 4
            },
            {
                "con_code": "10",
                "con_name": "亞洲",
                "index": 5
            }
        ],
        "ret_code": "0"
    }
} (api_utils.py:28)
09:14:27 [   ERROR] An error occurred: [Json 內容比對失敗], expected: {'con_name': '非洲', 'index': 3, 'con_code': '30'}, but actual: {'con_name': '非洲', 'index': 4, 'con_code': '30'} (test_api_QueryContinents.py:46)
Traceback (most recent call last):
  File "C:\CSAPP-main\CSAPP-main\test_APIs\test_api_QueryContinents.py", line 42, in test_api_queryContinentsAPIs_success
    ObjectUtils.equal_str("Json 內容比對失敗", r_item, e_item)
  File "C:\CSAPP-main\CSAPP-main\utils\object_utils.py", line 4, in equal_str
    assert str(exp_value) == str(act_value), f"[{key}], expected: {exp_value}, but actual: {act_value}"
           ^^^^^^^^^^^^^^^^^^^^^^^^^^^^^^^^
AssertionError: [Json 內容比對失敗], expected: {'con_name': '非洲', 'index': 3, 'con_code': '30'}, but actual: {'con_name': '非洲', 'index': 4, 'con_code': '30'}
09:14:27 [    INFO] END (test_api_QueryContinents.py:50)
09:14:27 [    INFO] Request method: get (api_utils.py:14)
09:14:27 [    INFO] Request URL: http://csappstage.catch.net.tw/cs/API/queryCountries (api_utils.py:15)
09:14:27 [    INFO] Request headers: {'User-Agent': 'python-requests/2.32.3', 'Accept-Encoding': 'gzip, deflate', 'Accept': '*/*', 'Connection': 'keep-alive'} (api_utils.py:17)
09:14:27 [    INFO] Request Json body: null (api_utils.py:20)
09:14:27 [    INFO] Response headers: {'X-Frame-Options': 'SAMEORIGIN', 'X-XSS-Protection': '1; mode=block', 'Cache-Control': 'no-cache, no-store, must-revalidate', 'Pragma': 'no-cache', 'X-Content-Type-Options': 'nosniff', 'Content-Type': 'text/html;charset=UTF-8', 'Date': 'Wed, 13 Nov 2024 01:14:27 GMT', 'Server': '', 'Content-Length': '15702', 'Age': '0', 'Connection': 'keep-alive', 'Via': '1.1 TWM-WCG-SVR3'} (api_utils.py:23)
09:14:27 [    INFO] Response code: 200 (api_utils.py:24)
09:14:27 [    INFO] Response: {
    "cs_app": {
        "con_list": [
            {
                "con_code": "50",
                "con_id": "1170237392667",
                "con_name": "澳洲",
                "index": 1
            },
            {
                "con_code": "50",
                "con_id": "1170237392732",
                "con_name": "關島",
                "index": 2
            },
            {
                "con_code": "50",
                "con_id": "1170237392804",
                "con_name": "紐西蘭",
                "index": 3
            },
            {
                "con_code": "50",
                "con_id": "20210331007",
                "con_name": "馬爾地夫",
                "index": 4
            },
            {
                "con_code": "50",
                "con_id": "20210331001",
                "con_name": "索羅門群島",
                "index": 5
            },
            {
                "con_code": "50",
                "con_id": "20210331015",
                "con_name": "薩摩亞",
                "index": 6
            },
            {
                "con_code": "50",
                "con_id": "20210331017",
                "con_name": "多哥",
                "index": 7
            },
            {
                "con_code": "50",
                "con_id": "20210331011",
                "con_name": "巴布亞紐幾內亞",
                "index": 8
            },
            {
                "con_code": "50",
                "con_id": "20210331008",
                "con_name": "東加",
                "index": 9
            },
            {
                "con_code": "50",
                "con_id": "20210329059",
                "con_name": "法屬新喀里多尼亞",
                "index": 10
            },
            {
                "con_code": "50",
                "con_id": "20210329058",
                "con_name": "密克羅尼西亞",
                "index": 11
            },
            {
                "con_code": "50",
                "con_id": "20210329056",
                "con_name": "法屬玻里尼西亞",
                "index": 12
            },
            {
                "con_code": "50",
                "con_id": "20210329055",
                "con_name": "斐濟",
                "index": 13
            },
            {
                "con_code": "50",
                "con_id": "20210329054",
                "con_name": "庫克群島",
                "index": 14
            },
            {
                "con_code": "50",
                "con_id": "20210329001",
                "con_name": "吉里巴斯共和國",
                "index": 15
            },
            {
                "con_code": "50",
                "con_id": "20210329062",
                "con_name": "萬那度",
                "index": 16
            },
            {
                "con_code": "50",
                "con_id": "1170237392826",
                "con_name": "帛琉",
                "index": 17
            },
            {
                "con_code": "40",
                "con_id": "1170237392719",
                "con_name": "法國",
                "index": 1
            },
            {
                "con_code": "40",
                "con_id": "1170237392868",
                "con_name": "英國",
                "index": 2
            },
            {
                "con_code": "40",
                "con_id": "1170237392751",
                "con_name": "義大利",
                "index": 3
            },
            {
                "con_code": "40",
                "con_id": "1170237392852",
                "con_name": "瑞士",
                "index": 4
            },
            {
                "con_code": "40",
                "con_id": "1170237392726",
                "con_name": "德國",
                "index": 5
            },
            {
                "con_code": "40",
                "con_id": "1170237392842",
                "con_name": "西班牙",
                "index": 6
            },
            {
                "con_code": "40",
                "con_id": "1170237392802",
                "con_name": "荷蘭",
                "index": 7
            },
            {
                "con_code": "40",
                "con_id": "1170237392707",
                "con_name": "捷克",
                "index": 8
            },
            {
                "con_code": "40",
                "con_id": "1170237392808",
                "con_name": "挪威",
                "index": 9
            },
            {
                "con_code": "40",
                "con_id": "1170237392669",
                "con_name": "奧地利",
                "index": 10
            },
            {
                "con_code": "40",
                "con_id": "1170237392677",
                "con_name": "比利時",
                "index": 11
            },
            {
                "con_code": "40",
                "con_id": "1170237392703",
                "con_name": "克羅埃西亞",
                "index": 12
            },
            {
                "con_code": "40",
                "con_id": "1170237392830",
                "con_name": "俄羅斯",
                "index": 13
            },
            {
                "con_code": "40",
                "con_id": "1170237392730",
                "con_name": "希臘",
                "index": 14
            },
            {
                "con_code": "40",
                "con_id": "1170237392822",
                "con_name": "葡萄牙",
                "index": 15
            },
            {
                "con_code": "40",
                "con_id": "1170237392836",
                "con_name": "斯洛伐克",
                "index": 16
            },
            {
                "con_code": "40",
                "con_id": "1170237392820",
                "con_name": "波蘭",
                "index": 17
            },
            {
                "con_code": "40",
                "con_id": "1170237392715",
                "con_name": "愛沙尼亞",
                "index": 18
            },
            {
                "con_code": "40",
                "con_id": "1170237392709",
                "con_name": "丹麥",
                "index": 19
            },
            {
                "con_code": "40",
                "con_id": "1170237392850",
                "con_name": "瑞典",
                "index": 20
            },
            {
                "con_code": "40",
                "con_id": "1170237392780",
                "con_name": "盧森堡",
                "index": 21
            },
            {
                "con_code": "40",
                "con_id": "1170237392746",
                "con_name": "愛爾蘭",
                "index": 22
            },
            {
                "con_code": "40",
                "con_id": "1170237392738",
                "con_name": "匈牙利",
                "index": 23
            },
            {
                "con_code": "40",
                "con_id": "1225353574045",
                "con_name": "摩納哥",
                "index": 24
            },
            {
                "con_code": "40",
                "con_id": "1170237392717",
                "con_name": "芬蘭",
                "index": 25
            },
            {
                "con_code": "40",
                "con_id": "1170237392740",
                "con_name": "冰島",
                "index": 26
            },
            {
                "con_code": "40",
                "con_id": "1170237392728",
                "con_name": "直布羅陀",
                "index": 27
            },
            {
                "con_code": "40",
                "con_id": "1170237392663",
                "con_name": "阿爾巴尼亞",
                "index": 28
            },
            {
                "con_code": "40",
                "con_id": "1170237392788",
                "con_name": "馬爾他",
                "index": 29
            },
            {
                "con_code": "40",
                "con_id": "1170237392828",
                "con_name": "羅馬尼亞",
                "index": 30
            },
            {
                "con_code": "40",
                "con_id": "1170237392689",
                "con_name": "保加利亞",
                "index": 31
            },
            {
                "con_code": "40",
                "con_id": "1170237392778",
                "con_name": "立陶宛",
                "index": 32
            },
            {
                "con_code": "40",
                "con_id": "1170237392772",
                "con_name": "拉脫維亞",
                "index": 33
            },
            {
                "con_code": "40",
                "con_id": "1199070481302",
                "con_name": "白俄羅斯",
                "index": 34
            },
            {
                "con_code": "40",
                "con_id": "1170237392870",
                "con_name": "烏克蘭",
                "index": 35
            },
            {
                "con_code": "40",
                "con_id": "1170237392776",
                "con_name": "列支敦士登",
                "index": 36
            },
            {
                "con_code": "40",
                "con_id": "20210331016",
                "con_name": "柯索沃",
                "index": 37
            },
            {
                "con_code": "40",
                "con_id": "20210331005",
                "con_name": "納哥諾卡拉巴克共和國",
                "index": 38
            },
            {
                "con_code": "40",
                "con_id": "20210330016",
                "con_name": "斯洛維尼亞",
                "index": 39
            },
            {
                "con_code": "40",
                "con_id": "20210330015",
                "con_name": "摩爾多瓦",
                "index": 40
            },
            {
                "con_code": "40",
                "con_id": "20210330014",
                "con_name": "賽普勒斯",
                "index": 41
            },
            {
                "con_code": "40",
                "con_id": "20210330013",
                "con_name": "波士尼亞 & 赫塞哥維納",
                "index": 42
            },
            {
                "con_code": "40",
                "con_id": "20210329052",
                "con_name": "塞爾維亞",
                "index": 43
            },
            {
                "con_code": "40",
                "con_id": "20210329050",
                "con_name": "蒙特內哥羅",
                "index": 44
            },
            {
                "con_code": "40",
                "con_id": "20210329049",
                "con_name": "馬其頓",
                "index": 45
            },
            {
                "con_code": "40",
                "con_id": "20210329047",
                "con_name": "英屬根西島",
                "index": 46
            },
            {
                "con_code": "40",
                "con_id": "11701231241412",
                "con_name": "挪威航空",
                "index": 47
            },
            {
                "con_code": "40",
                "con_id": "20210408162314278",
                "con_name": "澤西島",
                "index": 48
            },
            {
                "con_code": "30",
                "con_id": "1170237392711",
                "con_name": "埃及",
                "index": 1
            },
            {
                "con_code": "30",
                "con_id": "1170237392799",
                "con_name": "摩洛哥",
                "index": 2
            },
            {
                "con_code": "30",
                "con_id": "1170237392840",
                "con_name": "南非",
                "index": 3
            },
            {
                "con_code": "30",
                "con_id": "1170237392762",
                "con_name": "肯亞",
                "index": 4
            },
            {
                "con_code": "30",
                "con_id": "1170237392859",
                "con_name": "突尼西亞",
                "index": 5
            },
            {
                "con_code": "30",
                "con_id": "1203591091080",
                "con_name": "奈及利亞",
                "index": 6
            },
            {
                "con_code": "30",
                "con_id": "1170237392865",
                "con_name": "烏干達",
                "index": 7
            },
            {
                "con_code": "30",
                "con_id": "1170237392885",
                "con_name": "辛巴威",
                "index": 8
            },
            {
                "con_code": "30",
                "con_id": "1170237392753",
                "con_name": "象牙海岸",
                "index": 9
            },
            {
                "con_code": "30",
                "con_id": "1223878662767",
                "con_name": "塞內加爾",
                "index": 10
            },
            {
                "con_code": "30",
                "con_id": "1269913404144",
                "con_name": "剛果",
                "index": 11
            },
            {
                "con_code": "30",
                "con_id": "1170237392721",
                "con_name": "甘比亞",
                "index": 12
            },
            {
                "con_code": "30",
                "con_id": "1170237392847",
                "con_name": "蘇丹",
                "index": 13
            },
            {
                "con_code": "30",
                "con_id": "20210331013",
                "con_name": "維德角",
                "index": 14
            },
            {
                "con_code": "30",
                "con_id": "20210331002",
                "con_name": "貝南",
                "index": 15
            },
            {
                "con_code": "30",
                "con_id": "20210408162314195",
                "con_name": "喀麥隆",
                "index": 16
            },
            {
                "con_code": "30",
                "con_id": "1244100944057",
                "con_name": "馬拉威",
                "index": 17
            },
            {
                "con_code": "30",
                "con_id": "20210426114603727",
                "con_name": "尚比亞",
                "index": 18
            },
            {
                "con_code": "30",
                "con_id": "20210329002",
                "con_name": "幾內亞比紹",
                "index": 19
            },
            {
                "con_code": "30",
                "con_id": "20210329003",
                "con_name": "波扎那",
                "index": 20
            },
            {
                "con_code": "30",
                "con_id": "20210329004",
                "con_name": "布及納法索",
                "index": 21
            },
            {
                "con_code": "30",
                "con_id": "20210329005",
                "con_name": "蒲隆地",
                "index": 22
            },
            {
                "con_code": "30",
                "con_id": "20210329006",
                "con_name": "中非共和國",
                "index": 23
            },
            {
                "con_code": "30",
                "con_id": "20210329007",
                "con_name": "查德",
                "index": 24
            },
            {
                "con_code": "30",
                "con_id": "20210329008",
                "con_name": "剛果民主共和國",
                "index": 25
            },
            {
                "con_code": "30",
                "con_id": "20210329009",
                "con_name": "赤道幾內亞",
                "index": 26
            },
            {
                "con_code": "30",
                "con_id": "20210329010",
                "con_name": "加彭",
                "index": 27
            },
            {
                "con_code": "30",
                "con_id": "20210329011",
                "con_name": "迦納",
                "index": 28
            },
            {
                "con_code": "30",
                "con_id": "20210329012",
                "con_name": "幾內亞",
                "index": 29
            },
            {
                "con_code": "30",
                "con_id": "20210329013",
                "con_name": "賴索托",
                "index": 30
            },
            {
                "con_code": "30",
                "con_id": "20210329014",
                "con_name": "賴比瑞亞",
                "index": 31
            },
            {
                "con_code": "30",
                "con_id": "20210329015",
                "con_name": "馬達加斯加",
                "index": 32
            },
            {
                "con_code": "30",
                "con_id": "20210329016",
                "con_name": "馬利",
                "index": 33
            },
            {
                "con_code": "30",
                "con_id": "20210329017",
                "con_name": "茅利塔尼亞",
                "index": 34
            },
            {
                "con_code": "30",
                "con_id": "20210329018",
                "con_name": "莫三比克",
                "index": 35
            },
            {
                "con_code": "30",
                "con_id": "20210329020",
                "con_name": "納米比亞",
                "index": 36
            },
            {
                "con_code": "30",
                "con_id": "20210329021",
                "con_name": "尼日",
                "index": 37
            },
            {
                "con_code": "30",
                "con_id": "20210329022",
                "con_name": "法屬留尼旺島",
                "index": 38
            },
            {
                "con_code": "30",
                "con_id": "20210329023",
                "con_name": "盧安達",
                "index": 39
            },
            {
                "con_code": "30",
                "con_id": "20210329024",
                "con_name": "聖多美普林西比",
                "index": 40
            },
            {
                "con_code": "30",
                "con_id": "20210329025",
                "con_name": "塞席爾",
                "index": 41
            },
            {
                "con_code": "30",
                "con_id": "20210329027",
                "con_name": "南蘇丹",
                "index": 42
            },
            {
                "con_code": "30",
                "con_id": "20210330001",
                "con_name": "阿爾及利亞",
                "index": 43
            },
            {
                "con_code": "30",
                "con_id": "20210330002",
                "con_name": "模里西斯",
                "index": 44
            },
            {
                "con_code": "30",
                "con_id": "20210330003",
                "con_name": "史瓦帝尼",
                "index": 45
            },
            {
                "con_code": "30",
                "con_id": "20210330004",
                "con_name": "坦尚尼亞",
                "index": 46
            },
            {
                "con_code": "20",
                "con_id": "1170237392875",
                "con_name": "美國",
                "index": 1
            },
            {
                "con_code": "20",
                "con_id": "1170237392697",
                "con_name": "加拿大",
                "index": 2
            },
            {
                "con_code": "20",
                "con_id": "1170237392816",
                "con_name": "秘魯",
                "index": 3
            },
            {
                "con_code": "20",
                "con_id": "1170237392792",
                "con_name": "墨西哥",
                "index": 4
            },
            {
                "con_code": "20",
                "con_id": "1170237392699",
                "con_name": "智利",
                "index": 5
            },
            {
                "con_code": "20",
                "con_id": "1170237392691",
                "con_name": "巴拿馬",
                "index": 6
            },
            {
                "con_code": "20",
                "con_id": "1170237392665",
                "con_name": "阿根廷",
                "index": 7
            },
            {
                "con_code": "20",
                "con_id": "1170237392685",
                "con_name": "巴西",
                "index": 8
            },
            {
                "con_code": "20",
                "con_id": "20110324192918833221",
                "con_name": "哥倫比亞",
                "index": 9
            },
            {
                "con_code": "20",
                "con_id": "1273545088068",
                "con_name": "瓜地馬拉",
                "index": 10
            },
            {
                "con_code": "20",
                "con_id": "1274432225155",
                "con_name": "哥斯大黎加",
                "index": 11
            },
            {
                "con_code": "20",
                "con_id": "1170237392814",
                "con_name": "巴拉圭",
                "index": 12
            },
            {
                "con_code": "20",
                "con_id": "1170237392681",
                "con_name": "貝里斯",
                "index": 13
            },
            {
                "con_code": "20",
                "con_id": "1170237392756",
                "con_name": "牙買加",
                "index": 14
            },
            {
                "con_code": "20",
                "con_id": "20210331003",
                "con_name": "玻利維亞",
                "index": 15
            },
            {
                "con_code": "20",
                "con_id": "20210331018",
                "con_name": "海地",
                "index": 16
            },
            {
                "con_code": "20",
                "con_id": "20210331009",
                "con_name": "英屬安圭拉島",
                "index": 17
            },
            {
                "con_code": "20",
                "con_id": "20210330084",
                "con_name": "聖露西亞",
                "index": 18
            },
            {
                "con_code": "20",
                "con_id": "20210408162314331",
                "con_name": "宏都拉斯",
                "index": 19
            },
            {
                "con_code": "20",
                "con_id": "20210408162314587",
                "con_name": "薩爾瓦多",
                "index": 20
            },
            {
                "con_code": "20",
                "con_id": "20210426114603659",
                "con_name": "千里達及托巴哥共和國",
                "index": 21
            },
            {
                "con_code": "20",
                "con_id": "20210330081",
                "con_name": "多米尼克",
                "index": 22
            },
            {
                "con_code": "20",
                "con_id": "20210329029",
                "con_name": "巴哈馬",
                "index": 23
            },
            {
                "con_code": "20",
                "con_id": "20210329030",
                "con_name": "巴貝多",
                "index": 24
            },
            {
                "con_code": "20",
                "con_id": "20210329031",
                "con_name": "古巴",
                "index": 25
            },
            {
                "con_code": "20",
                "con_id": "20210329032",
                "con_name": "古拉索",
                "index": 26
            },
            {
                "con_code": "20",
                "con_id": "20210329033",
                "con_name": "厄瓜多",
                "index": 27
            },
            {
                "con_code": "20",
                "con_id": "20210329034",
                "con_name": "法屬圭亞那",
                "index": 28
            },
            {
                "con_code": "20",
                "con_id": "20210329035",
                "con_name": "蓋亞那",
                "index": 29
            },
            {
                "con_code": "20",
                "con_id": "20210329036",
                "con_name": "蒙哲臘",
                "index": 30
            },
            {
                "con_code": "20",
                "con_id": "20210329037",
                "con_name": "尼加拉瓜",
                "index": 31
            },
            {
                "con_code": "20",
                "con_id": "20210329038",
                "con_name": "波多黎各",
                "index": 32
            },
            {
                "con_code": "20",
                "con_id": "20210329039",
                "con_name": "荷屬聖馬丁",
                "index": 33
            },
            {
                "con_code": "20",
                "con_id": "20210329040",
                "con_name": "蘇利南",
                "index": 34
            },
            {
                "con_code": "20",
                "con_id": "20210408162314680",
                "con_name": "英屬維京群島",
                "index": 35
            },
            {
                "con_code": "20",
                "con_id": "20210426114603260",
                "con_name": "聖克里斯多福及尼維斯",
                "index": 36
            },
            {
                "con_code": "20",
                "con_id": "20210426114603579",
                "con_name": "聖皮挨爾和密克隆群島",
                "index": 37
            },
            {
                "con_code": "20",
                "con_id": "20210330009",
                "con_name": "英屬土克凱可群島",
                "index": 38
            },
            {
                "con_code": "20",
                "con_id": "20210330005",
                "con_name": "英屬開曼群島",
                "index": 39
            },
            {
                "con_code": "20",
                "con_id": "20210330006",
                "con_name": "多明尼加",
                "index": 40
            },
            {
                "con_code": "20",
                "con_id": "20210330008",
                "con_name": "聖文森島國",
                "index": 41
            },
            {
                "con_code": "20",
                "con_id": "20210330018",
                "con_name": "格瑞那達",
                "index": 42
            },
            {
                "con_code": "20",
                "con_id": "20210330019",
                "con_name": "烏拉圭",
                "index": 43
            },
            {
                "con_code": "20",
                "con_id": "20210330082",
                "con_name": "安地卡及巴布達",
                "index": 44
            },
            {
                "con_code": "10",
                "con_id": "1170237392758",
                "con_name": "日本",
                "index": 1
            },
            {
                "con_code": "10",
                "con_id": "1170237392701",
                "con_name": "中國",
                "index": 2
            },
            {
                "con_code": "10",
                "con_id": "1170237392734",
                "con_name": "香港",
                "index": 3
            },
            {
                "con_code": "10",
                "con_id": "1170237392834",
                "con_name": "新加坡",
                "index": 4
            },
            {
                "con_code": "10",
                "con_id": "1170237392784",
                "con_name": "馬來西亞",
                "index": 5
            },
            {
                "con_code": "10",
                "con_id": "20210330011",
                "con_name": "南韓",
                "index": 6
            },
            {
                "con_code": "10",
                "con_id": "1170237392782",
                "con_name": "澳門",
                "index": 7
            },
            {
                "con_code": "10",
                "con_id": "1170237392883",
                "con_name": "越南",
                "index": 8
            },
            {
                "con_code": "10",
                "con_id": "1170237392856",
                "con_name": "泰國",
                "index": 9
            },
            {
                "con_code": "10",
                "con_id": "1170237392861",
                "con_name": "土耳其",
                "index": 10
            },
            {
                "con_code": "10",
                "con_id": "1170237392744",
                "con_name": "印尼",
                "index": 11
            },
            {
                "con_code": "10",
                "con_id": "1170237392863",
                "con_name": "阿拉伯聯合大公國",
                "index": 12
            },
            {
                "con_code": "10",
                "con_id": "1170237392818",
                "con_name": "菲律賓",
                "index": 13
            },
            {
                "con_code": "10",
                "con_id": "1170237392693",
                "con_name": "柬埔寨",
                "index": 14
            },
            {
                "con_code": "10",
                "con_id": "1170237392742",
                "con_name": "印度",
                "index": 15
            },
            {
                "con_code": "10",
                "con_id": "1170237392748",
                "con_name": "以色列",
                "index": 16
            },
            {
                "con_code": "10",
                "con_id": "1170237392844",
                "con_name": "斯里蘭卡",
                "index": 17
            },
            {
                "con_code": "10",
                "con_id": "1186567254712",
                "con_name": "尼泊爾",
                "index": 18
            },
            {
                "con_code": "10",
                "con_id": "1170237392796",
                "con_name": "蒙古",
                "index": 19
            },
            {
                "con_code": "10",
                "con_id": "1170237392770",
                "con_name": "寮國",
                "index": 20
            },
            {
                "con_code": "10",
                "con_id": "1237286915671",
                "con_name": "巴勒斯坦",
                "index": 21
            },
            {
                "con_code": "10",
                "con_id": "1277457272905",
                "con_name": "伊朗",
                "index": 22
            },
            {
                "con_code": "10",
                "con_id": "1170237392824",
                "con_name": "卡達",
                "index": 23
            },
            {
                "con_code": "10",
                "con_id": "1186567254703",
                "con_name": "不丹",
                "index": 24
            },
            {
                "con_code": "10",
                "con_id": "20210331014",
                "con_name": "沙烏地阿拉伯",
                "index": 25
            },
            {
                "con_code": "10",
                "con_id": "1170237392760",
                "con_name": "約旦",
                "index": 26
            },
            {
                "con_code": "10",
                "con_id": "1170237392687",
                "con_name": "汶萊",
                "index": 27
            },
            {
                "con_code": "10",
                "con_id": "1170237392766",
                "con_name": "科威特",
                "index": 28
            },
            {
                "con_code": "10",
                "con_id": "1170237392812",
                "con_name": "巴基斯坦",
                "index": 29
            },
            {
                "con_code": "10",
                "con_id": "1170237392810",
                "con_name": "阿曼",
                "index": 30
            },
            {
                "con_code": "10",
                "con_id": "1170237392724",
                "con_name": "喬治亞",
                "index": 31
            },
            {
                "con_code": "10",
                "con_id": "1170237392673",
                "con_name": "巴林",
                "index": 32
            },
            {
                "con_code": "10",
                "con_id": "1170237392671",
                "con_name": "亞塞拜然",
                "index": 33
            },
            {
                "con_code": "10",
                "con_id": "1170237392662",
                "con_name": "阿富汗",
                "index": 34
            },
            {
                "con_code": "10",
                "con_id": "1170237392878",
                "con_name": "烏茲別克",
                "index": 35
            },
            {
                "con_code": "10",
                "con_id": "1269398925650",
                "con_name": "伊拉克",
                "index": 36
            },
            {
                "con_code": "10",
                "con_id": "1236670010204",
                "con_name": "葉門",
                "index": 37
            },
            {
                "con_code": "10",
                "con_id": "20210331010",
                "con_name": "吉爾吉斯共和國",
                "index": 38
            },
            {
                "con_code": "10",
                "con_id": "20210331006",
                "con_name": "塔吉克",
                "index": 39
            },
            {
                "con_code": "10",
                "con_id": "20210331004",
                "con_name": "黎巴嫩",
                "index": 40
            },
            {
                "con_code": "10",
                "con_id": "20210331012",
                "con_name": "東帝汶",
                "index": 41
            },
            {
                "con_code": "10",
                "con_id": "20210329043",
                "con_name": "哈薩克共和國",
                "index": 42
            },
            {
                "con_code": "10",
                "con_id": "20210329044",
                "con_name": "緬甸",
                "index": 43
            },
            {
                "con_code": "10",
                "con_id": "20210330010",
                "con_name": "孟加拉",
                "index": 44
            },
            {
                "con_code": "10",
                "con_id": "20210330021",
                "con_name": "亞美尼亞",
                "index": 45
            },
            {
                "con_code": "10",
                "con_id": "1170237392854",
                "con_name": "敘利亞",
                "index": 46
            }
        ],
        "ret_code": "0"
    }
} (api_utils.py:28)
09:14:27 [    INFO] END (test_api_QueryCountries.py:50)
09:14:27 [    INFO] Request method: get (api_utils.py:14)
09:14:27 [    INFO] Request URL: http://csappstage.catch.net.tw/cs/API/queryCountries (api_utils.py:15)
09:14:27 [    INFO] Request headers: {'User-Agent': 'python-requests/2.32.3', 'Accept-Encoding': 'gzip, deflate', 'Accept': '*/*', 'Connection': 'keep-alive'} (api_utils.py:17)
09:14:27 [    INFO] Request Json body: null (api_utils.py:20)
09:14:28 [    INFO] Response headers: {'X-Frame-Options': 'SAMEORIGIN', 'X-XSS-Protection': '1; mode=block', 'Cache-Control': 'no-cache, no-store, must-revalidate', 'Pragma': 'no-cache', 'X-Content-Type-Options': 'nosniff', 'Content-Type': 'text/html;charset=UTF-8', 'Date': 'Wed, 13 Nov 2024 01:14:27 GMT', 'Server': '', 'Content-Length': '15702', 'Age': '1', 'Connection': 'keep-alive', 'Via': '1.1 TWM-WCG-SVR3'} (api_utils.py:23)
09:14:28 [    INFO] Response code: 200 (api_utils.py:24)
09:14:28 [    INFO] Response: {
    "cs_app": {
        "con_list": [
            {
                "con_code": "50",
                "con_id": "1170237392667",
                "con_name": "澳洲",
                "index": 1
            },
            {
                "con_code": "50",
                "con_id": "1170237392732",
                "con_name": "關島",
                "index": 2
            },
            {
                "con_code": "50",
                "con_id": "1170237392804",
                "con_name": "紐西蘭",
                "index": 3
            },
            {
                "con_code": "50",
                "con_id": "20210331007",
                "con_name": "馬爾地夫",
                "index": 4
            },
            {
                "con_code": "50",
                "con_id": "20210331001",
                "con_name": "索羅門群島",
                "index": 5
            },
            {
                "con_code": "50",
                "con_id": "20210331015",
                "con_name": "薩摩亞",
                "index": 6
            },
            {
                "con_code": "50",
                "con_id": "20210331017",
                "con_name": "多哥",
                "index": 7
            },
            {
                "con_code": "50",
                "con_id": "20210331011",
                "con_name": "巴布亞紐幾內亞",
                "index": 8
            },
            {
                "con_code": "50",
                "con_id": "20210331008",
                "con_name": "東加",
                "index": 9
            },
            {
                "con_code": "50",
                "con_id": "20210329059",
                "con_name": "法屬新喀里多尼亞",
                "index": 10
            },
            {
                "con_code": "50",
                "con_id": "20210329058",
                "con_name": "密克羅尼西亞",
                "index": 11
            },
            {
                "con_code": "50",
                "con_id": "20210329056",
                "con_name": "法屬玻里尼西亞",
                "index": 12
            },
            {
                "con_code": "50",
                "con_id": "20210329055",
                "con_name": "斐濟",
                "index": 13
            },
            {
                "con_code": "50",
                "con_id": "20210329054",
                "con_name": "庫克群島",
                "index": 14
            },
            {
                "con_code": "50",
                "con_id": "20210329001",
                "con_name": "吉里巴斯共和國",
                "index": 15
            },
            {
                "con_code": "50",
                "con_id": "20210329062",
                "con_name": "萬那度",
                "index": 16
            },
            {
                "con_code": "50",
                "con_id": "1170237392826",
                "con_name": "帛琉",
                "index": 17
            },
            {
                "con_code": "40",
                "con_id": "1170237392719",
                "con_name": "法國",
                "index": 1
            },
            {
                "con_code": "40",
                "con_id": "1170237392868",
                "con_name": "英國",
                "index": 2
            },
            {
                "con_code": "40",
                "con_id": "1170237392751",
                "con_name": "義大利",
                "index": 3
            },
            {
                "con_code": "40",
                "con_id": "1170237392852",
                "con_name": "瑞士",
                "index": 4
            },
            {
                "con_code": "40",
                "con_id": "1170237392726",
                "con_name": "德國",
                "index": 5
            },
            {
                "con_code": "40",
                "con_id": "1170237392842",
                "con_name": "西班牙",
                "index": 6
            },
            {
                "con_code": "40",
                "con_id": "1170237392802",
                "con_name": "荷蘭",
                "index": 7
            },
            {
                "con_code": "40",
                "con_id": "1170237392707",
                "con_name": "捷克",
                "index": 8
            },
            {
                "con_code": "40",
                "con_id": "1170237392808",
                "con_name": "挪威",
                "index": 9
            },
            {
                "con_code": "40",
                "con_id": "1170237392669",
                "con_name": "奧地利",
                "index": 10
            },
            {
                "con_code": "40",
                "con_id": "1170237392677",
                "con_name": "比利時",
                "index": 11
            },
            {
                "con_code": "40",
                "con_id": "1170237392703",
                "con_name": "克羅埃西亞",
                "index": 12
            },
            {
                "con_code": "40",
                "con_id": "1170237392830",
                "con_name": "俄羅斯",
                "index": 13
            },
            {
                "con_code": "40",
                "con_id": "1170237392730",
                "con_name": "希臘",
                "index": 14
            },
            {
                "con_code": "40",
                "con_id": "1170237392822",
                "con_name": "葡萄牙",
                "index": 15
            },
            {
                "con_code": "40",
                "con_id": "1170237392836",
                "con_name": "斯洛伐克",
                "index": 16
            },
            {
                "con_code": "40",
                "con_id": "1170237392820",
                "con_name": "波蘭",
                "index": 17
            },
            {
                "con_code": "40",
                "con_id": "1170237392715",
                "con_name": "愛沙尼亞",
                "index": 18
            },
            {
                "con_code": "40",
                "con_id": "1170237392709",
                "con_name": "丹麥",
                "index": 19
            },
            {
                "con_code": "40",
                "con_id": "1170237392850",
                "con_name": "瑞典",
                "index": 20
            },
            {
                "con_code": "40",
                "con_id": "1170237392780",
                "con_name": "盧森堡",
                "index": 21
            },
            {
                "con_code": "40",
                "con_id": "1170237392746",
                "con_name": "愛爾蘭",
                "index": 22
            },
            {
                "con_code": "40",
                "con_id": "1170237392738",
                "con_name": "匈牙利",
                "index": 23
            },
            {
                "con_code": "40",
                "con_id": "1225353574045",
                "con_name": "摩納哥",
                "index": 24
            },
            {
                "con_code": "40",
                "con_id": "1170237392717",
                "con_name": "芬蘭",
                "index": 25
            },
            {
                "con_code": "40",
                "con_id": "1170237392740",
                "con_name": "冰島",
                "index": 26
            },
            {
                "con_code": "40",
                "con_id": "1170237392728",
                "con_name": "直布羅陀",
                "index": 27
            },
            {
                "con_code": "40",
                "con_id": "1170237392663",
                "con_name": "阿爾巴尼亞",
                "index": 28
            },
            {
                "con_code": "40",
                "con_id": "1170237392788",
                "con_name": "馬爾他",
                "index": 29
            },
            {
                "con_code": "40",
                "con_id": "1170237392828",
                "con_name": "羅馬尼亞",
                "index": 30
            },
            {
                "con_code": "40",
                "con_id": "1170237392689",
                "con_name": "保加利亞",
                "index": 31
            },
            {
                "con_code": "40",
                "con_id": "1170237392778",
                "con_name": "立陶宛",
                "index": 32
            },
            {
                "con_code": "40",
                "con_id": "1170237392772",
                "con_name": "拉脫維亞",
                "index": 33
            },
            {
                "con_code": "40",
                "con_id": "1199070481302",
                "con_name": "白俄羅斯",
                "index": 34
            },
            {
                "con_code": "40",
                "con_id": "1170237392870",
                "con_name": "烏克蘭",
                "index": 35
            },
            {
                "con_code": "40",
                "con_id": "1170237392776",
                "con_name": "列支敦士登",
                "index": 36
            },
            {
                "con_code": "40",
                "con_id": "20210331016",
                "con_name": "柯索沃",
                "index": 37
            },
            {
                "con_code": "40",
                "con_id": "20210331005",
                "con_name": "納哥諾卡拉巴克共和國",
                "index": 38
            },
            {
                "con_code": "40",
                "con_id": "20210330016",
                "con_name": "斯洛維尼亞",
                "index": 39
            },
            {
                "con_code": "40",
                "con_id": "20210330015",
                "con_name": "摩爾多瓦",
                "index": 40
            },
            {
                "con_code": "40",
                "con_id": "20210330014",
                "con_name": "賽普勒斯",
                "index": 41
            },
            {
                "con_code": "40",
                "con_id": "20210330013",
                "con_name": "波士尼亞 & 赫塞哥維納",
                "index": 42
            },
            {
                "con_code": "40",
                "con_id": "20210329052",
                "con_name": "塞爾維亞",
                "index": 43
            },
            {
                "con_code": "40",
                "con_id": "20210329050",
                "con_name": "蒙特內哥羅",
                "index": 44
            },
            {
                "con_code": "40",
                "con_id": "20210329049",
                "con_name": "馬其頓",
                "index": 45
            },
            {
                "con_code": "40",
                "con_id": "20210329047",
                "con_name": "英屬根西島",
                "index": 46
            },
            {
                "con_code": "40",
                "con_id": "11701231241412",
                "con_name": "挪威航空",
                "index": 47
            },
            {
                "con_code": "40",
                "con_id": "20210408162314278",
                "con_name": "澤西島",
                "index": 48
            },
            {
                "con_code": "30",
                "con_id": "1170237392711",
                "con_name": "埃及",
                "index": 1
            },
            {
                "con_code": "30",
                "con_id": "1170237392799",
                "con_name": "摩洛哥",
                "index": 2
            },
            {
                "con_code": "30",
                "con_id": "1170237392840",
                "con_name": "南非",
                "index": 3
            },
            {
                "con_code": "30",
                "con_id": "1170237392762",
                "con_name": "肯亞",
                "index": 4
            },
            {
                "con_code": "30",
                "con_id": "1170237392859",
                "con_name": "突尼西亞",
                "index": 5
            },
            {
                "con_code": "30",
                "con_id": "1203591091080",
                "con_name": "奈及利亞",
                "index": 6
            },
            {
                "con_code": "30",
                "con_id": "1170237392865",
                "con_name": "烏干達",
                "index": 7
            },
            {
                "con_code": "30",
                "con_id": "1170237392885",
                "con_name": "辛巴威",
                "index": 8
            },
            {
                "con_code": "30",
                "con_id": "1170237392753",
                "con_name": "象牙海岸",
                "index": 9
            },
            {
                "con_code": "30",
                "con_id": "1223878662767",
                "con_name": "塞內加爾",
                "index": 10
            },
            {
                "con_code": "30",
                "con_id": "1269913404144",
                "con_name": "剛果",
                "index": 11
            },
            {
                "con_code": "30",
                "con_id": "1170237392721",
                "con_name": "甘比亞",
                "index": 12
            },
            {
                "con_code": "30",
                "con_id": "1170237392847",
                "con_name": "蘇丹",
                "index": 13
            },
            {
                "con_code": "30",
                "con_id": "20210331013",
                "con_name": "維德角",
                "index": 14
            },
            {
                "con_code": "30",
                "con_id": "20210331002",
                "con_name": "貝南",
                "index": 15
            },
            {
                "con_code": "30",
                "con_id": "20210408162314195",
                "con_name": "喀麥隆",
                "index": 16
            },
            {
                "con_code": "30",
                "con_id": "1244100944057",
                "con_name": "馬拉威",
                "index": 17
            },
            {
                "con_code": "30",
                "con_id": "20210426114603727",
                "con_name": "尚比亞",
                "index": 18
            },
            {
                "con_code": "30",
                "con_id": "20210329002",
                "con_name": "幾內亞比紹",
                "index": 19
            },
            {
                "con_code": "30",
                "con_id": "20210329003",
                "con_name": "波扎那",
                "index": 20
            },
            {
                "con_code": "30",
                "con_id": "20210329004",
                "con_name": "布及納法索",
                "index": 21
            },
            {
                "con_code": "30",
                "con_id": "20210329005",
                "con_name": "蒲隆地",
                "index": 22
            },
            {
                "con_code": "30",
                "con_id": "20210329006",
                "con_name": "中非共和國",
                "index": 23
            },
            {
                "con_code": "30",
                "con_id": "20210329007",
                "con_name": "查德",
                "index": 24
            },
            {
                "con_code": "30",
                "con_id": "20210329008",
                "con_name": "剛果民主共和國",
                "index": 25
            },
            {
                "con_code": "30",
                "con_id": "20210329009",
                "con_name": "赤道幾內亞",
                "index": 26
            },
            {
                "con_code": "30",
                "con_id": "20210329010",
                "con_name": "加彭",
                "index": 27
            },
            {
                "con_code": "30",
                "con_id": "20210329011",
                "con_name": "迦納",
                "index": 28
            },
            {
                "con_code": "30",
                "con_id": "20210329012",
                "con_name": "幾內亞",
                "index": 29
            },
            {
                "con_code": "30",
                "con_id": "20210329013",
                "con_name": "賴索托",
                "index": 30
            },
            {
                "con_code": "30",
                "con_id": "20210329014",
                "con_name": "賴比瑞亞",
                "index": 31
            },
            {
                "con_code": "30",
                "con_id": "20210329015",
                "con_name": "馬達加斯加",
                "index": 32
            },
            {
                "con_code": "30",
                "con_id": "20210329016",
                "con_name": "馬利",
                "index": 33
            },
            {
                "con_code": "30",
                "con_id": "20210329017",
                "con_name": "茅利塔尼亞",
                "index": 34
            },
            {
                "con_code": "30",
                "con_id": "20210329018",
                "con_name": "莫三比克",
                "index": 35
            },
            {
                "con_code": "30",
                "con_id": "20210329020",
                "con_name": "納米比亞",
                "index": 36
            },
            {
                "con_code": "30",
                "con_id": "20210329021",
                "con_name": "尼日",
                "index": 37
            },
            {
                "con_code": "30",
                "con_id": "20210329022",
                "con_name": "法屬留尼旺島",
                "index": 38
            },
            {
                "con_code": "30",
                "con_id": "20210329023",
                "con_name": "盧安達",
                "index": 39
            },
            {
                "con_code": "30",
                "con_id": "20210329024",
                "con_name": "聖多美普林西比",
                "index": 40
            },
            {
                "con_code": "30",
                "con_id": "20210329025",
                "con_name": "塞席爾",
                "index": 41
            },
            {
                "con_code": "30",
                "con_id": "20210329027",
                "con_name": "南蘇丹",
                "index": 42
            },
            {
                "con_code": "30",
                "con_id": "20210330001",
                "con_name": "阿爾及利亞",
                "index": 43
            },
            {
                "con_code": "30",
                "con_id": "20210330002",
                "con_name": "模里西斯",
                "index": 44
            },
            {
                "con_code": "30",
                "con_id": "20210330003",
                "con_name": "史瓦帝尼",
                "index": 45
            },
            {
                "con_code": "30",
                "con_id": "20210330004",
                "con_name": "坦尚尼亞",
                "index": 46
            },
            {
                "con_code": "20",
                "con_id": "1170237392875",
                "con_name": "美國",
                "index": 1
            },
            {
                "con_code": "20",
                "con_id": "1170237392697",
                "con_name": "加拿大",
                "index": 2
            },
            {
                "con_code": "20",
                "con_id": "1170237392816",
                "con_name": "秘魯",
                "index": 3
            },
            {
                "con_code": "20",
                "con_id": "1170237392792",
                "con_name": "墨西哥",
                "index": 4
            },
            {
                "con_code": "20",
                "con_id": "1170237392699",
                "con_name": "智利",
                "index": 5
            },
            {
                "con_code": "20",
                "con_id": "1170237392691",
                "con_name": "巴拿馬",
                "index": 6
            },
            {
                "con_code": "20",
                "con_id": "1170237392665",
                "con_name": "阿根廷",
                "index": 7
            },
            {
                "con_code": "20",
                "con_id": "1170237392685",
                "con_name": "巴西",
                "index": 8
            },
            {
                "con_code": "20",
                "con_id": "20110324192918833221",
                "con_name": "哥倫比亞",
                "index": 9
            },
            {
                "con_code": "20",
                "con_id": "1273545088068",
                "con_name": "瓜地馬拉",
                "index": 10
            },
            {
                "con_code": "20",
                "con_id": "1274432225155",
                "con_name": "哥斯大黎加",
                "index": 11
            },
            {
                "con_code": "20",
                "con_id": "1170237392814",
                "con_name": "巴拉圭",
                "index": 12
            },
            {
                "con_code": "20",
                "con_id": "1170237392681",
                "con_name": "貝里斯",
                "index": 13
            },
            {
                "con_code": "20",
                "con_id": "1170237392756",
                "con_name": "牙買加",
                "index": 14
            },
            {
                "con_code": "20",
                "con_id": "20210331003",
                "con_name": "玻利維亞",
                "index": 15
            },
            {
                "con_code": "20",
                "con_id": "20210331018",
                "con_name": "海地",
                "index": 16
            },
            {
                "con_code": "20",
                "con_id": "20210331009",
                "con_name": "英屬安圭拉島",
                "index": 17
            },
            {
                "con_code": "20",
                "con_id": "20210330084",
                "con_name": "聖露西亞",
                "index": 18
            },
            {
                "con_code": "20",
                "con_id": "20210408162314331",
                "con_name": "宏都拉斯",
                "index": 19
            },
            {
                "con_code": "20",
                "con_id": "20210408162314587",
                "con_name": "薩爾瓦多",
                "index": 20
            },
            {
                "con_code": "20",
                "con_id": "20210426114603659",
                "con_name": "千里達及托巴哥共和國",
                "index": 21
            },
            {
                "con_code": "20",
                "con_id": "20210330081",
                "con_name": "多米尼克",
                "index": 22
            },
            {
                "con_code": "20",
                "con_id": "20210329029",
                "con_name": "巴哈馬",
                "index": 23
            },
            {
                "con_code": "20",
                "con_id": "20210329030",
                "con_name": "巴貝多",
                "index": 24
            },
            {
                "con_code": "20",
                "con_id": "20210329031",
                "con_name": "古巴",
                "index": 25
            },
            {
                "con_code": "20",
                "con_id": "20210329032",
                "con_name": "古拉索",
                "index": 26
            },
            {
                "con_code": "20",
                "con_id": "20210329033",
                "con_name": "厄瓜多",
                "index": 27
            },
            {
                "con_code": "20",
                "con_id": "20210329034",
                "con_name": "法屬圭亞那",
                "index": 28
            },
            {
                "con_code": "20",
                "con_id": "20210329035",
                "con_name": "蓋亞那",
                "index": 29
            },
            {
                "con_code": "20",
                "con_id": "20210329036",
                "con_name": "蒙哲臘",
                "index": 30
            },
            {
                "con_code": "20",
                "con_id": "20210329037",
                "con_name": "尼加拉瓜",
                "index": 31
            },
            {
                "con_code": "20",
                "con_id": "20210329038",
                "con_name": "波多黎各",
                "index": 32
            },
            {
                "con_code": "20",
                "con_id": "20210329039",
                "con_name": "荷屬聖馬丁",
                "index": 33
            },
            {
                "con_code": "20",
                "con_id": "20210329040",
                "con_name": "蘇利南",
                "index": 34
            },
            {
                "con_code": "20",
                "con_id": "20210408162314680",
                "con_name": "英屬維京群島",
                "index": 35
            },
            {
                "con_code": "20",
                "con_id": "20210426114603260",
                "con_name": "聖克里斯多福及尼維斯",
                "index": 36
            },
            {
                "con_code": "20",
                "con_id": "20210426114603579",
                "con_name": "聖皮挨爾和密克隆群島",
                "index": 37
            },
            {
                "con_code": "20",
                "con_id": "20210330009",
                "con_name": "英屬土克凱可群島",
                "index": 38
            },
            {
                "con_code": "20",
                "con_id": "20210330005",
                "con_name": "英屬開曼群島",
                "index": 39
            },
            {
                "con_code": "20",
                "con_id": "20210330006",
                "con_name": "多明尼加",
                "index": 40
            },
            {
                "con_code": "20",
                "con_id": "20210330008",
                "con_name": "聖文森島國",
                "index": 41
            },
            {
                "con_code": "20",
                "con_id": "20210330018",
                "con_name": "格瑞那達",
                "index": 42
            },
            {
                "con_code": "20",
                "con_id": "20210330019",
                "con_name": "烏拉圭",
                "index": 43
            },
            {
                "con_code": "20",
                "con_id": "20210330082",
                "con_name": "安地卡及巴布達",
                "index": 44
            },
            {
                "con_code": "10",
                "con_id": "1170237392758",
                "con_name": "日本",
                "index": 1
            },
            {
                "con_code": "10",
                "con_id": "1170237392701",
                "con_name": "中國",
                "index": 2
            },
            {
                "con_code": "10",
                "con_id": "1170237392734",
                "con_name": "香港",
                "index": 3
            },
            {
                "con_code": "10",
                "con_id": "1170237392834",
                "con_name": "新加坡",
                "index": 4
            },
            {
                "con_code": "10",
                "con_id": "1170237392784",
                "con_name": "馬來西亞",
                "index": 5
            },
            {
                "con_code": "10",
                "con_id": "20210330011",
                "con_name": "南韓",
                "index": 6
            },
            {
                "con_code": "10",
                "con_id": "1170237392782",
                "con_name": "澳門",
                "index": 7
            },
            {
                "con_code": "10",
                "con_id": "1170237392883",
                "con_name": "越南",
                "index": 8
            },
            {
                "con_code": "10",
                "con_id": "1170237392856",
                "con_name": "泰國",
                "index": 9
            },
            {
                "con_code": "10",
                "con_id": "1170237392861",
                "con_name": "土耳其",
                "index": 10
            },
            {
                "con_code": "10",
                "con_id": "1170237392744",
                "con_name": "印尼",
                "index": 11
            },
            {
                "con_code": "10",
                "con_id": "1170237392863",
                "con_name": "阿拉伯聯合大公國",
                "index": 12
            },
            {
                "con_code": "10",
                "con_id": "1170237392818",
                "con_name": "菲律賓",
                "index": 13
            },
            {
                "con_code": "10",
                "con_id": "1170237392693",
                "con_name": "柬埔寨",
                "index": 14
            },
            {
                "con_code": "10",
                "con_id": "1170237392742",
                "con_name": "印度",
                "index": 15
            },
            {
                "con_code": "10",
                "con_id": "1170237392748",
                "con_name": "以色列",
                "index": 16
            },
            {
                "con_code": "10",
                "con_id": "1170237392844",
                "con_name": "斯里蘭卡",
                "index": 17
            },
            {
                "con_code": "10",
                "con_id": "1186567254712",
                "con_name": "尼泊爾",
                "index": 18
            },
            {
                "con_code": "10",
                "con_id": "1170237392796",
                "con_name": "蒙古",
                "index": 19
            },
            {
                "con_code": "10",
                "con_id": "1170237392770",
                "con_name": "寮國",
                "index": 20
            },
            {
                "con_code": "10",
                "con_id": "1237286915671",
                "con_name": "巴勒斯坦",
                "index": 21
            },
            {
                "con_code": "10",
                "con_id": "1277457272905",
                "con_name": "伊朗",
                "index": 22
            },
            {
                "con_code": "10",
                "con_id": "1170237392824",
                "con_name": "卡達",
                "index": 23
            },
            {
                "con_code": "10",
                "con_id": "1186567254703",
                "con_name": "不丹",
                "index": 24
            },
            {
                "con_code": "10",
                "con_id": "20210331014",
                "con_name": "沙烏地阿拉伯",
                "index": 25
            },
            {
                "con_code": "10",
                "con_id": "1170237392760",
                "con_name": "約旦",
                "index": 26
            },
            {
                "con_code": "10",
                "con_id": "1170237392687",
                "con_name": "汶萊",
                "index": 27
            },
            {
                "con_code": "10",
                "con_id": "1170237392766",
                "con_name": "科威特",
                "index": 28
            },
            {
                "con_code": "10",
                "con_id": "1170237392812",
                "con_name": "巴基斯坦",
                "index": 29
            },
            {
                "con_code": "10",
                "con_id": "1170237392810",
                "con_name": "阿曼",
                "index": 30
            },
            {
                "con_code": "10",
                "con_id": "1170237392724",
                "con_name": "喬治亞",
                "index": 31
            },
            {
                "con_code": "10",
                "con_id": "1170237392673",
                "con_name": "巴林",
                "index": 32
            },
            {
                "con_code": "10",
                "con_id": "1170237392671",
                "con_name": "亞塞拜然",
                "index": 33
            },
            {
                "con_code": "10",
                "con_id": "1170237392662",
                "con_name": "阿富汗",
                "index": 34
            },
            {
                "con_code": "10",
                "con_id": "1170237392878",
                "con_name": "烏茲別克",
                "index": 35
            },
            {
                "con_code": "10",
                "con_id": "1269398925650",
                "con_name": "伊拉克",
                "index": 36
            },
            {
                "con_code": "10",
                "con_id": "1236670010204",
                "con_name": "葉門",
                "index": 37
            },
            {
                "con_code": "10",
                "con_id": "20210331010",
                "con_name": "吉爾吉斯共和國",
                "index": 38
            },
            {
                "con_code": "10",
                "con_id": "20210331006",
                "con_name": "塔吉克",
                "index": 39
            },
            {
                "con_code": "10",
                "con_id": "20210331004",
                "con_name": "黎巴嫩",
                "index": 40
            },
            {
                "con_code": "10",
                "con_id": "20210331012",
                "con_name": "東帝汶",
                "index": 41
            },
            {
                "con_code": "10",
                "con_id": "20210329043",
                "con_name": "哈薩克共和國",
                "index": 42
            },
            {
                "con_code": "10",
                "con_id": "20210329044",
                "con_name": "緬甸",
                "index": 43
            },
            {
                "con_code": "10",
                "con_id": "20210330010",
                "con_name": "孟加拉",
                "index": 44
            },
            {
                "con_code": "10",
                "con_id": "20210330021",
                "con_name": "亞美尼亞",
                "index": 45
            },
            {
                "con_code": "10",
                "con_id": "1170237392854",
                "con_name": "敘利亞",
                "index": 46
            }
        ],
        "ret_code": "0"
    }
} (api_utils.py:28)
09:14:28 [    INFO] END (test_api_QueryCountries.py:50)
09:14:28 [    INFO] Request method: get (api_utils.py:14)
09:14:28 [    INFO] Request URL: http://csappstage.catch.net.tw/cs/API/queryCountries (api_utils.py:15)
09:14:28 [    INFO] Request headers: {'User-Agent': 'python-requests/2.32.3', 'Accept-Encoding': 'gzip, deflate', 'Accept': '*/*', 'Connection': 'keep-alive'} (api_utils.py:17)
09:14:28 [    INFO] Request Json body: null (api_utils.py:20)
09:14:28 [    INFO] Response headers: {'X-Frame-Options': 'SAMEORIGIN', 'X-XSS-Protection': '1; mode=block', 'Cache-Control': 'no-cache, no-store, must-revalidate', 'Pragma': 'no-cache', 'X-Content-Type-Options': 'nosniff', 'Content-Type': 'text/html;charset=UTF-8', 'Date': 'Wed, 13 Nov 2024 01:14:27 GMT', 'Server': '', 'Content-Length': '1368', 'Age': '1', 'Connection': 'keep-alive', 'Via': '1.1 TWM-WCG-SVR3'} (api_utils.py:23)
09:14:28 [    INFO] Response code: 200 (api_utils.py:24)
09:14:28 [    INFO] Response: {
    "cs_app": {
        "con_list": [
            {
                "con_code": "50",
                "con_id": "1170237392667",
                "con_name": "澳洲",
                "index": 1
            },
            {
                "con_code": "50",
                "con_id": "1170237392732",
                "con_name": "關島",
                "index": 2
            },
            {
                "con_code": "50",
                "con_id": "1170237392804",
                "con_name": "紐西蘭",
                "index": 3
            },
            {
                "con_code": "50",
                "con_id": "20210331007",
                "con_name": "馬爾地夫",
                "index": 4
            },
            {
                "con_code": "50",
                "con_id": "20210331001",
                "con_name": "索羅門群島",
                "index": 5
            },
            {
                "con_code": "50",
                "con_id": "20210331015",
                "con_name": "薩摩亞",
                "index": 6
            },
            {
                "con_code": "50",
                "con_id": "20210331017",
                "con_name": "多哥",
                "index": 7
            },
            {
                "con_code": "50",
                "con_id": "20210331011",
                "con_name": "巴布亞紐幾內亞",
                "index": 8
            },
            {
                "con_code": "50",
                "con_id": "20210331008",
                "con_name": "東加",
                "index": 9
            },
            {
                "con_code": "50",
                "con_id": "20210329059",
                "con_name": "法屬新喀里多尼亞",
                "index": 10
            },
            {
                "con_code": "50",
                "con_id": "20210329058",
                "con_name": "密克羅尼西亞",
                "index": 11
            },
            {
                "con_code": "50",
                "con_id": "20210329056",
                "con_name": "法屬玻里尼西亞",
                "index": 12
            },
            {
                "con_code": "50",
                "con_id": "20210329055",
                "con_name": "斐濟",
                "index": 13
            },
            {
                "con_code": "50",
                "con_id": "20210329054",
                "con_name": "庫克群島",
                "index": 14
            },
            {
                "con_code": "50",
                "con_id": "20210329001",
                "con_name": "吉里巴斯共和國",
                "index": 15
            },
            {
                "con_code": "50",
                "con_id": "20210329062",
                "con_name": "萬那度",
                "index": 16
            },
            {
                "con_code": "50",
                "con_id": "1170237392826",
                "con_name": "帛琉",
                "index": 17
            }
        ],
        "ret_code": "0"
    }
} (api_utils.py:28)
09:14:28 [    INFO] END (test_api_QueryCountries.py:50)
09:14:28 [    INFO] Request method: get (api_utils.py:14)
09:14:28 [    INFO] Request URL: http://csappstage.catch.net.tw/cs/API/queryCountries (api_utils.py:15)
09:14:28 [    INFO] Request headers: {'User-Agent': 'python-requests/2.32.3', 'Accept-Encoding': 'gzip, deflate', 'Accept': '*/*', 'Connection': 'keep-alive'} (api_utils.py:17)
09:14:28 [    INFO] Request Json body: null (api_utils.py:20)
09:14:28 [    INFO] Response headers: {'X-Frame-Options': 'SAMEORIGIN', 'X-XSS-Protection': '1; mode=block', 'Cache-Control': 'no-cache, no-store, must-revalidate', 'Pragma': 'no-cache', 'X-Content-Type-Options': 'nosniff', 'Content-Type': 'text/html;charset=UTF-8', 'Date': 'Wed, 13 Nov 2024 01:14:27 GMT', 'Server': '', 'Content-Length': '3784', 'Age': '1', 'Connection': 'keep-alive', 'Via': '1.1 TWM-WCG-SVR3'} (api_utils.py:23)
09:14:28 [    INFO] Response code: 200 (api_utils.py:24)
09:14:28 [    INFO] Response: {
    "cs_app": {
        "con_list": [
            {
                "con_code": "40",
                "con_id": "1170237392719",
                "con_name": "法國",
                "index": 1
            },
            {
                "con_code": "40",
                "con_id": "1170237392868",
                "con_name": "英國",
                "index": 2
            },
            {
                "con_code": "40",
                "con_id": "1170237392751",
                "con_name": "義大利",
                "index": 3
            },
            {
                "con_code": "40",
                "con_id": "1170237392852",
                "con_name": "瑞士",
                "index": 4
            },
            {
                "con_code": "40",
                "con_id": "1170237392726",
                "con_name": "德國",
                "index": 5
            },
            {
                "con_code": "40",
                "con_id": "1170237392842",
                "con_name": "西班牙",
                "index": 6
            },
            {
                "con_code": "40",
                "con_id": "1170237392802",
                "con_name": "荷蘭",
                "index": 7
            },
            {
                "con_code": "40",
                "con_id": "1170237392707",
                "con_name": "捷克",
                "index": 8
            },
            {
                "con_code": "40",
                "con_id": "1170237392808",
                "con_name": "挪威",
                "index": 9
            },
            {
                "con_code": "40",
                "con_id": "1170237392669",
                "con_name": "奧地利",
                "index": 10
            },
            {
                "con_code": "40",
                "con_id": "1170237392677",
                "con_name": "比利時",
                "index": 11
            },
            {
                "con_code": "40",
                "con_id": "1170237392703",
                "con_name": "克羅埃西亞",
                "index": 12
            },
            {
                "con_code": "40",
                "con_id": "1170237392830",
                "con_name": "俄羅斯",
                "index": 13
            },
            {
                "con_code": "40",
                "con_id": "1170237392730",
                "con_name": "希臘",
                "index": 14
            },
            {
                "con_code": "40",
                "con_id": "1170237392822",
                "con_name": "葡萄牙",
                "index": 15
            },
            {
                "con_code": "40",
                "con_id": "1170237392836",
                "con_name": "斯洛伐克",
                "index": 16
            },
            {
                "con_code": "40",
                "con_id": "1170237392820",
                "con_name": "波蘭",
                "index": 17
            },
            {
                "con_code": "40",
                "con_id": "1170237392715",
                "con_name": "愛沙尼亞",
                "index": 18
            },
            {
                "con_code": "40",
                "con_id": "1170237392709",
                "con_name": "丹麥",
                "index": 19
            },
            {
                "con_code": "40",
                "con_id": "1170237392850",
                "con_name": "瑞典",
                "index": 20
            },
            {
                "con_code": "40",
                "con_id": "1170237392780",
                "con_name": "盧森堡",
                "index": 21
            },
            {
                "con_code": "40",
                "con_id": "1170237392746",
                "con_name": "愛爾蘭",
                "index": 22
            },
            {
                "con_code": "40",
                "con_id": "1170237392738",
                "con_name": "匈牙利",
                "index": 23
            },
            {
                "con_code": "40",
                "con_id": "1225353574045",
                "con_name": "摩納哥",
                "index": 24
            },
            {
                "con_code": "40",
                "con_id": "1170237392717",
                "con_name": "芬蘭",
                "index": 25
            },
            {
                "con_code": "40",
                "con_id": "1170237392740",
                "con_name": "冰島",
                "index": 26
            },
            {
                "con_code": "40",
                "con_id": "1170237392728",
                "con_name": "直布羅陀",
                "index": 27
            },
            {
                "con_code": "40",
                "con_id": "1170237392663",
                "con_name": "阿爾巴尼亞",
                "index": 28
            },
            {
                "con_code": "40",
                "con_id": "1170237392788",
                "con_name": "馬爾他",
                "index": 29
            },
            {
                "con_code": "40",
                "con_id": "1170237392828",
                "con_name": "羅馬尼亞",
                "index": 30
            },
            {
                "con_code": "40",
                "con_id": "1170237392689",
                "con_name": "保加利亞",
                "index": 31
            },
            {
                "con_code": "40",
                "con_id": "1170237392778",
                "con_name": "立陶宛",
                "index": 32
            },
            {
                "con_code": "40",
                "con_id": "1170237392772",
                "con_name": "拉脫維亞",
                "index": 33
            },
            {
                "con_code": "40",
                "con_id": "1199070481302",
                "con_name": "白俄羅斯",
                "index": 34
            },
            {
                "con_code": "40",
                "con_id": "1170237392870",
                "con_name": "烏克蘭",
                "index": 35
            },
            {
                "con_code": "40",
                "con_id": "1170237392776",
                "con_name": "列支敦士登",
                "index": 36
            },
            {
                "con_code": "40",
                "con_id": "20210331016",
                "con_name": "柯索沃",
                "index": 37
            },
            {
                "con_code": "40",
                "con_id": "20210331005",
                "con_name": "納哥諾卡拉巴克共和國",
                "index": 38
            },
            {
                "con_code": "40",
                "con_id": "20210330016",
                "con_name": "斯洛維尼亞",
                "index": 39
            },
            {
                "con_code": "40",
                "con_id": "20210330015",
                "con_name": "摩爾多瓦",
                "index": 40
            },
            {
                "con_code": "40",
                "con_id": "20210330014",
                "con_name": "賽普勒斯",
                "index": 41
            },
            {
                "con_code": "40",
                "con_id": "20210330013",
                "con_name": "波士尼亞 & 赫塞哥維納",
                "index": 42
            },
            {
                "con_code": "40",
                "con_id": "20210329052",
                "con_name": "塞爾維亞",
                "index": 43
            },
            {
                "con_code": "40",
                "con_id": "20210329050",
                "con_name": "蒙特內哥羅",
                "index": 44
            },
            {
                "con_code": "40",
                "con_id": "20210329049",
                "con_name": "馬其頓",
                "index": 45
            },
            {
                "con_code": "40",
                "con_id": "20210329047",
                "con_name": "英屬根西島",
                "index": 46
            },
            {
                "con_code": "40",
                "con_id": "11701231241412",
                "con_name": "挪威航空",
                "index": 47
            },
            {
                "con_code": "40",
                "con_id": "20210408162314278",
                "con_name": "澤西島",
                "index": 48
            }
        ],
        "ret_code": "0"
    }
} (api_utils.py:28)
09:14:28 [   ERROR] An error occurred: [Json 內容比對失敗], expected: {'con_name': '法國', 'con_id': '1170237392719', 'index': 1, 'con_code': '40'}, but actual: {'con_name': '澳洲', 'con_id': '1170237392667', 'index': 1, 'con_code': '50'} (test_api_QueryCountries.py:46)
Traceback (most recent call last):
  File "C:\CSAPP-main\CSAPP-main\test_APIs\test_api_QueryCountries.py", line 42, in test_api_queryCountriesAPIs_success
    ObjectUtils.equal_str("Json 內容比對失敗", r_item, e_item)
  File "C:\CSAPP-main\CSAPP-main\utils\object_utils.py", line 4, in equal_str
    assert str(exp_value) == str(act_value), f"[{key}], expected: {exp_value}, but actual: {act_value}"
           ^^^^^^^^^^^^^^^^^^^^^^^^^^^^^^^^
AssertionError: [Json 內容比對失敗], expected: {'con_name': '法國', 'con_id': '1170237392719', 'index': 1, 'con_code': '40'}, but actual: {'con_name': '澳洲', 'con_id': '1170237392667', 'index': 1, 'con_code': '50'}
09:14:28 [    INFO] END (test_api_QueryCountries.py:50)
09:14:28 [    INFO] Request method: get (api_utils.py:14)
09:14:28 [    INFO] Request URL: http://csappstage.catch.net.tw/cs/API/queryFeeChangeLog (api_utils.py:15)
09:14:28 [    INFO] Request headers: {'User-Agent': 'python-requests/2.32.3', 'Accept-Encoding': 'gzip, deflate', 'Accept': '*/*', 'Connection': 'keep-alive'} (api_utils.py:17)
09:14:28 [    INFO] Request Json body: null (api_utils.py:20)
09:14:28 [    INFO] Response headers: {'X-Frame-Options': 'SAMEORIGIN', 'X-XSS-Protection': '1; mode=block', 'Cache-Control': 'no-cache, no-store, must-revalidate', 'Pragma': 'no-cache', 'X-Content-Type-Options': 'nosniff', 'Content-Type': 'text/html;charset=UTF-8', 'Date': 'Wed, 13 Nov 2024 01:14:28 GMT', 'Server': '', 'Content-Length': '63', 'Age': '0', 'Connection': 'keep-alive', 'Via': '1.1 TWM-WCG-SVR3'} (api_utils.py:23)
09:14:28 [    INFO] Response code: 200 (api_utils.py:24)
09:14:28 [    INFO] Response: {
    "cs_app": {
        "ret_code": "0",
        "subscrid": "14796488",
        "uid": "82800"
    }
} (api_utils.py:28)
09:14:28 [    INFO] END (test_api_QueryFeeChangeLog.py:46)
09:14:28 [    INFO] Request method: get (api_utils.py:14)
09:14:28 [    INFO] Request URL: http://csappstage.catch.net.tw/cs/API/queryFeeChangeLog (api_utils.py:15)
09:14:28 [    INFO] Request headers: {'User-Agent': 'python-requests/2.32.3', 'Accept-Encoding': 'gzip, deflate', 'Accept': '*/*', 'Connection': 'keep-alive'} (api_utils.py:17)
09:14:28 [    INFO] Request Json body: null (api_utils.py:20)
09:14:28 [    INFO] Response headers: {'X-Frame-Options': 'SAMEORIGIN', 'X-XSS-Protection': '1; mode=block', 'Cache-Control': 'no-cache, no-store, must-revalidate', 'Pragma': 'no-cache', 'X-Content-Type-Options': 'nosniff', 'Content-Type': 'text/html;charset=UTF-8', 'Date': 'Wed, 13 Nov 2024 01:14:28 GMT', 'Server': '', 'Content-Length': '63', 'Age': '0', 'Connection': 'keep-alive', 'Via': '1.1 TWM-WCG-SVR3'} (api_utils.py:23)
09:14:28 [    INFO] Response code: 200 (api_utils.py:24)
09:14:28 [    INFO] Response: {
    "cs_app": {
        "ret_code": "0",
        "subscrid": "14796488",
        "uid": "82800"
    }
} (api_utils.py:28)
09:14:28 [    INFO] END (test_api_QueryFeeChangeLog.py:46)
09:14:28 [    INFO] Request method: get (api_utils.py:14)
09:14:28 [    INFO] Request URL: http://csappstage.catch.net.tw/cs/API/queryFeeChangeLog (api_utils.py:15)
09:14:28 [    INFO] Request headers: {'User-Agent': 'python-requests/2.32.3', 'Accept-Encoding': 'gzip, deflate', 'Accept': '*/*', 'Connection': 'keep-alive'} (api_utils.py:17)
09:14:28 [    INFO] Request Json body: null (api_utils.py:20)
09:14:29 [    INFO] Response headers: {'X-Frame-Options': 'SAMEORIGIN', 'X-XSS-Protection': '1; mode=block', 'Cache-Control': 'no-cache, no-store, must-revalidate', 'Pragma': 'no-cache', 'X-Content-Type-Options': 'nosniff', 'Content-Type': 'text/html;charset=UTF-8', 'Date': 'Wed, 13 Nov 2024 01:14:28 GMT', 'Server': '', 'Content-Length': '63', 'Age': '2', 'Connection': 'keep-alive', 'Via': '1.1 TWM-WCG-SVR3'} (api_utils.py:23)
09:14:29 [    INFO] Response code: 200 (api_utils.py:24)
09:14:29 [    INFO] Response: {
    "cs_app": {
        "ret_code": "0",
        "subscrid": "14796488",
        "uid": "82800"
    }
} (api_utils.py:28)
09:14:29 [    INFO] END (test_api_QueryFeeChangeLog.py:46)
09:14:29 [    INFO] Request method: get (api_utils.py:14)
09:14:29 [    INFO] Request URL: http://csappstage.catch.net.tw/cs/API/queryFeeChangeLog (api_utils.py:15)
09:14:29 [    INFO] Request headers: {'User-Agent': 'python-requests/2.32.3', 'Accept-Encoding': 'gzip, deflate', 'Accept': '*/*', 'Connection': 'keep-alive'} (api_utils.py:17)
09:14:29 [    INFO] Request Json body: null (api_utils.py:20)
09:14:29 [    INFO] Response headers: {'X-Frame-Options': 'SAMEORIGIN', 'X-XSS-Protection': '1; mode=block', 'Cache-Control': 'no-cache, no-store, must-revalidate', 'Pragma': 'no-cache', 'X-Content-Type-Options': 'nosniff', 'Content-Type': 'text/html;charset=UTF-8', 'Date': 'Wed, 13 Nov 2024 01:14:28 GMT', 'Server': '', 'Content-Length': '63', 'Age': '1', 'Connection': 'keep-alive', 'Via': '1.1 TWM-WCG-SVR3'} (api_utils.py:23)
09:14:29 [    INFO] Response code: 200 (api_utils.py:24)
09:14:29 [    INFO] Response: {
    "cs_app": {
        "ret_code": "0",
        "subscrid": "14796488",
        "uid": "82800"
    }
} (api_utils.py:28)
09:14:29 [   ERROR] An error occurred: [Json 內容比對失敗], expected: {'cs_app': {'uid': '8280012', 'subscrid': '14796488', 'ret_code': '0'}}, but actual: {'cs_app': {'uid': '82800', 'subscrid': '14796488', 'ret_code': '0'}} (test_api_QueryFeeChangeLog.py:42)
Traceback (most recent call last):
  File "C:\CSAPP-main\CSAPP-main\test_APIs\test_api_QueryFeeChangeLog.py", line 38, in test_api_queryFeeChangeLogAPIs_success
    ObjectUtils.equal_str("Json 內容比對失敗", excel_data, response_data)
  File "C:\CSAPP-main\CSAPP-main\utils\object_utils.py", line 4, in equal_str
    assert str(exp_value) == str(act_value), f"[{key}], expected: {exp_value}, but actual: {act_value}"
           ^^^^^^^^^^^^^^^^^^^^^^^^^^^^^^^^
AssertionError: [Json 內容比對失敗], expected: {'cs_app': {'uid': '8280012', 'subscrid': '14796488', 'ret_code': '0'}}, but actual: {'cs_app': {'uid': '82800', 'subscrid': '14796488', 'ret_code': '0'}}
09:14:29 [    INFO] END (test_api_QueryFeeChangeLog.py:46)
09:14:29 [    INFO] Request method: get (api_utils.py:14)
09:14:29 [    INFO] Request URL: http://csappstage.catch.net.tw/cs/API/queryFeeChangeLog (api_utils.py:15)
09:14:29 [    INFO] Request headers: {'User-Agent': 'python-requests/2.32.3', 'Accept-Encoding': 'gzip, deflate', 'Accept': '*/*', 'Connection': 'keep-alive'} (api_utils.py:17)
09:14:29 [    INFO] Request Json body: null (api_utils.py:20)
09:14:29 [    INFO] Response headers: {'X-Frame-Options': 'SAMEORIGIN', 'X-XSS-Protection': '1; mode=block', 'Cache-Control': 'no-cache, no-store, must-revalidate', 'Pragma': 'no-cache', 'X-Content-Type-Options': 'nosniff', 'Content-Type': 'text/html;charset=UTF-8', 'Date': 'Wed, 13 Nov 2024 01:14:28 GMT', 'Server': '', 'Content-Length': '63', 'Age': '1', 'Connection': 'keep-alive', 'Via': '1.1 TWM-WCG-SVR3'} (api_utils.py:23)
09:14:29 [    INFO] Response code: 200 (api_utils.py:24)
09:14:29 [    INFO] Response: {
    "cs_app": {
        "ret_code": "0",
        "subscrid": "14796488",
        "uid": "82800"
    }
} (api_utils.py:28)
09:14:29 [   ERROR] An error occurred: [Json 內容比對失敗], expected: {'cs_app': {'uid': '45687900', 'subscrid': '14796488', 'ret_code': '0'}}, but actual: {'cs_app': {'uid': '82800', 'subscrid': '14796488', 'ret_code': '0'}} (test_api_QueryFeeChangeLog.py:42)
Traceback (most recent call last):
  File "C:\CSAPP-main\CSAPP-main\test_APIs\test_api_QueryFeeChangeLog.py", line 38, in test_api_queryFeeChangeLogAPIs_success
    ObjectUtils.equal_str("Json 內容比對失敗", excel_data, response_data)
  File "C:\CSAPP-main\CSAPP-main\utils\object_utils.py", line 4, in equal_str
    assert str(exp_value) == str(act_value), f"[{key}], expected: {exp_value}, but actual: {act_value}"
           ^^^^^^^^^^^^^^^^^^^^^^^^^^^^^^^^
AssertionError: [Json 內容比對失敗], expected: {'cs_app': {'uid': '45687900', 'subscrid': '14796488', 'ret_code': '0'}}, but actual: {'cs_app': {'uid': '82800', 'subscrid': '14796488', 'ret_code': '0'}}
09:14:29 [    INFO] END (test_api_QueryFeeChangeLog.py:46)
09:14:29 [    INFO] Request method: get (api_utils.py:14)
09:14:29 [    INFO] Request URL: http://csappstage.catch.net.tw/cs/API/queryFeeChangeLog (api_utils.py:15)
09:14:29 [    INFO] Request headers: {'User-Agent': 'python-requests/2.32.3', 'Accept-Encoding': 'gzip, deflate', 'Accept': '*/*', 'Connection': 'keep-alive'} (api_utils.py:17)
09:14:29 [    INFO] Request Json body: null (api_utils.py:20)
09:14:29 [    INFO] Response headers: {'X-Frame-Options': 'SAMEORIGIN', 'X-XSS-Protection': '1; mode=block', 'Cache-Control': 'no-cache, no-store, must-revalidate', 'Pragma': 'no-cache', 'X-Content-Type-Options': 'nosniff', 'Content-Type': 'text/html;charset=UTF-8', 'Date': 'Wed, 13 Nov 2024 01:14:28 GMT', 'Server': '', 'Content-Length': '63', 'Age': '1', 'Connection': 'keep-alive', 'Via': '1.1 TWM-WCG-SVR3'} (api_utils.py:23)
09:14:29 [    INFO] Response code: 200 (api_utils.py:24)
09:14:29 [    INFO] Response: {
    "cs_app": {
        "ret_code": "0",
        "subscrid": "14796488",
        "uid": "82800"
    }
} (api_utils.py:28)
09:14:29 [   ERROR] An error occurred: [Json 內容比對失敗], expected: {'cs_app': {'uid': '82800', 'subscrid': '123596488', 'ret_code': '0'}}, but actual: {'cs_app': {'uid': '82800', 'subscrid': '14796488', 'ret_code': '0'}} (test_api_QueryFeeChangeLog.py:42)
Traceback (most recent call last):
  File "C:\CSAPP-main\CSAPP-main\test_APIs\test_api_QueryFeeChangeLog.py", line 38, in test_api_queryFeeChangeLogAPIs_success
    ObjectUtils.equal_str("Json 內容比對失敗", excel_data, response_data)
  File "C:\CSAPP-main\CSAPP-main\utils\object_utils.py", line 4, in equal_str
    assert str(exp_value) == str(act_value), f"[{key}], expected: {exp_value}, but actual: {act_value}"
           ^^^^^^^^^^^^^^^^^^^^^^^^^^^^^^^^
AssertionError: [Json 內容比對失敗], expected: {'cs_app': {'uid': '82800', 'subscrid': '123596488', 'ret_code': '0'}}, but actual: {'cs_app': {'uid': '82800', 'subscrid': '14796488', 'ret_code': '0'}}
09:14:29 [    INFO] END (test_api_QueryFeeChangeLog.py:46)
